Archive member included to satisfy reference by file (symbol)

Algorithm/AHRS.lib(ahrs.o)    build/IMU_updata.o (AHRS_init)
D:/MSYS2/mingw64/bin/../lib/gcc/arm-none-eabi/13.3.0/../../../../arm-none-eabi/lib/thumb/v7e-m+dp/hard\libc_nano.a(libc_a-atexit.o)
                              D:/MSYS2/mingw64/bin/../lib/gcc/arm-none-eabi/13.3.0/../../../../arm-none-eabi/lib/thumb/v7e-m+dp/hard/crt0.o (atexit)
D:/MSYS2/mingw64/bin/../lib/gcc/arm-none-eabi/13.3.0/../../../../arm-none-eabi/lib/thumb/v7e-m+dp/hard\libc_nano.a(libc_a-exit.o)
                              D:/MSYS2/mingw64/bin/../lib/gcc/arm-none-eabi/13.3.0/../../../../arm-none-eabi/lib/thumb/v7e-m+dp/hard/crt0.o (exit)
D:/MSYS2/mingw64/bin/../lib/gcc/arm-none-eabi/13.3.0/../../../../arm-none-eabi/lib/thumb/v7e-m+dp/hard\libc_nano.a(libc_a-malloc.o)
                              build/fifo.o (malloc)
D:/MSYS2/mingw64/bin/../lib/gcc/arm-none-eabi/13.3.0/../../../../arm-none-eabi/lib/thumb/v7e-m+dp/hard\libc_nano.a(libc_a-mallocr.o)
                              D:/MSYS2/mingw64/bin/../lib/gcc/arm-none-eabi/13.3.0/../../../../arm-none-eabi/lib/thumb/v7e-m+dp/hard\libc_nano.a(libc_a-malloc.o) (_malloc_r)
D:/MSYS2/mingw64/bin/../lib/gcc/arm-none-eabi/13.3.0/../../../../arm-none-eabi/lib/thumb/v7e-m+dp/hard\libc_nano.a(libc_a-mlock.o)
                              D:/MSYS2/mingw64/bin/../lib/gcc/arm-none-eabi/13.3.0/../../../../arm-none-eabi/lib/thumb/v7e-m+dp/hard\libc_nano.a(libc_a-mallocr.o) (__malloc_lock)
D:/MSYS2/mingw64/bin/../lib/gcc/arm-none-eabi/13.3.0/../../../../arm-none-eabi/lib/thumb/v7e-m+dp/hard\libc_nano.a(libc_a-findfp.o)
                              D:/MSYS2/mingw64/bin/../lib/gcc/arm-none-eabi/13.3.0/../../../../arm-none-eabi/lib/thumb/v7e-m+dp/hard\libc_nano.a(libc_a-exit.o) (__stdio_exit_handler)
D:/MSYS2/mingw64/bin/../lib/gcc/arm-none-eabi/13.3.0/../../../../arm-none-eabi/lib/thumb/v7e-m+dp/hard\libc_nano.a(libc_a-fwalk.o)
                              D:/MSYS2/mingw64/bin/../lib/gcc/arm-none-eabi/13.3.0/../../../../arm-none-eabi/lib/thumb/v7e-m+dp/hard\libc_nano.a(libc_a-findfp.o) (_fwalk_sglue)
D:/MSYS2/mingw64/bin/../lib/gcc/arm-none-eabi/13.3.0/../../../../arm-none-eabi/lib/thumb/v7e-m+dp/hard\libc_nano.a(libc_a-printf.o)
                              build/ui_interface.o (printf)
D:/MSYS2/mingw64/bin/../lib/gcc/arm-none-eabi/13.3.0/../../../../arm-none-eabi/lib/thumb/v7e-m+dp/hard\libc_nano.a(libc_a-puts.o)
                              build/freertos.o (puts)
D:/MSYS2/mingw64/bin/../lib/gcc/arm-none-eabi/13.3.0/../../../../arm-none-eabi/lib/thumb/v7e-m+dp/hard\libc_nano.a(libc_a-stdio.o)
                              D:/MSYS2/mingw64/bin/../lib/gcc/arm-none-eabi/13.3.0/../../../../arm-none-eabi/lib/thumb/v7e-m+dp/hard\libc_nano.a(libc_a-findfp.o) (__sread)
D:/MSYS2/mingw64/bin/../lib/gcc/arm-none-eabi/13.3.0/../../../../arm-none-eabi/lib/thumb/v7e-m+dp/hard\libc_nano.a(libc_a-wbuf.o)
                              D:/MSYS2/mingw64/bin/../lib/gcc/arm-none-eabi/13.3.0/../../../../arm-none-eabi/lib/thumb/v7e-m+dp/hard\libc_nano.a(libc_a-puts.o) (__swbuf_r)
D:/MSYS2/mingw64/bin/../lib/gcc/arm-none-eabi/13.3.0/../../../../arm-none-eabi/lib/thumb/v7e-m+dp/hard\libc_nano.a(libc_a-wsetup.o)
                              D:/MSYS2/mingw64/bin/../lib/gcc/arm-none-eabi/13.3.0/../../../../arm-none-eabi/lib/thumb/v7e-m+dp/hard\libc_nano.a(libc_a-puts.o) (__swsetup_r)
D:/MSYS2/mingw64/bin/../lib/gcc/arm-none-eabi/13.3.0/../../../../arm-none-eabi/lib/thumb/v7e-m+dp/hard\libc_nano.a(libc_a-memset.o)
                              D:/MSYS2/mingw64/bin/../lib/gcc/arm-none-eabi/13.3.0/../../../../arm-none-eabi/lib/thumb/v7e-m+dp/hard/crt0.o (memset)
D:/MSYS2/mingw64/bin/../lib/gcc/arm-none-eabi/13.3.0/../../../../arm-none-eabi/lib/thumb/v7e-m+dp/hard\libc_nano.a(libc_a-closer.o)
                              D:/MSYS2/mingw64/bin/../lib/gcc/arm-none-eabi/13.3.0/../../../../arm-none-eabi/lib/thumb/v7e-m+dp/hard\libc_nano.a(libc_a-stdio.o) (_close_r)
D:/MSYS2/mingw64/bin/../lib/gcc/arm-none-eabi/13.3.0/../../../../arm-none-eabi/lib/thumb/v7e-m+dp/hard\libc_nano.a(libc_a-reent.o)
                              D:/MSYS2/mingw64/bin/../lib/gcc/arm-none-eabi/13.3.0/../../../../arm-none-eabi/lib/thumb/v7e-m+dp/hard\libc_nano.a(libc_a-closer.o) (errno)
D:/MSYS2/mingw64/bin/../lib/gcc/arm-none-eabi/13.3.0/../../../../arm-none-eabi/lib/thumb/v7e-m+dp/hard\libc_nano.a(libc_a-impure.o)
                              D:/MSYS2/mingw64/bin/../lib/gcc/arm-none-eabi/13.3.0/../../../../arm-none-eabi/lib/thumb/v7e-m+dp/hard\libc_nano.a(libc_a-malloc.o) (_impure_ptr)
D:/MSYS2/mingw64/bin/../lib/gcc/arm-none-eabi/13.3.0/../../../../arm-none-eabi/lib/thumb/v7e-m+dp/hard\libc_nano.a(libc_a-lseekr.o)
                              D:/MSYS2/mingw64/bin/../lib/gcc/arm-none-eabi/13.3.0/../../../../arm-none-eabi/lib/thumb/v7e-m+dp/hard\libc_nano.a(libc_a-stdio.o) (_lseek_r)
[...]
Memory Configuration

Name             Origin             Length             Attributes
RAM              0x24000000         0x00020000         xrw
RAM_D2           0x30000000         0x00008000         xrw
RAM_D3           0x38000000         0x00004000         xrw
ITCMRAM          0x00000000         0x00010000         xrw
FLASH            0x08000000         0x00100000         xr
DTCMRAM          0x20000000         0x00020000         xrw
*default*        0x00000000         0xffffffff

Linker script and memory map

LOAD D:/MSYS2/mingw64/bin/../lib/gcc/arm-none-eabi/13.3.0/thumb/v7e-m+dp/hard/crti.o
LOAD D:/MSYS2/mingw64/bin/../lib/gcc/arm-none-eabi/13.3.0/thumb/v7e-m+dp/hard/crtbegin.o
LOAD D:/MSYS2/mingw64/bin/../lib/gcc/arm-none-eabi/13.3.0/../../../../arm-none-eabi/lib/thumb/v7e-m+dp/hard/crt0.o
LOAD build/main.o
LOAD build/iwdg.o
LOAD build/stm32h7xx_it.o
LOAD build/stm32h7xx_hal_msp.o
LOAD build/stm32h7xx_hal_timebase_tim.o
LOAD build/usb_device.o
LOAD build/usbd_desc.o
LOAD build/usbd_cdc_if.o
LOAD build/usbd_conf.o
LOAD build/stm32h7xx_hal_pcd.o
LOAD build/stm32h7xx_hal_pcd_ex.o
LOAD build/stm32h7xx_ll_usb.o
LOAD build/stm32h7xx_hal_rcc.o
LOAD build/stm32h7xx_hal_rcc_ex.o
LOAD build/stm32h7xx_hal_flash.o
LOAD build/stm32h7xx_hal_flash_ex.o
LOAD build/stm32h7xx_hal_gpio.o
LOAD build/stm32h7xx_hal_hsem.o
LOAD build/stm32h7xx_hal_dma.o
LOAD build/stm32h7xx_hal_dma_ex.o
LOAD build/stm32h7xx_hal_mdma.o
LOAD build/stm32h7xx_hal_pwr.o
LOAD build/stm32h7xx_hal_pwr_ex.o
LOAD build/stm32h7xx_hal_cortex.o
LOAD build/stm32h7xx_hal.o
LOAD build/stm32h7xx_hal_i2c.o
LOAD build/stm32h7xx_hal_i2c_ex.o
LOAD build/stm32h7xx_hal_exti.o
LOAD build/stm32h7xx_hal_fdcan.o
LOAD build/stm32h7xx_hal_ospi.o
LOAD build/stm32h7xx_hal_spi.o
LOAD build/stm32h7xx_hal_spi_ex.o
LOAD build/stm32h7xx_hal_tim.o
LOAD build/stm32h7xx_hal_tim_ex.o
LOAD build/stm32h7xx_hal_uart.o
LOAD build/stm32h7xx_hal_uart_ex.o
LOAD build/stm32h7xx_hal_iwdg.o
LOAD build/system_stm32h7xx.o
LOAD build/usbd_core.o
LOAD build/usbd_ctlreq.o
LOAD build/usbd_ioreq.o
LOAD build/usbd_cdc.o
LOAD build/freertos.o
LOAD build/croutine.o
LOAD build/event_groups.o
LOAD build/list.o
LOAD build/queue.o
LOAD build/stream_buffer.o
LOAD build/tasks.o
LOAD build/timers.o
LOAD build/cmsis_os2.o
LOAD build/heap_4.o
LOAD build/port.o
LOAD build/sysmem.o
LOAD build/syscalls.o
LOAD build/gpio.o
LOAD build/dma.o
LOAD build/fdcan.o
LOAD build/memorymap.o
LOAD build/octospi.o
LOAD build/spi.o
LOAD build/tim.o
LOAD build/usart.o
LOAD build/BMI088driver.o
LOAD build/BMI088Middleware.o
LOAD build/ws2812.o
LOAD build/w25q64.o
LOAD build/ui_interface.o
LOAD build/ui_Omni_Chassis_high_0.o
LOAD build/ui_Omni_Shoot_Low_0.o
LOAD build/ui_Omni_Shoot_static_0.o
LOAD build/AHRS_middleware.o
LOAD build/CRC8_CRC16.o
LOAD build/fifo.o
LOAD build/Kalman_Filter_c.o
LOAD build/madgwick.o
LOAD build/MahonyAHRS.o
LOAD build/pid.o
LOAD build/ramp_generator.o
LOAD build/UART_data_txrx.o
LOAD build/CAN_receive_send.o
LOAD build/Stm32_time.o
LOAD build/motor.o
LOAD build/supercup.o
LOAD build/IMU_updata.o
LOAD build/DT7.o
LOAD build/LED.o
LOAD build/referee_system.o
LOAD build/buzzer.o
LOAD build/remote_control.o
LOAD build/Chassis.o
LOAD build/Gimbal.o
LOAD build/Global_status.o
LOAD build/USB_VirCom.o
LOAD build/Auto_control.o
LOAD build/Power_switch.o
LOAD build/Shoot.o
LOAD build/ui.o
LOAD build/music.o
LOAD build/WFLY_ET16_remote_control.o
LOAD build/startup_stm32h723xx.o
LOAD Algorithm/AHRS.lib
LOAD D:/MSYS2/mingw64/bin/../lib/gcc/arm-none-eabi/13.3.0/../../../../arm-none-eabi/lib/thumb/v7e-m+dp/hard\libc_nano.a
LOAD D:/MSYS2/mingw64/bin/../lib/gcc/arm-none-eabi/13.3.0/../../../../arm-none-eabi/lib/thumb/v7e-m+dp/hard\libm.a
LOAD D:/MSYS2/mingw64/bin/../lib/gcc/arm-none-eabi/13.3.0/../../../../arm-none-eabi/lib/thumb/v7e-m+dp/hard\libnosys.a
START GROUP
LOAD D:/MSYS2/mingw64/bin/../lib/gcc/arm-none-eabi/13.3.0/thumb/v7e-m+dp/hard\libgcc.a
LOAD D:/MSYS2/mingw64/bin/../lib/gcc/arm-none-eabi/13.3.0/../../../../arm-none-eabi/lib/thumb/v7e-m+dp/hard\libc_nano.a
END GROUP
START GROUP
LOAD D:/MSYS2/mingw64/bin/../lib/gcc/arm-none-eabi/13.3.0/thumb/v7e-m+dp/hard\libgcc.a
LOAD D:/MSYS2/mingw64/bin/../lib/gcc/arm-none-eabi/13.3.0/../../../../arm-none-eabi/lib/thumb/v7e-m+dp/hard\libc_nano.a
END GROUP
LOAD D:/MSYS2/mingw64/bin/../lib/gcc/arm-none-eabi/13.3.0/thumb/v7e-m+dp/hard/crtend.o
LOAD D:/MSYS2/mingw64/bin/../lib/gcc/arm-none-eabi/13.3.0/thumb/v7e-m+dp/hard/crtn.o
                0x24020000                        _estack = (ORIGIN (RAM) + LENGTH (RAM))
                0x00000200                        _Min_Heap_Size = 0x200
                0x00000400                        _Min_Stack_Size = 0x400

.isr_vector     0x08000000      0x2cc
                0x08000000                        . = ALIGN (0x4)
 *(.isr_vector)
 .isr_vector    0x08000000      0x2cc build/startup_stm32h723xx.o
                0x08000000                g_pfnVectors
                0x080002cc                        . = ALIGN (0x4)

.text           0x080002d0    0x20538
                0x080002d0                        . = ALIGN (0x4)
 *(.text)
 .text          0x080002d0      0x148 D:/MSYS2/mingw64/bin/../lib/gcc/arm-none-eabi/13.3.0/../../../../arm-none-eabi/lib/thumb/v7e-m+dp/hard\libc_nano.a(libc_a-mallocr.o)
                0x08000318                _malloc_r
 .text          0x08000418       0x18 D:/MSYS2/mingw64/bin/../lib/gcc/arm-none-eabi/13.3.0/../../../../arm-none-eabi/lib/thumb/v7e-m+dp/hard\libc_nano.a(libc_a-mlock.o)
                0x08000418                __malloc_lock
                0x08000424                __malloc_unlock
 .text          0x08000430      0x2dc D:/MSYS2/mingw64/bin/../lib/gcc/arm-none-eabi/13.3.0/../../../../arm-none-eabi/lib/thumb/v7e-m+dp/hard\libc_nano.a(libc_a-findfp.o)
                0x080005ac                __sfp
                0x0800066c                __sinit
                0x080006ac                __sfp_lock_acquire
                0x080006b8                __sfp_lock_release
                0x080006c4                __fp_lock_all
                0x080006e8                __fp_unlock_all
 .text          0x0800070c       0x44 D:/MSYS2/mingw64/bin/../lib/gcc/arm-none-eabi/13.3.0/../../../../arm-none-eabi/lib/thumb/v7e-m+dp/hard\libc_nano.a(libc_a-fwalk.o)
                0x0800070c                _fwalk_sglue
 .text          0x08000750       0xd0 D:/MSYS2/mingw64/bin/../lib/gcc/arm-none-eabi/13.3.0/../../../../arm-none-eabi/lib/thumb/v7e-m+dp/hard\libc_nano.a(libc_a-puts.o)
                0x08000750                _puts_r
                0x08000810                puts
 .text          0x08000820       0x94 D:/MSYS2/mingw64/bin/../lib/gcc/arm-none-eabi/13.3.0/../../../../arm-none-eabi/lib/thumb/v7e-m+dp/hard\libc_nano.a(libc_a-stdio.o)
                0x08000820                __sread
                0x08000844                __seofread
                0x08000848                __swrite
                0x08000888                __sseek
                0x080008ac                __sclose
 .text          0x080008b4       0xa0 D:/MSYS2/mingw64/bin/../lib/gcc/arm-none-eabi/13.3.0/../../../../arm-none-eabi/lib/thumb/v7e-m+dp/hard\libc_nano.a(libc_a-wbuf.o)
                0x080008b4                __swbuf_r
                0x0800093c                __swbuf
 .text          0x08000954       0xc4 D:/MSYS2/mingw64/bin/../lib/gcc/arm-none-eabi/13.3.0/../../../../arm-none-eabi/lib/thumb/v7e-m+dp/hard\libc_nano.a(libc_a-wsetup.o)
                0x08000954                __swsetup_r
 .text          0x08000a18       0xa4 D:/MSYS2/mingw64/bin/../lib/gcc/arm-none-eabi/13.3.0/../../../../arm-none-eabi/lib/thumb/v7e-m+dp/hard\libc_nano.a(libc_a-memset.o)
                0x08000a18                memset
 .text          0x08000abc       0x24 D:/MSYS2/mingw64/bin/../lib/gcc/arm-none-eabi/13.3.0/../../../../arm-none-eabi/lib/thumb/v7e-m+dp/hard\libc_nano.a(libc_a-closer.o)
                0x08000abc                _close_r
 .text          0x08000ae0       0x2c D:/MSYS2/mingw64/bin/../lib/gcc/arm-none-eabi/13.3.0/../../../../arm-none-eabi/lib/thumb/v7e-m+dp/hard\libc_nano.a(libc_a-lseekr.o)
                0x08000ae0                _lseek_r
 .text          0x08000b0c       0x2c D:/MSYS2/mingw64/bin/../lib/gcc/arm-none-eabi/13.3.0/../../../../arm-none-eabi/lib/thumb/v7e-m+dp/hard\libc_nano.a(libc_a-readr.o)
                0x08000b0c                _read_r
 .text          0x08000b38       0x24 D:/MSYS2/mingw64/bin/../lib/gcc/arm-none-eabi/13.3.0/../../../../arm-none-eabi/lib/thumb/v7e-m+dp/hard\libc_nano.a(libc_a-sbrkr.o)
                0x08000b38                _sbrk_r
 .text          0x08000b5c       0x2c D:/MSYS2/mingw64/bin/../lib/gcc/arm-none-eabi/13.3.0/../../../../arm-none-eabi/lib/thumb/v7e-m+dp/hard\libc_nano.a(libc_a-writer.o)
                0x08000b5c                _write_r
 .text          0x08000b88        0xc D:/MSYS2/mingw64/bin/../lib/gcc/arm-none-eabi/13.3.0/../../../../arm-none-eabi/lib/thumb/v7e-m+dp/hard\libc_nano.a(libc_a-errno.o)
                0x08000b88                __errno
 .text          0x08000b94       0x50 D:/MSYS2/mingw64/bin/../lib/gcc/arm-none-eabi/13.3.0/../../../../arm-none-eabi/lib/thumb/v7e-m+dp/hard\libc_nano.a(libc_a-init.o)
                0x08000b94                __libc_init_array
 .text          0x08000be4       0x28 D:/MSYS2/mingw64/bin/../lib/gcc/arm-none-eabi/13.3.0/../../../../arm-none-eabi/lib/thumb/v7e-m+dp/hard\libc_nano.a(libc_a-lock.o)
                0x08000be4                __retarget_lock_init
                0x08000be8                __retarget_lock_init_recursive
                0x08000bec                __retarget_lock_close
                0x08000bf0                __retarget_lock_close_recursive
                0x08000bf4                __retarget_lock_acquire
                0x08000bf8                __retarget_lock_acquire_recursive
                0x08000bfc                __retarget_lock_try_acquire
                0x08000c00                __retarget_lock_try_acquire_recursive
                0x08000c04                __retarget_lock_release
                0x08000c08                __retarget_lock_release_recursive
 .text          0x08000c0c        0x8 D:/MSYS2/mingw64/bin/../lib/gcc/arm-none-eabi/13.3.0/../../../../arm-none-eabi/lib/thumb/v7e-m+dp/hard\libc_nano.a(libc_a-aeabi_memclr.o)
                0x08000c0c                __aeabi_memclr
                0x08000c0c                __aeabi_memclr4
                0x08000c0c                __aeabi_memclr8
 .text          0x08000c14      0x134 D:/MSYS2/mingw64/bin/../lib/gcc/arm-none-eabi/13.3.0/../../../../arm-none-eabi/lib/thumb/v7e-m+dp/hard\libc_nano.a(libc_a-memcpy.o)
                0x08000c14                memcpy
 .text          0x08000d48       0xbc D:/MSYS2/mingw64/bin/../lib/gcc/arm-none-eabi/13.3.0/../../../../arm-none-eabi/lib/thumb/v7e-m+dp/hard\libc_nano.a(libc_a-freer.o)
                0x08000d48                _free_r
 .text          0x08000e04      0x1a4 D:/MSYS2/mingw64/bin/../lib/gcc/arm-none-eabi/13.3.0/../../../../arm-none-eabi/lib/thumb/v7e-m+dp/hard\libc_nano.a(libc_a-fflush.o)
                0x08000e04                __sflush_r
                0x08000f28                _fflush_r
                0x08000f80                fflush
 .text          0x08000fa8      0x114 D:/MSYS2/mingw64/bin/../lib/gcc/arm-none-eabi/13.3.0/../../../../arm-none-eabi/lib/thumb/v7e-m+dp/hard\libc_nano.a(libc_a-makebuf.o)
                0x08000fa8                __smakebuf_r
                0x0800106c                __swhatbuf_r
 .text          0x080010bc       0x2c D:/MSYS2/mingw64/bin/../lib/gcc/arm-none-eabi/13.3.0/../../../../arm-none-eabi/lib/thumb/v7e-m+dp/hard\libc_nano.a(libc_a-fstatr.o)
                0x080010bc                _fstat_r
 .text          0x080010e8       0x24 D:/MSYS2/mingw64/bin/../lib/gcc/arm-none-eabi/13.3.0/../../../../arm-none-eabi/lib/thumb/v7e-m+dp/hard\libc_nano.a(libc_a-isattyr.o)
                0x080010e8                _isatty_r
 .text          0x0800110c       0x9a D:/MSYS2/mingw64/bin/../lib/gcc/arm-none-eabi/13.3.0/../../../../arm-none-eabi/lib/thumb/v7e-m+dp/hard\libc_nano.a(libc_a-aeabi_memset-soft.o)
                0x0800110c                __aeabi_memset8
                0x0800110c                __aeabi_memset4
                0x0800110c                __aeabi_memset
 *fill*         0x080011a6        0x2 
 .text          0x080011a8       0x80 D:/MSYS2/mingw64/bin/../lib/gcc/arm-none-eabi/13.3.0/../../../../arm-none-eabi/lib/thumb/v7e-m+dp/hard\libm.a(libm_a-s_cos.o)
                0x080011a8                cos
 .text          0x08001228       0x80 D:/MSYS2/mingw64/bin/../lib/gcc/arm-none-eabi/13.3.0/../../../../arm-none-eabi/lib/thumb/v7e-m+dp/hard\libm.a(libm_a-s_sin.o)
                0x08001228                sin
 .text          0x080012a8       0x58 D:/MSYS2/mingw64/bin/../lib/gcc/arm-none-eabi/13.3.0/../../../../arm-none-eabi/lib/thumb/v7e-m+dp/hard\libm.a(libm_a-wf_asin.o)
                0x080012a8                asinf
 .text          0x08001300        0x4 D:/MSYS2/mingw64/bin/../lib/gcc/arm-none-eabi/13.3.0/../../../../arm-none-eabi/lib/thumb/v7e-m+dp/hard\libm.a(libm_a-wf_atan2.o)
                0x08001300                atan2f
 .text          0x08001304       0x44 D:/MSYS2/mingw64/bin/../lib/gcc/arm-none-eabi/13.3.0/../../../../arm-none-eabi/lib/thumb/v7e-m+dp/hard\libm.a(libm_a-wf_sqrt.o)
                0x08001304                sqrtf
 .text          0x08001348       0x10 D:/MSYS2/mingw64/bin/../lib/gcc/arm-none-eabi/13.3.0/../../../../arm-none-eabi/lib/thumb/v7e-m+dp/hard\libm.a(libm_a-sf_fabs.o)
                0x08001348                fabsf
 .text          0x08001358        0xc D:/MSYS2/mingw64/bin/../lib/gcc/arm-none-eabi/13.3.0/../../../../arm-none-eabi/lib/thumb/v7e-m+dp/hard\libm.a(libm_a-sf_nan.o)
                0x08001358                nanf
 .text          0x08001364       0x3c D:/MSYS2/mingw64/bin/../lib/gcc/arm-none-eabi/13.3.0/../../../../arm-none-eabi/lib/thumb/v7e-m+dp/hard\libm.a(libm_a-sf_fmax.o)
                0x08001364                fmaxf
 .text          0x080013a0       0x38 D:/MSYS2/mingw64/bin/../lib/gcc/arm-none-eabi/13.3.0/../../../../arm-none-eabi/lib/thumb/v7e-m+dp/hard\libm.a(libm_a-sf_fpclassify.o)
                0x080013a0                __fpclassifyf
 .text          0x080013d8        0x8 D:/MSYS2/mingw64/bin/../lib/gcc/arm-none-eabi/13.3.0/../../../../arm-none-eabi/lib/thumb/v7e-m+dp/hard\libm.a(libm_a-ef_sqrt.o)
                0x080013d8                __ieee754_sqrtf
 .text          0x080013e0      0x130 D:/MSYS2/mingw64/bin/../lib/gcc/arm-none-eabi/13.3.0/../../../../arm-none-eabi/lib/thumb/v7e-m+dp/hard\libm.a(libm_a-k_cos.o)
                0x080013e0                __kernel_cos
 .text          0x08001510       0xb0 D:/MSYS2/mingw64/bin/../lib/gcc/arm-none-eabi/13.3.0/../../../../arm-none-eabi/lib/thumb/v7e-m+dp/hard\libm.a(libm_a-k_sin.o)
                0x08001510                __kernel_sin
 .text          0x080015c0      0x29c D:/MSYS2/mingw64/bin/../lib/gcc/arm-none-eabi/13.3.0/../../../../arm-none-eabi/lib/thumb/v7e-m+dp/hard\libm.a(libm_a-e_rem_pio2.o)
                0x080015c0                __ieee754_rem_pio2
 .text          0x0800185c       0x10 D:/MSYS2/mingw64/bin/../lib/gcc/arm-none-eabi/13.3.0/../../../../arm-none-eabi/lib/thumb/v7e-m+dp/hard\libm.a(libm_a-s_fabs.o)
                0x0800185c                fabs
 .text          0x0800186c      0x1f8 D:/MSYS2/mingw64/bin/../lib/gcc/arm-none-eabi/13.3.0/../../../../arm-none-eabi/lib/thumb/v7e-m+dp/hard\libm.a(libm_a-ef_asin.o)
                0x0800186c                __ieee754_asinf
 .text          0x08001a64      0x148 D:/MSYS2/mingw64/bin/../lib/gcc/arm-none-eabi/13.3.0/../../../../arm-none-eabi/lib/thumb/v7e-m+dp/hard\libm.a(libm_a-ef_atan2.o)
                0x08001a64                __ieee754_atan2f
 .text          0x08001bac      0x19c D:/MSYS2/mingw64/bin/../lib/gcc/arm-none-eabi/13.3.0/../../../../arm-none-eabi/lib/thumb/v7e-m+dp/hard\libm.a(libm_a-sf_atan.o)
                0x08001bac                atanf
 .text          0x08001d48      0x678 D:/MSYS2/mingw64/bin/../lib/gcc/arm-none-eabi/13.3.0/../../../../arm-none-eabi/lib/thumb/v7e-m+dp/hard\libm.a(libm_a-k_rem_pio2.o)
                0x08001d48                __kernel_rem_pio2
 .text          0x080023c0      0x104 D:/MSYS2/mingw64/bin/../lib/gcc/arm-none-eabi/13.3.0/../../../../arm-none-eabi/lib/thumb/v7e-m+dp/hard\libm.a(libm_a-s_scalbn.o)
                0x080023c0                scalbn
 *fill*         0x080024c4        0x4 
 .text          0x080024c8      0x118 D:/MSYS2/mingw64/bin/../lib/gcc/arm-none-eabi/13.3.0/../../../../arm-none-eabi/lib/thumb/v7e-m+dp/hard\libm.a(libm_a-s_floor.o)
                0x080024c8                floor
 .text          0x080025e0      0x21c D:/MSYS2/mingw64/bin/../lib/gcc/arm-none-eabi/13.3.0/thumb/v7e-m+dp/hard\libgcc.a(_arm_addsubsf3.o)
                0x080025e0                __aeabi_frsub
                0x080025e8                __subsf3
                0x080025e8                __aeabi_fsub
                0x080025ec                __aeabi_fadd
                0x080025ec                __addsf3
                0x0800274c                __aeabi_ui2f
                0x0800274c                __floatunsisf
                0x08002754                __aeabi_i2f
                0x08002754                __floatsisf
                0x08002770                __aeabi_ul2f
                0x08002770                __floatundisf
                0x08002780                __aeabi_l2f
                0x08002780                __floatdisf
 .text          0x080027fc       0x30 D:/MSYS2/mingw64/bin/../lib/gcc/arm-none-eabi/13.3.0/thumb/v7e-m+dp/hard\libgcc.a(_aeabi_uldivmod.o)
                0x080027fc                __aeabi_uldivmod
 .text          0x0800282c        0x4 D:/MSYS2/mingw64/bin/../lib/gcc/arm-none-eabi/13.3.0/thumb/v7e-m+dp/hard\libgcc.a(_dvmd_tls.o)
                0x0800282c                __aeabi_idiv0
                0x0800282c                __aeabi_ldiv0
 *(.text*)
 .text.__do_global_dtors_aux
                0x08002830       0x24 D:/MSYS2/mingw64/bin/../lib/gcc/arm-none-eabi/13.3.0/thumb/v7e-m+dp/hard/crtbegin.o
 .text.frame_dummy
                0x08002854       0x1c D:/MSYS2/mingw64/bin/../lib/gcc/arm-none-eabi/13.3.0/thumb/v7e-m+dp/hard/crtbegin.o
 .text.main     0x08002870       0x9c build/main.o
                0x08002870                main
 .text.SystemClock_Config
                0x0800290c      0x104 build/main.o
                0x0800290c                SystemClock_Config
 .text.MPU_Config
                0x08002a10       0xa0 build/main.o
 .text.HAL_TIM_PeriodElapsedCallback
                0x08002ab0       0x58 build/main.o
                0x08002ab0                HAL_TIM_PeriodElapsedCallback
 .text.Error_Handler
                0x08002b08        0xc build/main.o
                0x08002b08                Error_Handler
 .text.MX_IWDG1_Init
                0x08002b14       0x3c build/iwdg.o
                0x08002b14                MX_IWDG1_Init
 .text.NMI_Handler
                0x08002b50        0x8 build/stm32h7xx_it.o
                0x08002b50                NMI_Handler
 .text.HardFault_Handler
                0x08002b58        0x8 build/stm32h7xx_it.o
                0x08002b58                HardFault_Handler
 .text.MemManage_Handler
                0x08002b60        0x8 build/stm32h7xx_it.o
                0x08002b60                MemManage_Handler
 .text.BusFault_Handler
                0x08002b68        0x8 build/stm32h7xx_it.o
                0x08002b68                BusFault_Handler
 .text.UsageFault_Handler
                0x08002b70        0x8 build/stm32h7xx_it.o
                0x08002b70                UsageFault_Handler
 .text.DebugMon_Handler
                0x08002b78        0xe build/stm32h7xx_it.o
                0x08002b78                DebugMon_Handler
 *fill*         0x08002b86        0x2 
 .text.DMA1_Stream0_IRQHandler
                0x08002b88       0x14 build/stm32h7xx_it.o
                0x08002b88                DMA1_Stream0_IRQHandler
 .text.DMA1_Stream1_IRQHandler
                0x08002b9c       0x14 build/stm32h7xx_it.o
                0x08002b9c                DMA1_Stream1_IRQHandler
 .text.DMA1_Stream2_IRQHandler
                0x08002bb0       0x14 build/stm32h7xx_it.o
                0x08002bb0                DMA1_Stream2_IRQHandler
 .text.DMA1_Stream3_IRQHandler
                0x08002bc4       0x14 build/stm32h7xx_it.o
                0x08002bc4                DMA1_Stream3_IRQHandler
 .text.DMA1_Stream4_IRQHandler
                0x08002bd8       0x14 build/stm32h7xx_it.o
                0x08002bd8                DMA1_Stream4_IRQHandler
 .text.DMA1_Stream5_IRQHandler
                0x08002bec       0x14 build/stm32h7xx_it.o
                0x08002bec                DMA1_Stream5_IRQHandler
 .text.DMA1_Stream6_IRQHandler
                0x08002c00       0x14 build/stm32h7xx_it.o
                0x08002c00                DMA1_Stream6_IRQHandler
 .text.FDCAN1_IT0_IRQHandler
                0x08002c14       0x14 build/stm32h7xx_it.o
                0x08002c14                FDCAN1_IT0_IRQHandler
 .text.FDCAN2_IT0_IRQHandler
                0x08002c28       0x14 build/stm32h7xx_it.o
                0x08002c28                FDCAN2_IT0_IRQHandler
 .text.FDCAN1_IT1_IRQHandler
                0x08002c3c       0x14 build/stm32h7xx_it.o
                0x08002c3c                FDCAN1_IT1_IRQHandler
 .text.FDCAN2_IT1_IRQHandler
                0x08002c50       0x14 build/stm32h7xx_it.o
                0x08002c50                FDCAN2_IT1_IRQHandler
 .text.SPI2_IRQHandler
                0x08002c64       0x14 build/stm32h7xx_it.o
                0x08002c64                SPI2_IRQHandler
 .text.USART1_IRQHandler
                0x08002c78       0x14 build/stm32h7xx_it.o
                0x08002c78                USART1_IRQHandler
 .text.USART2_IRQHandler
                0x08002c8c       0x14 build/stm32h7xx_it.o
                0x08002c8c                USART2_IRQHandler
 .text.USART3_IRQHandler
                0x08002ca0       0x14 build/stm32h7xx_it.o
                0x08002ca0                USART3_IRQHandler
 .text.TIM8_BRK_TIM12_IRQHandler
                0x08002cb4       0x14 build/stm32h7xx_it.o
                0x08002cb4                TIM8_BRK_TIM12_IRQHandler
 .text.TIM8_UP_TIM13_IRQHandler
                0x08002cc8       0x14 build/stm32h7xx_it.o
                0x08002cc8                TIM8_UP_TIM13_IRQHandler
 .text.TIM8_TRG_COM_TIM14_IRQHandler
                0x08002cdc       0x14 build/stm32h7xx_it.o
                0x08002cdc                TIM8_TRG_COM_TIM14_IRQHandler
 .text.DMA1_Stream7_IRQHandler
                0x08002cf0       0x14 build/stm32h7xx_it.o
                0x08002cf0                DMA1_Stream7_IRQHandler
 .text.UART5_IRQHandler
                0x08002d04       0x14 build/stm32h7xx_it.o
                0x08002d04                UART5_IRQHandler
 .text.DMA2_Stream0_IRQHandler
                0x08002d18       0x14 build/stm32h7xx_it.o
                0x08002d18                DMA2_Stream0_IRQHandler
 .text.DMA2_Stream1_IRQHandler
                0x08002d2c       0x14 build/stm32h7xx_it.o
                0x08002d2c                DMA2_Stream1_IRQHandler
 .text.DMA2_Stream2_IRQHandler
                0x08002d40       0x14 build/stm32h7xx_it.o
                0x08002d40                DMA2_Stream2_IRQHandler
 .text.DMA2_Stream3_IRQHandler
                0x08002d54       0x14 build/stm32h7xx_it.o
                0x08002d54                DMA2_Stream3_IRQHandler
 .text.DMA2_Stream4_IRQHandler
                0x08002d68       0x14 build/stm32h7xx_it.o
                0x08002d68                DMA2_Stream4_IRQHandler
 .text.OTG_HS_IRQHandler
                0x08002d7c       0x14 build/stm32h7xx_it.o
                0x08002d7c                OTG_HS_IRQHandler
 .text.UART7_IRQHandler
                0x08002d90       0x14 build/stm32h7xx_it.o
                0x08002d90                UART7_IRQHandler
 .text.USART10_IRQHandler
                0x08002da4       0x14 build/stm32h7xx_it.o
                0x08002da4                USART10_IRQHandler
 .text.FDCAN3_IT0_IRQHandler
                0x08002db8       0x14 build/stm32h7xx_it.o
                0x08002db8                FDCAN3_IT0_IRQHandler
 .text.FDCAN3_IT1_IRQHandler
                0x08002dcc       0x14 build/stm32h7xx_it.o
                0x08002dcc                FDCAN3_IT1_IRQHandler
 .text.TIM23_IRQHandler
                0x08002de0       0x14 build/stm32h7xx_it.o
                0x08002de0                TIM23_IRQHandler
 .text.HAL_MspInit
                0x08002df4       0x3c build/stm32h7xx_hal_msp.o
                0x08002df4                HAL_MspInit
 .text.HAL_InitTick
                0x08002e30       0xc4 build/stm32h7xx_hal_timebase_tim.o
                0x08002e30                HAL_InitTick
 .text.MX_USB_DEVICE_Init
                0x08002ef4       0x64 build/usb_device.o
                0x08002ef4                MX_USB_DEVICE_Init
 .text.USBD_HS_DeviceDescriptor
                0x08002f58       0x24 build/usbd_desc.o
                0x08002f58                USBD_HS_DeviceDescriptor
 .text.USBD_HS_LangIDStrDescriptor
                0x08002f7c       0x24 build/usbd_desc.o
                0x08002f7c                USBD_HS_LangIDStrDescriptor
 .text.USBD_HS_ProductStrDescriptor
                0x08002fa0       0x3c build/usbd_desc.o
                0x08002fa0                USBD_HS_ProductStrDescriptor
 .text.USBD_HS_ManufacturerStrDescriptor
                0x08002fdc       0x28 build/usbd_desc.o
                0x08002fdc                USBD_HS_ManufacturerStrDescriptor
 .text.USBD_HS_SerialStrDescriptor
                0x08003004       0x24 build/usbd_desc.o
                0x08003004                USBD_HS_SerialStrDescriptor
 .text.USBD_HS_ConfigStrDescriptor
                0x08003028       0x3c build/usbd_desc.o
                0x08003028                USBD_HS_ConfigStrDescriptor
 .text.USBD_HS_InterfaceStrDescriptor
                0x08003064       0x3c build/usbd_desc.o
                0x08003064                USBD_HS_InterfaceStrDescriptor
 .text.Get_SerialNum
                0x080030a0       0x58 build/usbd_desc.o
 .text.IntToUnicode
                0x080030f8       0x7e build/usbd_desc.o
 *fill*         0x08003176        0x2 
 .text.CDC_Init_HS
                0x08003178       0x3c build/usbd_cdc_if.o
 .text.CDC_DeInit_HS
                0x080031b4       0x10 build/usbd_cdc_if.o
 .text.CDC_Control_HS
                0x080031c4       0xbc build/usbd_cdc_if.o
 .text.CDC_Receive_HS
                0x08003280       0x34 build/usbd_cdc_if.o
 .text.CDC_Transmit_HS
                0x080032b4       0x4c build/usbd_cdc_if.o
                0x080032b4                CDC_Transmit_HS
 .text.CDC_TransmitCplt_HS
                0x08003300       0x4c build/usbd_cdc_if.o
 .text.HAL_PCD_MspInit
                0x0800334c       0x8c build/usbd_conf.o
                0x0800334c                HAL_PCD_MspInit
 .text.HAL_PCD_SetupStageCallback
                0x080033d8       0x24 build/usbd_conf.o
                0x080033d8                HAL_PCD_SetupStageCallback
 .text.HAL_PCD_DataOutStageCallback
                0x080033fc       0x36 build/usbd_conf.o
                0x080033fc                HAL_PCD_DataOutStageCallback
 .text.HAL_PCD_DataInStageCallback
                0x08003432       0x34 build/usbd_conf.o
                0x08003432                HAL_PCD_DataInStageCallback
 .text.HAL_PCD_SOFCallback
                0x08003466       0x1c build/usbd_conf.o
                0x08003466                HAL_PCD_SOFCallback
 .text.HAL_PCD_ResetCallback
                0x08003482       0x50 build/usbd_conf.o
                0x08003482                HAL_PCD_ResetCallback
 *fill*         0x080034d2        0x2 
 .text.HAL_PCD_SuspendCallback
                0x080034d4       0x4c build/usbd_conf.o
                0x080034d4                HAL_PCD_SuspendCallback
 .text.HAL_PCD_ResumeCallback
                0x08003520       0x1c build/usbd_conf.o
                0x08003520                HAL_PCD_ResumeCallback
 .text.HAL_PCD_ISOOUTIncompleteCallback
                0x0800353c       0x24 build/usbd_conf.o
                0x0800353c                HAL_PCD_ISOOUTIncompleteCallback
 .text.HAL_PCD_ISOINIncompleteCallback
                0x08003560       0x24 build/usbd_conf.o
                0x08003560                HAL_PCD_ISOINIncompleteCallback
 .text.HAL_PCD_ConnectCallback
                0x08003584       0x1c build/usbd_conf.o
                0x08003584                HAL_PCD_ConnectCallback
 .text.HAL_PCD_DisconnectCallback
                0x080035a0       0x1c build/usbd_conf.o
                0x080035a0                HAL_PCD_DisconnectCallback
 .text.USBD_LL_Init
                0x080035bc       0xa4 build/usbd_conf.o
                0x080035bc                USBD_LL_Init
 .text.USBD_LL_Start
                0x08003660       0x36 build/usbd_conf.o
                0x08003660                USBD_LL_Start
 .text.USBD_LL_OpenEP
                0x08003696       0x4c build/usbd_conf.o
                0x08003696                USBD_LL_OpenEP
 .text.USBD_LL_CloseEP
                0x080036e2       0x3e build/usbd_conf.o
                0x080036e2                USBD_LL_CloseEP
 .text.USBD_LL_StallEP
                0x08003720       0x3e build/usbd_conf.o
                0x08003720                USBD_LL_StallEP
 .text.USBD_LL_ClearStallEP
                0x0800375e       0x3e build/usbd_conf.o
                0x0800375e                USBD_LL_ClearStallEP
 .text.USBD_LL_IsStallEP
                0x0800379c       0x58 build/usbd_conf.o
                0x0800379c                USBD_LL_IsStallEP
 .text.USBD_LL_SetUSBAddress
                0x080037f4       0x3e build/usbd_conf.o
                0x080037f4                USBD_LL_SetUSBAddress
 .text.USBD_LL_Transmit
                0x08003832       0x42 build/usbd_conf.o
                0x08003832                USBD_LL_Transmit
 .text.USBD_LL_PrepareReceive
                0x08003874       0x42 build/usbd_conf.o
                0x08003874                USBD_LL_PrepareReceive
 .text.USBD_LL_GetRxDataSize
                0x080038b6       0x26 build/usbd_conf.o
                0x080038b6                USBD_LL_GetRxDataSize
 .text.USBD_static_malloc
                0x080038dc       0x1c build/usbd_conf.o
                0x080038dc                USBD_static_malloc
 .text.USBD_static_free
                0x080038f8       0x14 build/usbd_conf.o
                0x080038f8                USBD_static_free
 .text.USBD_Get_USB_Status
                0x0800390c       0x58 build/usbd_conf.o
                0x0800390c                USBD_Get_USB_Status
 .text.HAL_PCD_Init
                0x08003964      0x218 build/stm32h7xx_hal_pcd.o
                0x08003964                HAL_PCD_Init
 .text.HAL_PCD_Start
                0x08003b7c       0x6a build/stm32h7xx_hal_pcd.o
                0x08003b7c                HAL_PCD_Start
 .text.HAL_PCD_IRQHandler
                0x08003be6      0x99c build/stm32h7xx_hal_pcd.o
                0x08003be6                HAL_PCD_IRQHandler
 .text.HAL_PCD_SetAddress
                0x08004582       0x48 build/stm32h7xx_hal_pcd.o
                0x08004582                HAL_PCD_SetAddress
 .text.HAL_PCD_EP_Open
                0x080045ca       0xd4 build/stm32h7xx_hal_pcd.o
                0x080045ca                HAL_PCD_EP_Open
 .text.HAL_PCD_EP_Close
                0x0800469e       0x94 build/stm32h7xx_hal_pcd.o
                0x0800469e                HAL_PCD_EP_Close
 .text.HAL_PCD_EP_Receive
                0x08004732       0x76 build/stm32h7xx_hal_pcd.o
                0x08004732                HAL_PCD_EP_Receive
 .text.HAL_PCD_EP_GetRxCount
                0x080047a8       0x30 build/stm32h7xx_hal_pcd.o
                0x080047a8                HAL_PCD_EP_GetRxCount
 .text.HAL_PCD_EP_Transmit
                0x080047d8       0x74 build/stm32h7xx_hal_pcd.o
                0x080047d8                HAL_PCD_EP_Transmit
 .text.HAL_PCD_EP_SetStall
                0x0800484c       0xc6 build/stm32h7xx_hal_pcd.o
                0x0800484c                HAL_PCD_EP_SetStall
 .text.HAL_PCD_EP_ClrStall
                0x08004912       0xac build/stm32h7xx_hal_pcd.o
                0x08004912                HAL_PCD_EP_ClrStall
 .text.HAL_PCD_EP_Abort
                0x080049be       0x62 build/stm32h7xx_hal_pcd.o
                0x080049be                HAL_PCD_EP_Abort
 .text.PCD_WriteEmptyTxFifo
                0x08004a20      0x118 build/stm32h7xx_hal_pcd.o
 .text.PCD_EP_OutXfrComplete_int
                0x08004b38      0x1d0 build/stm32h7xx_hal_pcd.o
 .text.PCD_EP_OutSetupPacket_int
                0x08004d08       0x8c build/stm32h7xx_hal_pcd.o
 .text.HAL_PCDEx_SetTxFiFo
                0x08004d94       0x8e build/stm32h7xx_hal_pcd_ex.o
                0x08004d94                HAL_PCDEx_SetTxFiFo
 .text.HAL_PCDEx_SetRxFiFo
                0x08004e22       0x22 build/stm32h7xx_hal_pcd_ex.o
                0x08004e22                HAL_PCDEx_SetRxFiFo
 .text.HAL_PCDEx_ActivateLPM
                0x08004e44       0x48 build/stm32h7xx_hal_pcd_ex.o
                0x08004e44                HAL_PCDEx_ActivateLPM
 .text.HAL_PCDEx_LPM_Callback
                0x08004e8c       0x18 build/stm32h7xx_hal_pcd_ex.o
                0x08004e8c                HAL_PCDEx_LPM_Callback
 .text.USB_CoreInit
                0x08004ea4       0xe4 build/stm32h7xx_ll_usb.o
                0x08004ea4                USB_CoreInit
 .text.USB_SetTurnaroundTime
                0x08004f88      0x144 build/stm32h7xx_ll_usb.o
                0x08004f88                USB_SetTurnaroundTime
 .text.USB_EnableGlobalInt
                0x080050cc       0x22 build/stm32h7xx_ll_usb.o
                0x080050cc                USB_EnableGlobalInt
 .text.USB_DisableGlobalInt
                0x080050ee       0x22 build/stm32h7xx_ll_usb.o
                0x080050ee                USB_DisableGlobalInt
 .text.USB_SetCurrentMode
                0x08005110       0x98 build/stm32h7xx_ll_usb.o
                0x08005110                USB_SetCurrentMode
 .text.USB_DevInit
                0x080051a8      0x2bc build/stm32h7xx_ll_usb.o
                0x080051a8                USB_DevInit
 .text.USB_FlushTxFifo
                0x08005464       0x64 build/stm32h7xx_ll_usb.o
                0x08005464                USB_FlushTxFifo
 .text.USB_FlushRxFifo
                0x080054c8       0x5c build/stm32h7xx_ll_usb.o
                0x080054c8                USB_FlushRxFifo
 .text.USB_SetDevSpeed
                0x08005524       0x32 build/stm32h7xx_ll_usb.o
                0x08005524                USB_SetDevSpeed
 .text.USB_GetDevSpeed
                0x08005556       0x4a build/stm32h7xx_ll_usb.o
                0x08005556                USB_GetDevSpeed
 .text.USB_ActivateEndpoint
                0x080055a0      0x110 build/stm32h7xx_ll_usb.o
                0x080055a0                USB_ActivateEndpoint
 .text.USB_DeactivateEndpoint
                0x080056b0      0x1b8 build/stm32h7xx_ll_usb.o
                0x080056b0                USB_DeactivateEndpoint
 .text.USB_EPStartXfer
                0x08005868      0x548 build/stm32h7xx_ll_usb.o
                0x08005868                USB_EPStartXfer
 .text.USB_EPStopXfer
                0x08005db0      0x154 build/stm32h7xx_ll_usb.o
                0x08005db0                USB_EPStopXfer
 .text.USB_WritePacket
                0x08005f04       0x7c build/stm32h7xx_ll_usb.o
                0x08005f04                USB_WritePacket
 .text.USB_ReadPacket
                0x08005f80       0xb0 build/stm32h7xx_ll_usb.o
                0x08005f80                USB_ReadPacket
 .text.USB_EPSetStall
                0x08006030       0xdc build/stm32h7xx_ll_usb.o
                0x08006030                USB_EPSetStall
 .text.USB_EPClearStall
                0x0800610c       0xcc build/stm32h7xx_ll_usb.o
                0x0800610c                USB_EPClearStall
 .text.USB_SetDevAddress
                0x080061d8       0x4c build/stm32h7xx_ll_usb.o
                0x080061d8                USB_SetDevAddress
 .text.USB_DevConnect
                0x08006224       0x42 build/stm32h7xx_ll_usb.o
                0x08006224                USB_DevConnect
 .text.USB_DevDisconnect
                0x08006266       0x42 build/stm32h7xx_ll_usb.o
                0x08006266                USB_DevDisconnect
 .text.USB_ReadInterrupts
                0x080062a8       0x26 build/stm32h7xx_ll_usb.o
                0x080062a8                USB_ReadInterrupts
 .text.USB_ReadDevAllOutEpInterrupt
                0x080062ce       0x34 build/stm32h7xx_ll_usb.o
                0x080062ce                USB_ReadDevAllOutEpInterrupt
 .text.USB_ReadDevAllInEpInterrupt
                0x08006302       0x34 build/stm32h7xx_ll_usb.o
                0x08006302                USB_ReadDevAllInEpInterrupt
 .text.USB_ReadDevOutEPInterrupt
                0x08006336       0x3c build/stm32h7xx_ll_usb.o
                0x08006336                USB_ReadDevOutEPInterrupt
 .text.USB_ReadDevInEPInterrupt
                0x08006372       0x5c build/stm32h7xx_ll_usb.o
                0x08006372                USB_ReadDevInEPInterrupt
 .text.USB_GetMode
                0x080063ce       0x1c build/stm32h7xx_ll_usb.o
                0x080063ce                USB_GetMode
 *fill*         0x080063ea        0x2 
 .text.USB_ActivateSetup
                0x080063ec       0x48 build/stm32h7xx_ll_usb.o
                0x080063ec                USB_ActivateSetup
 .text.USB_EP0_OutStart
                0x08006434       0xbc build/stm32h7xx_ll_usb.o
                0x08006434                USB_EP0_OutStart
 .text.USB_CoreReset
                0x080064f0       0x62 build/stm32h7xx_ll_usb.o
 *fill*         0x08006552        0x2 
 .text.HAL_RCC_OscConfig
                0x08006554      0x7b4 build/stm32h7xx_hal_rcc.o
                0x08006554                HAL_RCC_OscConfig
 .text.HAL_RCC_ClockConfig
                0x08006d08      0x36c build/stm32h7xx_hal_rcc.o
                0x08006d08                HAL_RCC_ClockConfig
 .text.HAL_RCC_MCOConfig
                0x08007074       0xd4 build/stm32h7xx_hal_rcc.o
                0x08007074                HAL_RCC_MCOConfig
 .text.HAL_RCC_GetSysClockFreq
                0x08007148      0x2f4 build/stm32h7xx_hal_rcc.o
                0x08007148                HAL_RCC_GetSysClockFreq
 .text.HAL_RCC_GetHCLKFreq
                0x0800743c       0x60 build/stm32h7xx_hal_rcc.o
                0x0800743c                HAL_RCC_GetHCLKFreq
 .text.HAL_RCC_GetPCLK1Freq
                0x0800749c       0x2c build/stm32h7xx_hal_rcc.o
                0x0800749c                HAL_RCC_GetPCLK1Freq
 .text.HAL_RCC_GetPCLK2Freq
                0x080074c8       0x2c build/stm32h7xx_hal_rcc.o
                0x080074c8                HAL_RCC_GetPCLK2Freq
 .text.HAL_RCC_GetClockConfig
                0x080074f4       0x84 build/stm32h7xx_hal_rcc.o
                0x080074f4                HAL_RCC_GetClockConfig
 .text.HAL_RCCEx_PeriphCLKConfig
                0x08007578     0x1340 build/stm32h7xx_hal_rcc_ex.o
                0x08007578                HAL_RCCEx_PeriphCLKConfig
 .text.HAL_RCCEx_GetD3PCLK1Freq
                0x080088b8       0x2c build/stm32h7xx_hal_rcc_ex.o
                0x080088b8                HAL_RCCEx_GetD3PCLK1Freq
 .text.HAL_RCCEx_GetPLL2ClockFreq
                0x080088e4      0x2a8 build/stm32h7xx_hal_rcc_ex.o
                0x080088e4                HAL_RCCEx_GetPLL2ClockFreq
 .text.HAL_RCCEx_GetPLL3ClockFreq
                0x08008b8c      0x2a8 build/stm32h7xx_hal_rcc_ex.o
                0x08008b8c                HAL_RCCEx_GetPLL3ClockFreq
 .text.RCCEx_PLL2_Config
                0x08008e34      0x164 build/stm32h7xx_hal_rcc_ex.o
 .text.RCCEx_PLL3_Config
                0x08008f98      0x164 build/stm32h7xx_hal_rcc_ex.o
 .text.HAL_GPIO_Init
                0x080090fc      0x350 build/stm32h7xx_hal_gpio.o
                0x080090fc                HAL_GPIO_Init
 .text.HAL_GPIO_DeInit
                0x0800944c      0x204 build/stm32h7xx_hal_gpio.o
                0x0800944c                HAL_GPIO_DeInit
 .text.HAL_GPIO_WritePin
                0x08009650       0x32 build/stm32h7xx_hal_gpio.o
                0x08009650                HAL_GPIO_WritePin
 *fill*         0x08009682        0x2 
 .text.HAL_DMA_Init
                0x08009684      0x6b0 build/stm32h7xx_hal_dma.o
                0x08009684                HAL_DMA_Init
 .text.HAL_DMA_Start_IT
                0x08009d34      0x4d4 build/stm32h7xx_hal_dma.o
                0x08009d34                HAL_DMA_Start_IT
 .text.HAL_DMA_Abort
                0x0800a208      0x63c build/stm32h7xx_hal_dma.o
                0x0800a208                HAL_DMA_Abort
 .text.HAL_DMA_Abort_IT
                0x0800a844      0x48c build/stm32h7xx_hal_dma.o
                0x0800a844                HAL_DMA_Abort_IT
 .text.HAL_DMA_IRQHandler
                0x0800acd0      0xe54 build/stm32h7xx_hal_dma.o
                0x0800acd0                HAL_DMA_IRQHandler
 .text.DMA_SetConfig
                0x0800bb24      0x358 build/stm32h7xx_hal_dma.o
 .text.DMA_CalcBaseAndBitshift
                0x0800be7c      0x164 build/stm32h7xx_hal_dma.o
 .text.DMA_CheckFifoParam
                0x0800bfe0       0xf8 build/stm32h7xx_hal_dma.o
 .text.DMA_CalcDMAMUXChannelBaseAndMask
                0x0800c0d8      0x134 build/stm32h7xx_hal_dma.o
 .text.DMA_CalcDMAMUXRequestGenBaseAndMask
                0x0800c20c       0xe8 build/stm32h7xx_hal_dma.o
 .text.HAL_PWREx_ConfigSupply
                0x0800c2f4       0x74 build/stm32h7xx_hal_pwr_ex.o
                0x0800c2f4                HAL_PWREx_ConfigSupply
 .text.HAL_PWREx_EnableUSBVoltageDetector
                0x0800c368       0x20 build/stm32h7xx_hal_pwr_ex.o
                0x0800c368                HAL_PWREx_EnableUSBVoltageDetector
 .text.__NVIC_SetPriorityGrouping
                0x0800c388       0x48 build/stm32h7xx_hal_cortex.o
 .text.__NVIC_GetPriorityGrouping
                0x0800c3d0       0x1c build/stm32h7xx_hal_cortex.o
 .text.__NVIC_EnableIRQ
                0x0800c3ec       0x3c build/stm32h7xx_hal_cortex.o
 .text.__NVIC_DisableIRQ
                0x0800c428       0x48 build/stm32h7xx_hal_cortex.o
 .text.__NVIC_SetPriority
                0x0800c470       0x54 build/stm32h7xx_hal_cortex.o
 .text.NVIC_EncodePriority
                0x0800c4c4       0x66 build/stm32h7xx_hal_cortex.o
 .text.HAL_NVIC_SetPriorityGrouping
                0x0800c52a       0x16 build/stm32h7xx_hal_cortex.o
                0x0800c52a                HAL_NVIC_SetPriorityGrouping
 .text.HAL_NVIC_SetPriority
                0x0800c540       0x34 build/stm32h7xx_hal_cortex.o
                0x0800c540                HAL_NVIC_SetPriority
 .text.HAL_NVIC_EnableIRQ
                0x0800c574       0x1c build/stm32h7xx_hal_cortex.o
                0x0800c574                HAL_NVIC_EnableIRQ
 .text.HAL_NVIC_DisableIRQ
                0x0800c590       0x1c build/stm32h7xx_hal_cortex.o
                0x0800c590                HAL_NVIC_DisableIRQ
 .text.HAL_MPU_Disable
                0x0800c5ac       0x30 build/stm32h7xx_hal_cortex.o
                0x0800c5ac                HAL_MPU_Disable
 .text.HAL_MPU_Enable
                0x0800c5dc       0x40 build/stm32h7xx_hal_cortex.o
                0x0800c5dc                HAL_MPU_Enable
 .text.HAL_MPU_ConfigRegion
                0x0800c61c       0x80 build/stm32h7xx_hal_cortex.o
                0x0800c61c                HAL_MPU_ConfigRegion
 .text.HAL_Init
                0x0800c69c       0x78 build/stm32h7xx_hal.o
                0x0800c69c                HAL_Init
 .text.HAL_IncTick
                0x0800c714       0x28 build/stm32h7xx_hal.o
                0x0800c714                HAL_IncTick
 .text.HAL_GetTick
                0x0800c73c       0x18 build/stm32h7xx_hal.o
                0x0800c73c                HAL_GetTick
 .text.HAL_Delay
                0x0800c754       0x48 build/stm32h7xx_hal.o
                0x0800c754                HAL_Delay
 .text.HAL_SYSCFG_AnalogSwitchConfig
                0x0800c79c       0x2c build/stm32h7xx_hal.o
                0x0800c79c                HAL_SYSCFG_AnalogSwitchConfig
 .text.HAL_FDCAN_Init
                0x0800c7c8      0x3bc build/stm32h7xx_hal_fdcan.o
                0x0800c7c8                HAL_FDCAN_Init
 .text.HAL_FDCAN_DeInit
                0x0800cb84       0x48 build/stm32h7xx_hal_fdcan.o
                0x0800cb84                HAL_FDCAN_DeInit
 .text.HAL_FDCAN_ConfigFilter
                0x0800cbcc       0xec build/stm32h7xx_hal_fdcan.o
                0x0800cbcc                HAL_FDCAN_ConfigFilter
 .text.HAL_FDCAN_ConfigGlobalFilter
                0x0800ccb8       0x5a build/stm32h7xx_hal_fdcan.o
                0x0800ccb8                HAL_FDCAN_ConfigGlobalFilter
 .text.HAL_FDCAN_Start
                0x0800cd12       0x56 build/stm32h7xx_hal_fdcan.o
                0x0800cd12                HAL_FDCAN_Start
 .text.HAL_FDCAN_Stop
                0x0800cd68       0xee build/stm32h7xx_hal_fdcan.o
                0x0800cd68                HAL_FDCAN_Stop
 .text.HAL_FDCAN_AddMessageToTxFifoQ
                0x0800ce56       0xb6 build/stm32h7xx_hal_fdcan.o
                0x0800ce56                HAL_FDCAN_AddMessageToTxFifoQ
 .text.HAL_FDCAN_GetRxMessage
                0x0800cf0c      0x2d8 build/stm32h7xx_hal_fdcan.o
                0x0800cf0c                HAL_FDCAN_GetRxMessage
 .text.HAL_FDCAN_ActivateNotification
                0x0800d1e4       0xf4 build/stm32h7xx_hal_fdcan.o
                0x0800d1e4                HAL_FDCAN_ActivateNotification
 .text.HAL_FDCAN_IRQHandler
                0x0800d2d8      0x4bc build/stm32h7xx_hal_fdcan.o
                0x0800d2d8                HAL_FDCAN_IRQHandler
 .text.HAL_FDCAN_ClockCalibrationCallback
                0x0800d794       0x16 build/stm32h7xx_hal_fdcan.o
                0x0800d794                HAL_FDCAN_ClockCalibrationCallback
 .text.HAL_FDCAN_TxEventFifoCallback
                0x0800d7aa       0x16 build/stm32h7xx_hal_fdcan.o
                0x0800d7aa                HAL_FDCAN_TxEventFifoCallback
 .text.HAL_FDCAN_RxFifo1Callback
                0x0800d7c0       0x16 build/stm32h7xx_hal_fdcan.o
                0x0800d7c0                HAL_FDCAN_RxFifo1Callback
 .text.HAL_FDCAN_TxFifoEmptyCallback
                0x0800d7d6       0x14 build/stm32h7xx_hal_fdcan.o
                0x0800d7d6                HAL_FDCAN_TxFifoEmptyCallback
 .text.HAL_FDCAN_TxBufferCompleteCallback
                0x0800d7ea       0x16 build/stm32h7xx_hal_fdcan.o
                0x0800d7ea                HAL_FDCAN_TxBufferCompleteCallback
 .text.HAL_FDCAN_TxBufferAbortCallback
                0x0800d800       0x16 build/stm32h7xx_hal_fdcan.o
                0x0800d800                HAL_FDCAN_TxBufferAbortCallback
 .text.HAL_FDCAN_RxBufferNewMessageCallback
                0x0800d816       0x14 build/stm32h7xx_hal_fdcan.o
                0x0800d816                HAL_FDCAN_RxBufferNewMessageCallback
 .text.HAL_FDCAN_TimestampWraparoundCallback
                0x0800d82a       0x14 build/stm32h7xx_hal_fdcan.o
                0x0800d82a                HAL_FDCAN_TimestampWraparoundCallback
 .text.HAL_FDCAN_TimeoutOccurredCallback
                0x0800d83e       0x14 build/stm32h7xx_hal_fdcan.o
                0x0800d83e                HAL_FDCAN_TimeoutOccurredCallback
 .text.HAL_FDCAN_HighPriorityMessageCallback
                0x0800d852       0x14 build/stm32h7xx_hal_fdcan.o
                0x0800d852                HAL_FDCAN_HighPriorityMessageCallback
 .text.HAL_FDCAN_ErrorStatusCallback
                0x0800d866       0x16 build/stm32h7xx_hal_fdcan.o
                0x0800d866                HAL_FDCAN_ErrorStatusCallback
 .text.HAL_FDCAN_TT_ScheduleSyncCallback
                0x0800d87c       0x16 build/stm32h7xx_hal_fdcan.o
                0x0800d87c                HAL_FDCAN_TT_ScheduleSyncCallback
 .text.HAL_FDCAN_TT_TimeMarkCallback
                0x0800d892       0x16 build/stm32h7xx_hal_fdcan.o
                0x0800d892                HAL_FDCAN_TT_TimeMarkCallback
 .text.HAL_FDCAN_TT_StopWatchCallback
                0x0800d8a8       0x18 build/stm32h7xx_hal_fdcan.o
                0x0800d8a8                HAL_FDCAN_TT_StopWatchCallback
 .text.HAL_FDCAN_TT_GlobalTimeCallback
                0x0800d8c0       0x16 build/stm32h7xx_hal_fdcan.o
                0x0800d8c0                HAL_FDCAN_TT_GlobalTimeCallback
 *fill*         0x0800d8d6        0x2 
 .text.FDCAN_CalcultateRamBlockAddresses
                0x0800d8d8      0x30c build/stm32h7xx_hal_fdcan.o
 .text.FDCAN_CopyMessageToRAM
                0x0800dbe4       0xfc build/stm32h7xx_hal_fdcan.o
 .text.HAL_OSPI_Init
                0x0800dce0      0x178 build/stm32h7xx_hal_ospi.o
                0x0800dce0                HAL_OSPI_Init
 .text.HAL_OSPI_SetTimeout
                0x0800de58       0x1e build/stm32h7xx_hal_ospi.o
                0x0800de58                HAL_OSPI_SetTimeout
 *fill*         0x0800de76        0x2 
 .text.HAL_OSPIM_Config
                0x0800de78      0x9d8 build/stm32h7xx_hal_ospi.o
                0x0800de78                HAL_OSPIM_Config
 .text.OSPI_WaitFlagStateUntilTimeout
                0x0800e850       0x6e build/stm32h7xx_hal_ospi.o
 *fill*         0x0800e8be        0x2 
 .text.OSPIM_GetConfig
                0x0800e8c0      0x174 build/stm32h7xx_hal_ospi.o
 .text.HAL_SPI_Init
                0x0800ea34      0x248 build/stm32h7xx_hal_spi.o
                0x0800ea34                HAL_SPI_Init
 .text.HAL_SPI_Transmit
                0x0800ec7c      0x3dc build/stm32h7xx_hal_spi.o
                0x0800ec7c                HAL_SPI_Transmit
 .text.HAL_SPI_TransmitReceive
                0x0800f058      0x674 build/stm32h7xx_hal_spi.o
                0x0800f058                HAL_SPI_TransmitReceive
 .text.HAL_SPI_IRQHandler
                0x0800f6cc      0x39c build/stm32h7xx_hal_spi.o
                0x0800f6cc                HAL_SPI_IRQHandler
 .text.HAL_SPI_TxCpltCallback
                0x0800fa68       0x14 build/stm32h7xx_hal_spi.o
                0x0800fa68                HAL_SPI_TxCpltCallback
 .text.HAL_SPI_RxCpltCallback
                0x0800fa7c       0x14 build/stm32h7xx_hal_spi.o
                0x0800fa7c                HAL_SPI_RxCpltCallback
 .text.HAL_SPI_TxRxCpltCallback
                0x0800fa90       0x14 build/stm32h7xx_hal_spi.o
                0x0800fa90                HAL_SPI_TxRxCpltCallback
 .text.HAL_SPI_ErrorCallback
                0x0800faa4       0x14 build/stm32h7xx_hal_spi.o
                0x0800faa4                HAL_SPI_ErrorCallback
 .text.HAL_SPI_SuspendCallback
                0x0800fab8       0x14 build/stm32h7xx_hal_spi.o
                0x0800fab8                HAL_SPI_SuspendCallback
 .text.SPI_DMAAbortOnError
                0x0800facc       0x34 build/stm32h7xx_hal_spi.o
 .text.SPI_CloseTransfer
                0x0800fb00      0x140 build/stm32h7xx_hal_spi.o
 .text.SPI_WaitOnFlagUntilTimeout
                0x0800fc40       0x5c build/stm32h7xx_hal_spi.o
 .text.SPI_GetPacketSize
                0x0800fc9c       0x36 build/stm32h7xx_hal_spi.o
 .text.HAL_TIM_Base_Init
                0x0800fcd2       0xae build/stm32h7xx_hal_tim.o
                0x0800fcd2                HAL_TIM_Base_Init
 .text.HAL_TIM_Base_Start
                0x0800fd80       0xfc build/stm32h7xx_hal_tim.o
                0x0800fd80                HAL_TIM_Base_Start
 .text.HAL_TIM_Base_Start_IT
                0x0800fe7c      0x10c build/stm32h7xx_hal_tim.o
                0x0800fe7c                HAL_TIM_Base_Start_IT
 .text.HAL_TIM_PWM_Init
                0x0800ff88       0xae build/stm32h7xx_hal_tim.o
                0x0800ff88                HAL_TIM_PWM_Init
 *fill*         0x08010036        0x2 
 .text.HAL_TIM_PWM_Start
                0x08010038      0x238 build/stm32h7xx_hal_tim.o
                0x08010038                HAL_TIM_PWM_Start
 .text.HAL_TIM_IRQHandler
                0x08010270      0x20e build/stm32h7xx_hal_tim.o
                0x08010270                HAL_TIM_IRQHandler
 *fill*         0x0801047e        0x2 
 .text.HAL_TIM_PWM_ConfigChannel
                0x08010480      0x228 build/stm32h7xx_hal_tim.o
                0x08010480                HAL_TIM_PWM_ConfigChannel
 .text.HAL_TIM_ConfigClockSource
                0x080106a8      0x1f0 build/stm32h7xx_hal_tim.o
                0x080106a8                HAL_TIM_ConfigClockSource
 .text.HAL_TIM_OC_DelayElapsedCallback
                0x08010898       0x14 build/stm32h7xx_hal_tim.o
                0x08010898                HAL_TIM_OC_DelayElapsedCallback
 .text.HAL_TIM_IC_CaptureCallback
                0x080108ac       0x14 build/stm32h7xx_hal_tim.o
                0x080108ac                HAL_TIM_IC_CaptureCallback
 .text.HAL_TIM_PWM_PulseFinishedCallback
                0x080108c0       0x14 build/stm32h7xx_hal_tim.o
                0x080108c0                HAL_TIM_PWM_PulseFinishedCallback
 .text.HAL_TIM_TriggerCallback
                0x080108d4       0x14 build/stm32h7xx_hal_tim.o
                0x080108d4                HAL_TIM_TriggerCallback
 .text.TIM_Base_SetConfig
                0x080108e8      0x158 build/stm32h7xx_hal_tim.o
                0x080108e8                TIM_Base_SetConfig
 .text.TIM_OC1_SetConfig
                0x08010a40      0x120 build/stm32h7xx_hal_tim.o
 .text.TIM_OC2_SetConfig
                0x08010b60      0x114 build/stm32h7xx_hal_tim.o
                0x08010b60                TIM_OC2_SetConfig
 .text.TIM_OC3_SetConfig
                0x08010c74      0x110 build/stm32h7xx_hal_tim.o
 .text.TIM_OC4_SetConfig
                0x08010d84       0xd4 build/stm32h7xx_hal_tim.o
 .text.TIM_OC5_SetConfig
                0x08010e58       0xc8 build/stm32h7xx_hal_tim.o
 .text.TIM_OC6_SetConfig
                0x08010f20       0xcc build/stm32h7xx_hal_tim.o
 .text.TIM_TI1_ConfigInputStage
                0x08010fec       0x5e build/stm32h7xx_hal_tim.o
 .text.TIM_TI2_ConfigInputStage
                0x0801104a       0x60 build/stm32h7xx_hal_tim.o
 *fill*         0x080110aa        0x2 
 .text.TIM_ITRx_SetConfig
                0x080110ac       0x3c build/stm32h7xx_hal_tim.o
 .text.TIM_ETR_SetConfig
                0x080110e8       0x40 build/stm32h7xx_hal_tim.o
                0x080110e8                TIM_ETR_SetConfig
 .text.TIM_CCxChannelCmd
                0x08011128       0x4a build/stm32h7xx_hal_tim.o
                0x08011128                TIM_CCxChannelCmd
 *fill*         0x08011172        0x2 
 .text.HAL_TIMEx_MasterConfigSynchronization
                0x08011174      0x138 build/stm32h7xx_hal_tim_ex.o
                0x08011174                HAL_TIMEx_MasterConfigSynchronization
 .text.HAL_TIMEx_CommutCallback
                0x080112ac       0x14 build/stm32h7xx_hal_tim_ex.o
                0x080112ac                HAL_TIMEx_CommutCallback
 .text.HAL_TIMEx_BreakCallback
                0x080112c0       0x14 build/stm32h7xx_hal_tim_ex.o
                0x080112c0                HAL_TIMEx_BreakCallback
 .text.HAL_TIMEx_Break2Callback
                0x080112d4       0x14 build/stm32h7xx_hal_tim_ex.o
                0x080112d4                HAL_TIMEx_Break2Callback
 .text.HAL_UART_Init
                0x080112e8       0xa0 build/stm32h7xx_hal_uart.o
                0x080112e8                HAL_UART_Init
 .text.HAL_UART_Transmit
                0x08011388      0x11c build/stm32h7xx_hal_uart.o
                0x08011388                HAL_UART_Transmit
 .text.HAL_UART_Transmit_DMA
                0x080114a4      0x100 build/stm32h7xx_hal_uart.o
                0x080114a4                HAL_UART_Transmit_DMA
 .text.HAL_UART_IRQHandler
                0x080115a4      0x7ac build/stm32h7xx_hal_uart.o
                0x080115a4                HAL_UART_IRQHandler
 .text.HAL_UART_TxCpltCallback
                0x08011d50       0x14 build/stm32h7xx_hal_uart.o
                0x08011d50                HAL_UART_TxCpltCallback
 .text.HAL_UART_TxHalfCpltCallback
                0x08011d64       0x14 build/stm32h7xx_hal_uart.o
                0x08011d64                HAL_UART_TxHalfCpltCallback
 .text.HAL_UART_RxHalfCpltCallback
                0x08011d78       0x14 build/stm32h7xx_hal_uart.o
                0x08011d78                HAL_UART_RxHalfCpltCallback
 .text.UART_SetConfig
                0x08011d8c      0xcd8 build/stm32h7xx_hal_uart.o
                0x08011d8c                UART_SetConfig
 .text.UART_AdvFeatureConfig
                0x08012a64      0x144 build/stm32h7xx_hal_uart.o
                0x08012a64                UART_AdvFeatureConfig
 .text.UART_CheckIdleState
                0x08012ba8      0x154 build/stm32h7xx_hal_uart.o
                0x08012ba8                UART_CheckIdleState
 .text.UART_WaitOnFlagUntilTimeout
                0x08012cfc       0xda build/stm32h7xx_hal_uart.o
                0x08012cfc                UART_WaitOnFlagUntilTimeout
 *fill*         0x08012dd6        0x2 
 .text.UART_Start_Receive_DMA
                0x08012dd8      0x14c build/stm32h7xx_hal_uart.o
                0x08012dd8                UART_Start_Receive_DMA
 .text.UART_EndTxTransfer
                0x08012f24       0x82 build/stm32h7xx_hal_uart.o
 *fill*         0x08012fa6        0x2 
 .text.UART_EndRxTransfer
                0x08012fa8       0xcc build/stm32h7xx_hal_uart.o
 .text.UART_DMATransmitCplt
                0x08013074       0x96 build/stm32h7xx_hal_uart.o
 .text.UART_DMATxHalfCplt
                0x0801310a       0x1c build/stm32h7xx_hal_uart.o
 .text.UART_DMAReceiveCplt
                0x08013126      0x128 build/stm32h7xx_hal_uart.o
 .text.UART_DMARxHalfCplt
                0x0801324e       0x3e build/stm32h7xx_hal_uart.o
 .text.UART_DMAError
                0x0801328c       0x80 build/stm32h7xx_hal_uart.o
 .text.UART_DMAAbortOnError
                0x0801330c       0x24 build/stm32h7xx_hal_uart.o
 .text.UART_EndTransmit_IT
                0x08013330       0x56 build/stm32h7xx_hal_uart.o
 *fill*         0x08013386        0x2 
 .text.HAL_RS485Ex_Init
                0x08013388       0xd4 build/stm32h7xx_hal_uart_ex.o
                0x08013388                HAL_RS485Ex_Init
 .text.HAL_UARTEx_WakeupCallback
                0x0801345c       0x14 build/stm32h7xx_hal_uart_ex.o
                0x0801345c                HAL_UARTEx_WakeupCallback
 .text.HAL_UARTEx_RxFifoFullCallback
                0x08013470       0x14 build/stm32h7xx_hal_uart_ex.o
                0x08013470                HAL_UARTEx_RxFifoFullCallback
 .text.HAL_UARTEx_TxFifoEmptyCallback
                0x08013484       0x14 build/stm32h7xx_hal_uart_ex.o
                0x08013484                HAL_UARTEx_TxFifoEmptyCallback
 .text.HAL_UARTEx_DisableFifoMode
                0x08013498       0x72 build/stm32h7xx_hal_uart_ex.o
                0x08013498                HAL_UARTEx_DisableFifoMode
 .text.HAL_UARTEx_SetTxFifoThreshold
                0x0801350a       0x7c build/stm32h7xx_hal_uart_ex.o
                0x0801350a                HAL_UARTEx_SetTxFifoThreshold
 .text.HAL_UARTEx_SetRxFifoThreshold
                0x08013586       0x7c build/stm32h7xx_hal_uart_ex.o
                0x08013586                HAL_UARTEx_SetRxFifoThreshold
 .text.HAL_UARTEx_ReceiveToIdle_DMA
                0x08013602       0xa8 build/stm32h7xx_hal_uart_ex.o
                0x08013602                HAL_UARTEx_ReceiveToIdle_DMA
 *fill*         0x080136aa        0x2 
 .text.UARTEx_SetNbDataToProcess
                0x080136ac       0x9c build/stm32h7xx_hal_uart_ex.o
 .text.HAL_IWDG_Init
                0x08013748       0xa2 build/stm32h7xx_hal_iwdg.o
                0x08013748                HAL_IWDG_Init
 .text.HAL_IWDG_Refresh
                0x080137ea       0x20 build/stm32h7xx_hal_iwdg.o
                0x080137ea                HAL_IWDG_Refresh
 *fill*         0x0801380a        0x2 
 .text.SystemInit
                0x0801380c       0xf0 build/system_stm32h7xx.o
                0x0801380c                SystemInit
 .text.USBD_Init
                0x080138fc       0x60 build/usbd_core.o
                0x080138fc                USBD_Init
 .text.USBD_RegisterClass
                0x0801395c       0x6c build/usbd_core.o
                0x0801395c                USBD_RegisterClass
 .text.USBD_Start
                0x080139c8       0x18 build/usbd_core.o
                0x080139c8                USBD_Start
 .text.USBD_RunTestMode
                0x080139e0       0x16 build/usbd_core.o
                0x080139e0                USBD_RunTestMode
 .text.USBD_SetClassConfig
                0x080139f6       0x38 build/usbd_core.o
                0x080139f6                USBD_SetClassConfig
 .text.USBD_ClrClassConfig
                0x08013a2e       0x34 build/usbd_core.o
                0x08013a2e                USBD_ClrClassConfig
 .text.USBD_LL_SetupStage
                0x08013a62       0xaa build/usbd_core.o
                0x08013a62                USBD_LL_SetupStage
 .text.USBD_LL_DataOutStage
                0x08013b0c      0x166 build/usbd_core.o
                0x08013b0c                USBD_LL_DataOutStage
 .text.USBD_LL_DataInStage
                0x08013c72      0x164 build/usbd_core.o
                0x08013c72                USBD_LL_DataInStage
 .text.USBD_LL_Reset
                0x08013dd6       0xa4 build/usbd_core.o
                0x08013dd6                USBD_LL_Reset
 .text.USBD_LL_SetSpeed
                0x08013e7a       0x20 build/usbd_core.o
                0x08013e7a                USBD_LL_SetSpeed
 .text.USBD_LL_Suspend
                0x08013e9a       0x38 build/usbd_core.o
                0x08013e9a                USBD_LL_Suspend
 .text.USBD_LL_Resume
                0x08013ed2       0x30 build/usbd_core.o
                0x08013ed2                USBD_LL_Resume
 .text.USBD_LL_SOF
                0x08013f02       0x40 build/usbd_core.o
                0x08013f02                USBD_LL_SOF
 .text.USBD_LL_IsoINIncomplete
                0x08013f42       0x64 build/usbd_core.o
                0x08013f42                USBD_LL_IsoINIncomplete
 .text.USBD_LL_IsoOUTIncomplete
                0x08013fa6       0x64 build/usbd_core.o
                0x08013fa6                USBD_LL_IsoOUTIncomplete
 .text.USBD_LL_DevConnected
                0x0801400a       0x16 build/usbd_core.o
                0x0801400a                USBD_LL_DevConnected
 .text.USBD_LL_DevDisconnected
                0x08014020       0x46 build/usbd_core.o
                0x08014020                USBD_LL_DevDisconnected
 .text.USBD_CoreFindIF
                0x08014066       0x1a build/usbd_core.o
                0x08014066                USBD_CoreFindIF
 .text.USBD_CoreFindEP
                0x08014080       0x1a build/usbd_core.o
                0x08014080                USBD_CoreFindEP
 .text.USBD_GetEpDesc
                0x0801409a       0x70 build/usbd_core.o
                0x0801409a                USBD_GetEpDesc
 .text.USBD_GetNextDesc
                0x0801410a       0x38 build/usbd_core.o
                0x0801410a                USBD_GetNextDesc
 .text.SWAPBYTE
                0x08014142       0x3e build/usbd_ctlreq.o
 .text.USBD_StdDevReq
                0x08014180       0xe4 build/usbd_ctlreq.o
                0x08014180                USBD_StdDevReq
 .text.USBD_StdItfReq
                0x08014264       0xd8 build/usbd_ctlreq.o
                0x08014264                USBD_StdItfReq
 .text.USBD_StdEPReq
                0x0801433c      0x33a build/usbd_ctlreq.o
                0x0801433c                USBD_StdEPReq
 *fill*         0x08014676        0x2 
 .text.USBD_GetDescriptor
                0x08014678      0x328 build/usbd_ctlreq.o
 .text.USBD_SetAddress
                0x080149a0       0x88 build/usbd_ctlreq.o
 .text.USBD_SetConfig
                0x08014a28      0x154 build/usbd_ctlreq.o
 .text.USBD_GetConfig
                0x08014b7c       0x6c build/usbd_ctlreq.o
 .text.USBD_GetStatus
                0x08014be8       0x68 build/usbd_ctlreq.o
 .text.USBD_SetFeature
                0x08014c50       0x52 build/usbd_ctlreq.o
 .text.USBD_ClrFeature
                0x08014ca2       0x44 build/usbd_ctlreq.o
 .text.USBD_ParseSetupRequest
                0x08014ce6       0x74 build/usbd_ctlreq.o
                0x08014ce6                USBD_ParseSetupRequest
 .text.USBD_CtlError
                0x08014d5a       0x22 build/usbd_ctlreq.o
                0x08014d5a                USBD_CtlError
 .text.USBD_GetString
                0x08014d7c       0xa4 build/usbd_ctlreq.o
                0x08014d7c                USBD_GetString
 .text.USBD_GetLen
                0x08014e20       0x34 build/usbd_ctlreq.o
 .text.USBD_CtlSendData
                0x08014e54       0x36 build/usbd_ioreq.o
                0x08014e54                USBD_CtlSendData
 .text.USBD_CtlContinueSendData
                0x08014e8a       0x22 build/usbd_ioreq.o
                0x08014e8a                USBD_CtlContinueSendData
 .text.USBD_CtlPrepareRx
                0x08014eac       0x3a build/usbd_ioreq.o
                0x08014eac                USBD_CtlPrepareRx
 .text.USBD_CtlContinueRx
                0x08014ee6       0x22 build/usbd_ioreq.o
                0x08014ee6                USBD_CtlContinueRx
 .text.USBD_CtlSendStatus
                0x08014f08       0x26 build/usbd_ioreq.o
                0x08014f08                USBD_CtlSendStatus
 .text.USBD_CtlReceiveStatus
                0x08014f2e       0x26 build/usbd_ioreq.o
                0x08014f2e                USBD_CtlReceiveStatus
 .text.USBD_CDC_Init
                0x08014f54      0x1f0 build/usbd_cdc.o
 .text.USBD_CDC_DeInit
                0x08015144      0x104 build/usbd_cdc.o
 .text.USBD_CDC_Setup
                0x08015248      0x1b8 build/usbd_cdc.o
 .text.USBD_CDC_DataIn
                0x08015400       0xfe build/usbd_cdc.o
 .text.USBD_CDC_DataOut
                0x080154fe       0x70 build/usbd_cdc.o
 .text.USBD_CDC_EP0_RxReady
                0x0801556e       0x74 build/usbd_cdc.o
 *fill*         0x080155e2        0x2 
 .text.USBD_CDC_GetFSCfgDesc
                0x080155e4       0x70 build/usbd_cdc.o
 .text.USBD_CDC_GetHSCfgDesc
                0x08015654       0x70 build/usbd_cdc.o
 .text.USBD_CDC_GetOtherSpeedCfgDesc
                0x080156c4       0x70 build/usbd_cdc.o
 .text.USBD_CDC_GetDeviceQualifierDescriptor
                0x08015734       0x20 build/usbd_cdc.o
                0x08015734                USBD_CDC_GetDeviceQualifierDescriptor
 .text.USBD_CDC_RegisterInterface
                0x08015754       0x34 build/usbd_cdc.o
                0x08015754                USBD_CDC_RegisterInterface
 .text.USBD_CDC_SetTxBuffer
                0x08015788       0x44 build/usbd_cdc.o
                0x08015788                USBD_CDC_SetTxBuffer
 .text.USBD_CDC_SetRxBuffer
                0x080157cc       0x3a build/usbd_cdc.o
                0x080157cc                USBD_CDC_SetRxBuffer
 *fill*         0x08015806        0x2 
 .text.USBD_CDC_TransmitPacket
                0x08015808       0x80 build/usbd_cdc.o
                0x08015808                USBD_CDC_TransmitPacket
 .text.USBD_CDC_ReceivePacket
                0x08015888       0x6c build/usbd_cdc.o
                0x08015888                USBD_CDC_ReceivePacket
 .text.vApplicationIdleHook
                0x080158f4        0xe build/freertos.o
                0x080158f4                vApplicationIdleHook
 *fill*         0x08015902        0x2 
 .text.MX_FREERTOS_Init
                0x08015904       0xcc build/freertos.o
                0x08015904                MX_FREERTOS_Init
 .text.Remote_control_Task
                0x080159d0       0x22 build/freertos.o
                0x080159d0                Remote_control_Task
 .text.Gimbal_Task
                0x080159f2       0x10 build/freertos.o
                0x080159f2                Gimbal_Task
 .text.Chassis_Task
                0x08015a02       0x1a build/freertos.o
                0x08015a02                Chassis_Task
 .text.Motor_control_Task
                0x08015a1c       0x34 build/freertos.o
                0x08015a1c                Motor_control_Task
 .text.Shoot_Task
                0x08015a50       0x30 build/freertos.o
                0x08015a50                Shoot_Task
 .text.Referee_Task
                0x08015a80       0x58 build/freertos.o
                0x08015a80                Referee_Task
 .text.Log_and_debug_Task
                0x08015ad8       0x70 build/freertos.o
                0x08015ad8                Log_and_debug_Task
 .text.vListInitialise
                0x08015b48       0x40 build/list.o
                0x08015b48                vListInitialise
 .text.vListInitialiseItem
                0x08015b88       0x1a build/list.o
                0x08015b88                vListInitialiseItem
 .text.vListInsertEnd
                0x08015ba2       0x48 build/list.o
                0x08015ba2                vListInsertEnd
 .text.vListInsert
                0x08015bea       0x72 build/list.o
                0x08015bea                vListInsert
 .text.uxListRemove
                0x08015c5c       0x54 build/list.o
                0x08015c5c                uxListRemove
 .text.xQueueGenericReset
                0x08015cb0       0xd4 build/queue.o
                0x08015cb0                xQueueGenericReset
 .text.xQueueGenericCreateStatic
                0x08015d84       0xfa build/queue.o
                0x08015d84                xQueueGenericCreateStatic
 .text.prvInitialiseNewQueue
                0x08015e7e       0x46 build/queue.o
 .text.xQueueGenericSend
                0x08015ec4      0x204 build/queue.o
                0x08015ec4                xQueueGenericSend
 .text.xQueueGenericSendFromISR
                0x080160c8      0x13c build/queue.o
                0x080160c8                xQueueGenericSendFromISR
 .text.xQueueReceive
                0x08016204      0x1c4 build/queue.o
                0x08016204                xQueueReceive
 .text.prvCopyDataToQueue
                0x080163c8       0xd4 build/queue.o
 .text.prvCopyDataFromQueue
                0x0801649c       0x4c build/queue.o
 .text.prvUnlockQueue
                0x080164e8       0xa4 build/queue.o
 .text.prvIsQueueEmpty
                0x0801658c       0x2c build/queue.o
 .text.prvIsQueueFull
                0x080165b8       0x30 build/queue.o
 .text.vQueueAddToRegistry
                0x080165e8       0x54 build/queue.o
                0x080165e8                vQueueAddToRegistry
 .text.vQueueWaitForMessageRestricted
                0x0801663c       0x68 build/queue.o
                0x0801663c                vQueueWaitForMessageRestricted
 .text.xTaskCreateStatic
                0x080166a4       0xc0 build/tasks.o
                0x080166a4                xTaskCreateStatic
 .text.xTaskCreate
                0x08016764       0x8a build/tasks.o
                0x08016764                xTaskCreate
 .text.prvInitialiseNewTask
                0x080167ee      0x120 build/tasks.o
 *fill*         0x0801690e        0x2 
 .text.prvAddNewTaskToReadyList
                0x08016910       0xe0 build/tasks.o
 .text.vTaskDelay
                0x080169f0       0x6c build/tasks.o
                0x080169f0                vTaskDelay
 .text.vTaskStartScheduler
                0x08016a5c       0xd0 build/tasks.o
                0x08016a5c                vTaskStartScheduler
 .text.vTaskSuspendAll
                0x08016b2c       0x1c build/tasks.o
                0x08016b2c                vTaskSuspendAll
 .text.xTaskResumeAll
                0x08016b48      0x13c build/tasks.o
                0x08016b48                xTaskResumeAll
 .text.xTaskGetTickCount
                0x08016c84       0x20 build/tasks.o
                0x08016c84                xTaskGetTickCount
 .text.xTaskIncrementTick
                0x08016ca4      0x174 build/tasks.o
                0x08016ca4                xTaskIncrementTick
 .text.vTaskSwitchContext
                0x08016e18       0xbc build/tasks.o
                0x08016e18                vTaskSwitchContext
 .text.vTaskPlaceOnEventList
                0x08016ed4       0x4c build/tasks.o
                0x08016ed4                vTaskPlaceOnEventList
 .text.vTaskPlaceOnEventListRestricted
                0x08016f20       0x58 build/tasks.o
                0x08016f20                vTaskPlaceOnEventListRestricted
 .text.xTaskRemoveFromEventList
                0x08016f78       0xc8 build/tasks.o
                0x08016f78                xTaskRemoveFromEventList
 .text.vTaskInternalSetTimeOutState
                0x08017040       0x2c build/tasks.o
                0x08017040                vTaskInternalSetTimeOutState
 .text.xTaskCheckForTimeOut
                0x0801706c       0xc8 build/tasks.o
                0x0801706c                xTaskCheckForTimeOut
 .text.vTaskMissedYield
                0x08017134       0x18 build/tasks.o
                0x08017134                vTaskMissedYield
 .text.prvIdleTask
                0x0801714c       0x34 build/tasks.o
 .text.prvInitialiseTaskLists
                0x08017180       0x80 build/tasks.o
 .text.prvCheckTasksWaitingTermination
                0x08017200       0x5c build/tasks.o
 .text.prvDeleteTCB
                0x0801725c       0x60 build/tasks.o
 .text.prvResetNextTaskUnblockTime
                0x080172bc       0x40 build/tasks.o
 .text.xTaskGetSchedulerState
                0x080172fc       0x3c build/tasks.o
                0x080172fc                xTaskGetSchedulerState
 .text.xTaskPriorityDisinherit
                0x08017338       0xe0 build/tasks.o
                0x08017338                xTaskPriorityDisinherit
 .text.prvAddCurrentTaskToDelayedList
                0x08017418       0xa8 build/tasks.o
 .text.xTimerCreateTimerTask
                0x080174c0       0x94 build/timers.o
                0x080174c0                xTimerCreateTimerTask
 .text.xTimerGenericCommand
                0x08017554       0x9c build/timers.o
                0x08017554                xTimerGenericCommand
 .text.prvProcessExpiredTimer
                0x080175f0       0x9c build/timers.o
 .text.prvTimerTask
                0x0801768c       0x26 build/timers.o
 *fill*         0x080176b2        0x2 
 .text.prvProcessTimerOrBlockTask
                0x080176b4       0x9c build/timers.o
 .text.prvGetNextExpireTime
                0x08017750       0x48 build/timers.o
 .text.prvSampleTimeNow
                0x08017798       0x40 build/timers.o
 .text.prvInsertTimerInActiveList
                0x080177d8       0x84 build/timers.o
 .text.prvProcessReceivedCommands
                0x0801785c      0x1cc build/timers.o
 .text.prvSwitchTimerLists
                0x08017a28       0xcc build/timers.o
 .text.prvCheckForValidListAndQueue
                0x08017af4       0x80 build/timers.o
 .text.__NVIC_SetPriority
                0x08017b74       0x54 build/cmsis_os2.o
 .text.SysTick_Handler
                0x08017bc8       0x20 build/cmsis_os2.o
                0x08017bc8                SysTick_Handler
 .text.SVC_Setup
                0x08017be8       0x12 build/cmsis_os2.o
 *fill*         0x08017bfa        0x2 
 .text.osKernelInitialize
                0x08017bfc       0x48 build/cmsis_os2.o
                0x08017bfc                osKernelInitialize
 .text.osKernelStart
                0x08017c44       0x4c build/cmsis_os2.o
                0x08017c44                osKernelStart
 .text.osThreadNew
                0x08017c90      0x124 build/cmsis_os2.o
                0x08017c90                osThreadNew
 .text.osDelay  0x08017db4       0x36 build/cmsis_os2.o
                0x08017db4                osDelay
 *fill*         0x08017dea        0x2 
 .text.vApplicationGetIdleTaskMemory
                0x08017dec       0x34 build/cmsis_os2.o
                0x08017dec                vApplicationGetIdleTaskMemory
 .text.vApplicationGetTimerTaskMemory
                0x08017e20       0x34 build/cmsis_os2.o
                0x08017e20                vApplicationGetTimerTaskMemory
 .text.pvPortMalloc
                0x08017e54      0x19c build/heap_4.o
                0x08017e54                pvPortMalloc
 .text.vPortFree
                0x08017ff0       0xc8 build/heap_4.o
                0x08017ff0                vPortFree
 .text.prvHeapInit
                0x080180b8       0xc4 build/heap_4.o
 .text.prvInsertBlockIntoFreeList
                0x0801817c       0xb4 build/heap_4.o
 .text.pxPortInitialiseStack
                0x08018230       0x68 build/port.o
                0x08018230                pxPortInitialiseStack
 .text.prvTaskExitError
                0x08018298       0x5c build/port.o
 *fill*         0x080182f4        0xc 
 .text.SVC_Handler
                0x08018300       0x28 build/port.o
                0x08018300                SVC_Handler
 .text.prvPortStartFirstTask
                0x08018328       0x28 build/port.o
 .text.xPortStartScheduler
                0x08018350      0x148 build/port.o
                0x08018350                xPortStartScheduler
 .text.vPortEnterCritical
                0x08018498       0x64 build/port.o
                0x08018498                vPortEnterCritical
 .text.vPortExitCritical
                0x080184fc       0x54 build/port.o
                0x080184fc                vPortExitCritical
 .text.PendSV_Handler
                0x08018550       0x68 build/port.o
                0x08018550                PendSV_Handler
 .text.xPortSysTickHandler
                0x080185b8       0x44 build/port.o
                0x080185b8                xPortSysTickHandler
 .text.vPortSetupTimerInterrupt
                0x080185fc       0x48 build/port.o
                0x080185fc                vPortSetupTimerInterrupt
 .text.vPortEnableVFP
                0x08018644       0x14 build/port.o
 .text.vPortValidateInterruptPriority
                0x08018658       0x84 build/port.o
                0x08018658                vPortValidateInterruptPriority
 .text._sbrk    0x080186dc       0x6c build/sysmem.o
                0x080186dc                _sbrk
 .text._read    0x08018748       0x3a build/syscalls.o
                0x08018748                _read
 .text._write   0x08018782       0x38 build/syscalls.o
                0x08018782                _write
 .text._close   0x080187ba       0x18 build/syscalls.o
                0x080187ba                _close
 .text._fstat   0x080187d2       0x20 build/syscalls.o
                0x080187d2                _fstat
 .text._isatty  0x080187f2       0x16 build/syscalls.o
                0x080187f2                _isatty
 .text._lseek   0x08018808       0x1a build/syscalls.o
                0x08018808                _lseek
 *fill*         0x08018822        0x2 
 .text.MX_GPIO_Init
                0x08018824      0x194 build/gpio.o
                0x08018824                MX_GPIO_Init
 .text.MX_DMA_Init
                0x080189b8      0x120 build/dma.o
                0x080189b8                MX_DMA_Init
 .text.MX_FDCAN1_Init
                0x08018ad8       0xc8 build/fdcan.o
                0x08018ad8                MX_FDCAN1_Init
 .text.MX_FDCAN2_Init
                0x08018ba0       0xcc build/fdcan.o
                0x08018ba0                MX_FDCAN2_Init
 .text.MX_FDCAN3_Init
                0x08018c6c       0xcc build/fdcan.o
                0x08018c6c                MX_FDCAN3_Init
 .text.HAL_FDCAN_MspInit
                0x08018d38      0x2b0 build/fdcan.o
                0x08018d38                HAL_FDCAN_MspInit
 .text.HAL_FDCAN_MspDeInit
                0x08018fe8       0xf4 build/fdcan.o
                0x08018fe8                HAL_FDCAN_MspDeInit
 .text.MX_OCTOSPI2_Init
                0x080190dc       0xc0 build/octospi.o
                0x080190dc                MX_OCTOSPI2_Init
 .text.HAL_OSPI_MspInit
                0x0801919c      0x22c build/octospi.o
                0x0801919c                HAL_OSPI_MspInit
 .text.MX_SPI2_Init
                0x080193c8       0xb0 build/spi.o
                0x080193c8                MX_SPI2_Init
 .text.MX_SPI6_Init
                0x08019478       0xb4 build/spi.o
                0x08019478                MX_SPI6_Init
 .text.HAL_SPI_MspInit
                0x0801952c      0x2c0 build/spi.o
                0x0801952c                HAL_SPI_MspInit
 .text.MX_TIM3_Init
                0x080197ec       0xb4 build/tim.o
                0x080197ec                MX_TIM3_Init
 .text.MX_TIM12_Init
                0x080198a0       0xec build/tim.o
                0x080198a0                MX_TIM12_Init
 .text.MX_TIM13_Init
                0x0801998c       0x48 build/tim.o
                0x0801998c                MX_TIM13_Init
 .text.MX_TIM14_Init
                0x080199d4       0x48 build/tim.o
                0x080199d4                MX_TIM14_Init
 .text.HAL_TIM_PWM_MspInit
                0x08019a1c       0x44 build/tim.o
                0x08019a1c                HAL_TIM_PWM_MspInit
 .text.HAL_TIM_Base_MspInit
                0x08019a60       0xcc build/tim.o
                0x08019a60                HAL_TIM_Base_MspInit
 .text.HAL_TIM_MspPostInit
                0x08019b2c       0xc4 build/tim.o
                0x08019b2c                HAL_TIM_MspPostInit
 .text.MX_UART5_Init
                0x08019bf0       0xa0 build/usart.o
                0x08019bf0                MX_UART5_Init
 .text.MX_UART7_Init
                0x08019c90       0x98 build/usart.o
                0x08019c90                MX_UART7_Init
 .text.MX_USART1_UART_Init
                0x08019d28       0x98 build/usart.o
                0x08019d28                MX_USART1_UART_Init
 .text.MX_USART2_UART_Init
                0x08019dc0       0xa0 build/usart.o
                0x08019dc0                MX_USART2_UART_Init
 .text.MX_USART3_UART_Init
                0x08019e60       0xa0 build/usart.o
                0x08019e60                MX_USART3_UART_Init
 .text.MX_USART10_UART_Init
                0x08019f00       0x98 build/usart.o
                0x08019f00                MX_USART10_UART_Init
 .text.HAL_UART_MspInit
                0x08019f98      0xb08 build/usart.o
                0x08019f98                HAL_UART_MspInit
 .text.BMI088_init
                0x0801aaa0       0x38 build/BMI088driver.o
                0x0801aaa0                BMI088_init
 .text.bmi088_accel_init
                0x0801aad8      0x170 build/BMI088driver.o
                0x0801aad8                bmi088_accel_init
 .text.bmi088_gyro_init
                0x0801ac48      0x130 build/BMI088driver.o
                0x0801ac48                bmi088_gyro_init
 .text.BMI088_read
                0x0801ad78      0x1d4 build/BMI088driver.o
                0x0801ad78                BMI088_read
 .text.BMI088_write_single_reg
                0x0801af4c       0x28 build/BMI088driver.o
 .text.BMI088_read_single_reg
                0x0801af74       0x30 build/BMI088driver.o
 .text.BMI088_read_muli_reg
                0x0801afa4       0x4a build/BMI088driver.o
 .text.BMI088_GPIO_init
                0x0801afee        0xe build/BMI088Middleware.o
                0x0801afee                BMI088_GPIO_init
 .text.BMI088_com_init
                0x0801affc        0xe build/BMI088Middleware.o
                0x0801affc                BMI088_com_init
 .text.BMI088_delay_ms
                0x0801b00a       0x28 build/BMI088Middleware.o
                0x0801b00a                BMI088_delay_ms
 *fill*         0x0801b032        0x2 
 .text.BMI088_delay_us
                0x0801b034       0x28 build/BMI088Middleware.o
                0x0801b034                BMI088_delay_us
 .text.BMI088_ACCEL_NS_L
                0x0801b05c       0x18 build/BMI088Middleware.o
                0x0801b05c                BMI088_ACCEL_NS_L
 .text.BMI088_ACCEL_NS_H
                0x0801b074       0x18 build/BMI088Middleware.o
                0x0801b074                BMI088_ACCEL_NS_H
 .text.BMI088_GYRO_NS_L
                0x0801b08c       0x18 build/BMI088Middleware.o
                0x0801b08c                BMI088_GYRO_NS_L
 .text.BMI088_GYRO_NS_H
                0x0801b0a4       0x18 build/BMI088Middleware.o
                0x0801b0a4                BMI088_GYRO_NS_H
 .text.BMI088_read_write_byte
                0x0801b0bc       0x2c build/BMI088Middleware.o
                0x0801b0bc                BMI088_read_write_byte
 .text.WS2812_Ctrl
                0x0801b0e8       0xf4 build/ws2812.o
                0x0801b0e8                WS2812_Ctrl
 .text.calc_crc8
                0x0801b1dc       0x44 build/ui_interface.o
                0x0801b1dc                calc_crc8
 .text.calc_crc16
                0x0801b220       0x5c build/ui_interface.o
                0x0801b220                calc_crc16
 .text.ui_proc_1_frame
                0x0801b27c       0x9c build/ui_interface.o
                0x0801b27c                ui_proc_1_frame
 .text.ui_proc_5_frame
                0x0801b318       0xa0 build/ui_interface.o
                0x0801b318                ui_proc_5_frame
 .text._ui_init_Omni_Chassis_high_0
                0x0801b3b8      0x438 build/ui_Omni_Chassis_high_0.o
                0x0801b3b8                _ui_init_Omni_Chassis_high_0
 .text._ui_update_Omni_Chassis_high_0
                0x0801b7f0       0x54 build/ui_Omni_Chassis_high_0.o
                0x0801b7f0                _ui_update_Omni_Chassis_high_0
 .text._ui_init_Omni_Shoot_Low_0
                0x0801b844      0x3bc build/ui_Omni_Shoot_Low_0.o
                0x0801b844                _ui_init_Omni_Shoot_Low_0
 .text._ui_update_Omni_Shoot_Low_0
                0x0801bc00       0x54 build/ui_Omni_Shoot_Low_0.o
                0x0801bc00                _ui_update_Omni_Shoot_Low_0
 .text._ui_remove_Omni_Shoot_static_0
                0x0801bc54       0x54 build/ui_Omni_Shoot_static_0.o
                0x0801bc54                _ui_remove_Omni_Shoot_static_0
 .text.AHRS_get_height
                0x0801bca8       0x22 build/AHRS_middleware.o
                0x0801bca8                AHRS_get_height
 *fill*         0x0801bcca        0x2 
 .text.AHRS_get_latitude
                0x0801bccc       0x24 build/AHRS_middleware.o
                0x0801bccc                AHRS_get_latitude
 .text.AHRS_invSqrt
                0x0801bcf0       0x2c build/AHRS_middleware.o
                0x0801bcf0                AHRS_invSqrt
 .text.AHRS_sinf
                0x0801bd1c       0x2c build/AHRS_middleware.o
                0x0801bd1c                AHRS_sinf
 .text.AHRS_cosf
                0x0801bd48       0x2c build/AHRS_middleware.o
                0x0801bd48                AHRS_cosf
 .text.AHRS_asinf
                0x0801bd74       0x20 build/AHRS_middleware.o
                0x0801bd74                AHRS_asinf
 .text.AHRS_atan2f
                0x0801bd94       0x28 build/AHRS_middleware.o
                0x0801bd94                AHRS_atan2f
 .text.get_CRC8_check_sum
                0x0801bdbc       0x44 build/CRC8_CRC16.o
                0x0801bdbc                get_CRC8_check_sum
 .text.verify_CRC8_check_sum
                0x0801be00       0x4e build/CRC8_CRC16.o
                0x0801be00                verify_CRC8_check_sum
 *fill*         0x0801be4e        0x2 
 .text.get_CRC16_check_sum
                0x0801be50       0x58 build/CRC8_CRC16.o
                0x0801be50                get_CRC16_check_sum
 .text.verify_CRC16_check_sum
                0x0801bea8       0x6c build/CRC8_CRC16.o
                0x0801bea8                verify_CRC16_check_sum
 .text.fifo_s_init
                0x0801bf14       0x44 build/fifo.o
                0x0801bf14                fifo_s_init
 .text.fifo_s_puts
                0x0801bf58       0xfa build/fifo.o
                0x0801bf58                fifo_s_puts
 .text.fifo_s_get
                0x0801c052       0x6a build/fifo.o
                0x0801c052                fifo_s_get
 .text.fifo_s_gets
                0x0801c0bc       0xfa build/fifo.o
                0x0801c0bc                fifo_s_gets
 .text.fifo_s_used
                0x0801c1b6       0x18 build/fifo.o
                0x0801c1b6                fifo_s_used
 .text.pid_set  0x0801c1ce       0x46 build/pid.o
                0x0801c1ce                pid_set
 .text.pid_cal  0x0801c214      0x160 build/pid.o
                0x0801c214                pid_cal
 .text.RampGenerator_SetAccel
                0x0801c374       0x30 build/ramp_generator.o
                0x0801c374                RampGenerator_SetAccel
 .text.uart_init
                0x0801c3a4       0xa0 build/UART_data_txrx.o
                0x0801c3a4                uart_init
 .text.UART_DMA_rxtx_start
                0x0801c444      0x18c build/UART_data_txrx.o
                0x0801c444                UART_DMA_rxtx_start
 .text.UART_send_data
                0x0801c5d0       0x2a build/UART_data_txrx.o
                0x0801c5d0                UART_send_data
 *fill*         0x0801c5fa        0x2 
 .text.HAL_UARTEx_RxEventCallback
                0x0801c5fc      0x85c build/UART_data_txrx.o
                0x0801c5fc                HAL_UARTEx_RxEventCallback
 .text.HAL_UART_RxCpltCallback
                0x0801ce58       0x14 build/UART_data_txrx.o
                0x0801ce58                HAL_UART_RxCpltCallback
 .text.HAL_UART_ErrorCallback
                0x0801ce6c      0x558 build/UART_data_txrx.o
                0x0801ce6c                HAL_UART_ErrorCallback
 .text.can_init
                0x0801d3c4       0xb0 build/CAN_receive_send.o
                0x0801d3c4                can_init
 .text.HAL_FDCAN_RxFifo0Callback
                0x0801d474       0x50 build/CAN_receive_send.o
                0x0801d474                HAL_FDCAN_RxFifo0Callback
 .text.HAL_FDCAN_ErrorCallback
                0x0801d4c4       0x66 build/CAN_receive_send.o
                0x0801d4c4                HAL_FDCAN_ErrorCallback
 .text.Get_sys_time_ms
                0x0801d52a        0xe build/Stm32_time.o
                0x0801d52a                Get_sys_time_ms
 .text.DJIMotor_init
                0x0801d538       0x74 build/motor.o
                0x0801d538                DJIMotor_init
 .text.DJIMotor_setzero
                0x0801d5ac       0x78 build/motor.o
                0x0801d5ac                DJIMotor_setzero
 .text.DJIMotor_set
                0x0801d624       0x6c build/motor.o
                0x0801d624                DJIMotor_set
 .text.DJIMotor_get_data
                0x0801d690       0x7c build/motor.o
                0x0801d690                DJIMotor_get_data
 .text.DJIMotor_get_process_motor_data
                0x0801d70c      0x328 build/motor.o
                0x0801d70c                DJIMotor_get_process_motor_data
 .text.DJIMotor_decode_candata
                0x0801da34       0xa0 build/motor.o
                0x0801da34                DJIMotor_decode_candata
 .text.DJIMotor_send_current
                0x0801dad4      0x3e0 build/motor.o
                0x0801dad4                DJIMotor_send_current
 .text.Supercup_decode_candata
                0x0801deb4       0x3c build/supercup.o
                0x0801deb4                Supercup_decode_candata
 .text.Supercup_send_data
                0x0801def0       0x88 build/supercup.o
                0x0801def0                Supercup_send_data
 .text.IMU_init
                0x0801df78       0xb8 build/IMU_updata.o
                0x0801df78                IMU_init
 .text.IMU_updata
                0x0801e030      0x25c build/IMU_updata.o
                0x0801e030                IMU_updata
 .text.IMU_heat_set
                0x0801e28c       0x24 build/IMU_updata.o
                0x0801e28c                IMU_heat_set
 .text.imu_temp_control
                0x0801e2b0       0x64 build/IMU_updata.o
 .text.update_sbus
                0x0801e314      0x31e build/DT7.o
                0x0801e314                update_sbus
 .text.hexToRGB
                0x0801e632       0x36 build/LED.o
                0x0801e632                hexToRGB
 .text.LEDshowcolor
                0x0801e668       0x2e build/LED.o
                0x0801e668                LEDshowcolor
 *fill*         0x0801e696        0x2 
 .text.referee_struct_init
                0x0801e698       0xdc build/referee_system.o
 .text.required_Data
                0x0801e774       0x88 build/referee_system.o
 .text.referee_data_solve
                0x0801e7fc      0x274 build/referee_system.o
 .text.Refree_system_init
                0x0801ea70       0x34 build/referee_system.o
                0x0801ea70                Refree_system_init
 .text.Referee_unpack_fifo_data
                0x0801eaa4      0x254 build/referee_system.o
                0x0801eaa4                Referee_unpack_fifo_data
 .text.Buzzer_init
                0x0801ecf8       0x24 build/buzzer.o
                0x0801ecf8                Buzzer_init
 .text.Wait     0x0801ed1c       0x4c build/remote_control.o
                0x0801ed1c                Wait
 .text.DT7toRCdata
                0x0801ed68       0xe4 build/remote_control.o
                0x0801ed68                DT7toRCdata
 .text.RC_control
                0x0801ee4c       0x84 build/remote_control.o
                0x0801ee4c                RC_control
 .text.Keyboard_mouse_control
                0x0801eed0      0x230 build/remote_control.o
                0x0801eed0                Keyboard_mouse_control
 .text.Chassis_init
                0x0801f100       0xb4 build/Chassis.o
                0x0801f100                Chassis_init
 .text.Chassis_set_x
                0x0801f1b4       0x20 build/Chassis.o
                0x0801f1b4                Chassis_set_x
 .text.Chassis_set_y
                0x0801f1d4       0x20 build/Chassis.o
                0x0801f1d4                Chassis_set_y
 .text.Chassis_set_accel
                0x0801f1f4       0x30 build/Chassis.o
                0x0801f1f4                Chassis_set_accel
 *fill*         0x0801f224        0x4 
 .text.ChassisMotor_Control
                0x0801f228      0x51c build/Chassis.o
                0x0801f228                ChassisMotor_Control
 .text.Chassis_move
                0x0801f744       0xb4 build/Chassis.o
                0x0801f744                Chassis_move
 .text.Gimbal_init
                0x0801f7f8      0x13c build/Gimbal.o
                0x0801f7f8                Gimbal_init
 .text.Gimbal_set_pitch_angle
                0x0801f934       0x54 build/Gimbal.o