Archive member included to satisfy reference by file (symbol)

Algorithm/AHRS.lib(ahrs.o)    build/IMU_updata.o (AHRS_init)
C:/msys64/mingw64/bin/../lib/gcc/arm-none-eabi/13.3.0/../../../../arm-none-eabi/lib/thumb/v7e-m+dp/hard\libc_nano.a(libc_a-atexit.o)
                              C:/msys64/mingw64/bin/../lib/gcc/arm-none-eabi/13.3.0/../../../../arm-none-eabi/lib/thumb/v7e-m+dp/hard/crt0.o (atexit)
C:/msys64/mingw64/bin/../lib/gcc/arm-none-eabi/13.3.0/../../../../arm-none-eabi/lib/thumb/v7e-m+dp/hard\libc_nano.a(libc_a-exit.o)
                              C:/msys64/mingw64/bin/../lib/gcc/arm-none-eabi/13.3.0/../../../../arm-none-eabi/lib/thumb/v7e-m+dp/hard/crt0.o (exit)
C:/msys64/mingw64/bin/../lib/gcc/arm-none-eabi/13.3.0/../../../../arm-none-eabi/lib/thumb/v7e-m+dp/hard\libc_nano.a(libc_a-malloc.o)
                              build/fifo.o (malloc)
C:/msys64/mingw64/bin/../lib/gcc/arm-none-eabi/13.3.0/../../../../arm-none-eabi/lib/thumb/v7e-m+dp/hard\libc_nano.a(libc_a-mallocr.o)
                              C:/msys64/mingw64/bin/../lib/gcc/arm-none-eabi/13.3.0/../../../../arm-none-eabi/lib/thumb/v7e-m+dp/hard\libc_nano.a(libc_a-malloc.o) (_malloc_r)
C:/msys64/mingw64/bin/../lib/gcc/arm-none-eabi/13.3.0/../../../../arm-none-eabi/lib/thumb/v7e-m+dp/hard\libc_nano.a(libc_a-mlock.o)
                              C:/msys64/mingw64/bin/../lib/gcc/arm-none-eabi/13.3.0/../../../../arm-none-eabi/lib/thumb/v7e-m+dp/hard\libc_nano.a(libc_a-mallocr.o) (__malloc_lock)
C:/msys64/mingw64/bin/../lib/gcc/arm-none-eabi/13.3.0/../../../../arm-none-eabi/lib/thumb/v7e-m+dp/hard\libc_nano.a(libc_a-findfp.o)
                              C:/msys64/mingw64/bin/../lib/gcc/arm-none-eabi/13.3.0/../../../../arm-none-eabi/lib/thumb/v7e-m+dp/hard\libc_nano.a(libc_a-exit.o) (__stdio_exit_handler)
C:/msys64/mingw64/bin/../lib/gcc/arm-none-eabi/13.3.0/../../../../arm-none-eabi/lib/thumb/v7e-m+dp/hard\libc_nano.a(libc_a-fwalk.o)
                              C:/msys64/mingw64/bin/../lib/gcc/arm-none-eabi/13.3.0/../../../../arm-none-eabi/lib/thumb/v7e-m+dp/hard\libc_nano.a(libc_a-findfp.o) (_fwalk_sglue)
C:/msys64/mingw64/bin/../lib/gcc/arm-none-eabi/13.3.0/../../../../arm-none-eabi/lib/thumb/v7e-m+dp/hard\libc_nano.a(libc_a-printf.o)
                              build/ui_interface.o (printf)
C:/msys64/mingw64/bin/../lib/gcc/arm-none-eabi/13.3.0/../../../../arm-none-eabi/lib/thumb/v7e-m+dp/hard\libc_nano.a(libc_a-puts.o)
                              build/freertos.o (puts)
C:/msys64/mingw64/bin/../lib/gcc/arm-none-eabi/13.3.0/../../../../arm-none-eabi/lib/thumb/v7e-m+dp/hard\libc_nano.a(libc_a-stdio.o)
                              C:/msys64/mingw64/bin/../lib/gcc/arm-none-eabi/13.3.0/../../../../arm-none-eabi/lib/thumb/v7e-m+dp/hard\libc_nano.a(libc_a-findfp.o) (__sread)
C:/msys64/mingw64/bin/../lib/gcc/arm-none-eabi/13.3.0/../../../../arm-none-eabi/lib/thumb/v7e-m+dp/hard\libc_nano.a(libc_a-wbuf.o)
                              C:/msys64/mingw64/bin/../lib/gcc/arm-none-eabi/13.3.0/../../../../arm-none-eabi/lib/thumb/v7e-m+dp/hard\libc_nano.a(libc_a-puts.o) (__swbuf_r)
C:/msys64/mingw64/bin/../lib/gcc/arm-none-eabi/13.3.0/../../../../arm-none-eabi/lib/thumb/v7e-m+dp/hard\libc_nano.a(libc_a-wsetup.o)
                              C:/msys64/mingw64/bin/../lib/gcc/arm-none-eabi/13.3.0/../../../../arm-none-eabi/lib/thumb/v7e-m+dp/hard\libc_nano.a(libc_a-puts.o) (__swsetup_r)
C:/msys64/mingw64/bin/../lib/gcc/arm-none-eabi/13.3.0/../../../../arm-none-eabi/lib/thumb/v7e-m+dp/hard\libc_nano.a(libc_a-memset.o)
                              C:/msys64/mingw64/bin/../lib/gcc/arm-none-eabi/13.3.0/../../../../arm-none-eabi/lib/thumb/v7e-m+dp/hard/crt0.o (memset)
C:/msys64/mingw64/bin/../lib/gcc/arm-none-eabi/13.3.0/../../../../arm-none-eabi/lib/thumb/v7e-m+dp/hard\libc_nano.a(libc_a-closer.o)
                              C:/msys64/mingw64/bin/../lib/gcc/arm-none-eabi/13.3.0/../../../../arm-none-eabi/lib/thumb/v7e-m+dp/hard\libc_nano.a(libc_a-stdio.o) (_close_r)
C:/msys64/mingw64/bin/../lib/gcc/arm-none-eabi/13.3.0/../../../../arm-none-eabi/lib/thumb/v7e-m+dp/hard\libc_nano.a(libc_a-reent.o)
                              C:/msys64/mingw64/bin/../lib/gcc/arm-none-eabi/13.3.0/../../../../arm-none-eabi/lib/thumb/v7e-m+dp/hard\libc_nano.a(libc_a-closer.o) (errno)
C:/msys64/mingw64/bin/../lib/gcc/arm-none-eabi/13.3.0/../../../../arm-none-eabi/lib/thumb/v7e-m+dp/hard\libc_nano.a(libc_a-impure.o)
                              C:/msys64/mingw64/bin/../lib/gcc/arm-none-eabi/13.3.0/../../../../arm-none-eabi/lib/thumb/v7e-m+dp/hard\libc_nano.a(libc_a-malloc.o) (_impure_ptr)
C:/msys64/mingw64/bin/../lib/gcc/arm-none-eabi/13.3.0/../../../../arm-none-eabi/lib/thumb/v7e-m+dp/hard\libc_nano.a(libc_a-lseekr.o)
                              C:/msys64/mingw64/bin/../lib/gcc/arm-none-eabi/13.3.0/../../../../arm-none-eabi/lib/thumb/v7e-m+dp/hard\libc_nano.a(libc_a-stdio.o) (_lseek_r)
[...]
Memory Configuration

Name             Origin             Length             Attributes
RAM              0x24000000         0x00020000         xrw
RAM_D2           0x30000000         0x00008000         xrw
RAM_D3           0x38000000         0x00004000         xrw
ITCMRAM          0x00000000         0x00010000         xrw
FLASH            0x08000000         0x00100000         xr
DTCMRAM          0x20000000         0x00020000         xrw
*default*        0x00000000         0xffffffff

Linker script and memory map

LOAD C:/msys64/mingw64/bin/../lib/gcc/arm-none-eabi/13.3.0/thumb/v7e-m+dp/hard/crti.o
LOAD C:/msys64/mingw64/bin/../lib/gcc/arm-none-eabi/13.3.0/thumb/v7e-m+dp/hard/crtbegin.o
LOAD C:/msys64/mingw64/bin/../lib/gcc/arm-none-eabi/13.3.0/../../../../arm-none-eabi/lib/thumb/v7e-m+dp/hard/crt0.o
LOAD build/main.o
LOAD build/iwdg.o
LOAD build/stm32h7xx_it.o
LOAD build/stm32h7xx_hal_msp.o
LOAD build/stm32h7xx_hal_timebase_tim.o
LOAD build/usb_device.o
LOAD build/usbd_desc.o
LOAD build/usbd_cdc_if.o
LOAD build/usbd_conf.o
LOAD build/stm32h7xx_hal_pcd.o
LOAD build/stm32h7xx_hal_pcd_ex.o
LOAD build/stm32h7xx_ll_usb.o
LOAD build/stm32h7xx_hal_rcc.o
LOAD build/stm32h7xx_hal_rcc_ex.o
LOAD build/stm32h7xx_hal_flash.o
LOAD build/stm32h7xx_hal_flash_ex.o
LOAD build/stm32h7xx_hal_gpio.o
LOAD build/stm32h7xx_hal_hsem.o
LOAD build/stm32h7xx_hal_dma.o
LOAD build/stm32h7xx_hal_dma_ex.o
LOAD build/stm32h7xx_hal_mdma.o
LOAD build/stm32h7xx_hal_pwr.o
LOAD build/stm32h7xx_hal_pwr_ex.o
LOAD build/stm32h7xx_hal_cortex.o
LOAD build/stm32h7xx_hal.o
LOAD build/stm32h7xx_hal_i2c.o
LOAD build/stm32h7xx_hal_i2c_ex.o
LOAD build/stm32h7xx_hal_exti.o
LOAD build/stm32h7xx_hal_fdcan.o
LOAD build/stm32h7xx_hal_ospi.o
LOAD build/stm32h7xx_hal_spi.o
LOAD build/stm32h7xx_hal_spi_ex.o
LOAD build/stm32h7xx_hal_tim.o
LOAD build/stm32h7xx_hal_tim_ex.o
LOAD build/stm32h7xx_hal_uart.o
LOAD build/stm32h7xx_hal_uart_ex.o
LOAD build/stm32h7xx_hal_iwdg.o
LOAD build/system_stm32h7xx.o
LOAD build/usbd_core.o
LOAD build/usbd_ctlreq.o
LOAD build/usbd_ioreq.o
LOAD build/usbd_cdc.o
LOAD build/freertos.o
LOAD build/croutine.o
LOAD build/event_groups.o
LOAD build/list.o
LOAD build/queue.o
LOAD build/stream_buffer.o
LOAD build/tasks.o
LOAD build/timers.o
LOAD build/cmsis_os2.o
LOAD build/heap_4.o
LOAD build/port.o
LOAD build/sysmem.o
LOAD build/syscalls.o
LOAD build/gpio.o
LOAD build/dma.o
LOAD build/fdcan.o
LOAD build/memorymap.o
LOAD build/octospi.o
LOAD build/spi.o
LOAD build/tim.o
LOAD build/usart.o
LOAD build/BMI088driver.o
LOAD build/BMI088Middleware.o
LOAD build/ws2812.o
LOAD build/w25q64.o
LOAD build/ui_interface.o
LOAD build/ui_Omni_Chassis_high_0.o
LOAD build/ui_Omni_Shoot_Low_0.o
LOAD build/ui_Omni_Shoot_static_0.o
LOAD build/AHRS_middleware.o
LOAD build/CRC8_CRC16.o
LOAD build/fifo.o
LOAD build/Kalman_Filter_c.o
LOAD build/madgwick.o
LOAD build/MahonyAHRS.o
LOAD build/pid.o
LOAD build/ramp_generator.o
LOAD build/UART_data_txrx.o
LOAD build/CAN_receive_send.o
LOAD build/Stm32_time.o
LOAD build/motor.o
LOAD build/supercup.o
LOAD build/IMU_updata.o
LOAD build/DT7.o
LOAD build/LED.o
LOAD build/referee_system.o
LOAD build/buzzer.o
LOAD build/remote_control.o
LOAD build/Chassis.o
LOAD build/Gimbal.o
LOAD build/Global_status.o
LOAD build/USB_VirCom.o
LOAD build/Auto_control.o
LOAD build/Power_switch.o
LOAD build/Shoot.o
LOAD build/ui.o
LOAD build/music.o
LOAD build/WFLY_ET16_remote_control.o
LOAD build/startup_stm32h723xx.o
LOAD Algorithm/AHRS.lib
LOAD C:/msys64/mingw64/bin/../lib/gcc/arm-none-eabi/13.3.0/../../../../arm-none-eabi/lib/thumb/v7e-m+dp/hard\libc_nano.a
LOAD C:/msys64/mingw64/bin/../lib/gcc/arm-none-eabi/13.3.0/../../../../arm-none-eabi/lib/thumb/v7e-m+dp/hard\libm.a
LOAD C:/msys64/mingw64/bin/../lib/gcc/arm-none-eabi/13.3.0/../../../../arm-none-eabi/lib/thumb/v7e-m+dp/hard\libnosys.a
START GROUP
LOAD C:/msys64/mingw64/bin/../lib/gcc/arm-none-eabi/13.3.0/thumb/v7e-m+dp/hard\libgcc.a
LOAD C:/msys64/mingw64/bin/../lib/gcc/arm-none-eabi/13.3.0/../../../../arm-none-eabi/lib/thumb/v7e-m+dp/hard\libc_nano.a
END GROUP
START GROUP
LOAD C:/msys64/mingw64/bin/../lib/gcc/arm-none-eabi/13.3.0/thumb/v7e-m+dp/hard\libgcc.a
LOAD C:/msys64/mingw64/bin/../lib/gcc/arm-none-eabi/13.3.0/../../../../arm-none-eabi/lib/thumb/v7e-m+dp/hard\libc_nano.a
END GROUP
LOAD C:/msys64/mingw64/bin/../lib/gcc/arm-none-eabi/13.3.0/thumb/v7e-m+dp/hard/crtend.o
LOAD C:/msys64/mingw64/bin/../lib/gcc/arm-none-eabi/13.3.0/thumb/v7e-m+dp/hard/crtn.o
                0x24020000                        _estack = (ORIGIN (RAM) + LENGTH (RAM))
                0x00000200                        _Min_Heap_Size = 0x200
                0x00000400                        _Min_Stack_Size = 0x400

.isr_vector     0x08000000      0x2cc
                0x08000000                        . = ALIGN (0x4)
 *(.isr_vector)
 .isr_vector    0x08000000      0x2cc build/startup_stm32h723xx.o
                0x08000000                g_pfnVectors
                0x080002cc                        . = ALIGN (0x4)

.text           0x080002d0    0x20a00
                0x080002d0                        . = ALIGN (0x4)
 *(.text)
 .text          0x080002d0      0x148 C:/msys64/mingw64/bin/../lib/gcc/arm-none-eabi/13.3.0/../../../../arm-none-eabi/lib/thumb/v7e-m+dp/hard\libc_nano.a(libc_a-mallocr.o)
                0x08000318                _malloc_r
 .text          0x08000418       0x18 C:/msys64/mingw64/bin/../lib/gcc/arm-none-eabi/13.3.0/../../../../arm-none-eabi/lib/thumb/v7e-m+dp/hard\libc_nano.a(libc_a-mlock.o)
                0x08000418                __malloc_lock
                0x08000424                __malloc_unlock
 .text          0x08000430      0x2dc C:/msys64/mingw64/bin/../lib/gcc/arm-none-eabi/13.3.0/../../../../arm-none-eabi/lib/thumb/v7e-m+dp/hard\libc_nano.a(libc_a-findfp.o)
                0x080005ac                __sfp
                0x0800066c                __sinit
                0x080006ac                __sfp_lock_acquire
                0x080006b8                __sfp_lock_release
                0x080006c4                __fp_lock_all
                0x080006e8                __fp_unlock_all
 .text          0x0800070c       0x44 C:/msys64/mingw64/bin/../lib/gcc/arm-none-eabi/13.3.0/../../../../arm-none-eabi/lib/thumb/v7e-m+dp/hard\libc_nano.a(libc_a-fwalk.o)
                0x0800070c                _fwalk_sglue
 .text          0x08000750       0xd0 C:/msys64/mingw64/bin/../lib/gcc/arm-none-eabi/13.3.0/../../../../arm-none-eabi/lib/thumb/v7e-m+dp/hard\libc_nano.a(libc_a-puts.o)
                0x08000750                _puts_r
                0x08000810                puts
 .text          0x08000820       0x94 C:/msys64/mingw64/bin/../lib/gcc/arm-none-eabi/13.3.0/../../../../arm-none-eabi/lib/thumb/v7e-m+dp/hard\libc_nano.a(libc_a-stdio.o)
                0x08000820                __sread
                0x08000844                __seofread
                0x08000848                __swrite
                0x08000888                __sseek
                0x080008ac                __sclose
 .text          0x080008b4       0xa0 C:/msys64/mingw64/bin/../lib/gcc/arm-none-eabi/13.3.0/../../../../arm-none-eabi/lib/thumb/v7e-m+dp/hard\libc_nano.a(libc_a-wbuf.o)
                0x080008b4                __swbuf_r
                0x0800093c                __swbuf
 .text          0x08000954       0xc4 C:/msys64/mingw64/bin/../lib/gcc/arm-none-eabi/13.3.0/../../../../arm-none-eabi/lib/thumb/v7e-m+dp/hard\libc_nano.a(libc_a-wsetup.o)
                0x08000954                __swsetup_r
 .text          0x08000a18       0xa4 C:/msys64/mingw64/bin/../lib/gcc/arm-none-eabi/13.3.0/../../../../arm-none-eabi/lib/thumb/v7e-m+dp/hard\libc_nano.a(libc_a-memset.o)
                0x08000a18                memset
 .text          0x08000abc       0x24 C:/msys64/mingw64/bin/../lib/gcc/arm-none-eabi/13.3.0/../../../../arm-none-eabi/lib/thumb/v7e-m+dp/hard\libc_nano.a(libc_a-closer.o)
                0x08000abc                _close_r
 .text          0x08000ae0       0x2c C:/msys64/mingw64/bin/../lib/gcc/arm-none-eabi/13.3.0/../../../../arm-none-eabi/lib/thumb/v7e-m+dp/hard\libc_nano.a(libc_a-lseekr.o)
                0x08000ae0                _lseek_r
 .text          0x08000b0c       0x2c C:/msys64/mingw64/bin/../lib/gcc/arm-none-eabi/13.3.0/../../../../arm-none-eabi/lib/thumb/v7e-m+dp/hard\libc_nano.a(libc_a-readr.o)
                0x08000b0c                _read_r
 .text          0x08000b38       0x24 C:/msys64/mingw64/bin/../lib/gcc/arm-none-eabi/13.3.0/../../../../arm-none-eabi/lib/thumb/v7e-m+dp/hard\libc_nano.a(libc_a-sbrkr.o)
                0x08000b38                _sbrk_r
 .text          0x08000b5c       0x2c C:/msys64/mingw64/bin/../lib/gcc/arm-none-eabi/13.3.0/../../../../arm-none-eabi/lib/thumb/v7e-m+dp/hard\libc_nano.a(libc_a-writer.o)
                0x08000b5c                _write_r
 .text          0x08000b88        0xc C:/msys64/mingw64/bin/../lib/gcc/arm-none-eabi/13.3.0/../../../../arm-none-eabi/lib/thumb/v7e-m+dp/hard\libc_nano.a(libc_a-errno.o)
                0x08000b88                __errno
 .text          0x08000b94       0x50 C:/msys64/mingw64/bin/../lib/gcc/arm-none-eabi/13.3.0/../../../../arm-none-eabi/lib/thumb/v7e-m+dp/hard\libc_nano.a(libc_a-init.o)
                0x08000b94                __libc_init_array
 .text          0x08000be4       0x28 C:/msys64/mingw64/bin/../lib/gcc/arm-none-eabi/13.3.0/../../../../arm-none-eabi/lib/thumb/v7e-m+dp/hard\libc_nano.a(libc_a-lock.o)
                0x08000be4                __retarget_lock_init
                0x08000be8                __retarget_lock_init_recursive
                0x08000bec                __retarget_lock_close
                0x08000bf0                __retarget_lock_close_recursive
                0x08000bf4                __retarget_lock_acquire
                0x08000bf8                __retarget_lock_acquire_recursive
                0x08000bfc                __retarget_lock_try_acquire
                0x08000c00                __retarget_lock_try_acquire_recursive
                0x08000c04                __retarget_lock_release
                0x08000c08                __retarget_lock_release_recursive
 .text          0x08000c0c        0x8 C:/msys64/mingw64/bin/../lib/gcc/arm-none-eabi/13.3.0/../../../../arm-none-eabi/lib/thumb/v7e-m+dp/hard\libc_nano.a(libc_a-aeabi_memclr.o)
                0x08000c0c                __aeabi_memclr
                0x08000c0c                __aeabi_memclr4
                0x08000c0c                __aeabi_memclr8
 .text          0x08000c14      0x134 C:/msys64/mingw64/bin/../lib/gcc/arm-none-eabi/13.3.0/../../../../arm-none-eabi/lib/thumb/v7e-m+dp/hard\libc_nano.a(libc_a-memcpy.o)
                0x08000c14                memcpy
 .text          0x08000d48       0xbc C:/msys64/mingw64/bin/../lib/gcc/arm-none-eabi/13.3.0/../../../../arm-none-eabi/lib/thumb/v7e-m+dp/hard\libc_nano.a(libc_a-freer.o)
                0x08000d48                _free_r
 .text          0x08000e04      0x1a4 C:/msys64/mingw64/bin/../lib/gcc/arm-none-eabi/13.3.0/../../../../arm-none-eabi/lib/thumb/v7e-m+dp/hard\libc_nano.a(libc_a-fflush.o)
                0x08000e04                __sflush_r
                0x08000f28                _fflush_r
                0x08000f80                fflush
 .text          0x08000fa8      0x114 C:/msys64/mingw64/bin/../lib/gcc/arm-none-eabi/13.3.0/../../../../arm-none-eabi/lib/thumb/v7e-m+dp/hard\libc_nano.a(libc_a-makebuf.o)
                0x08000fa8                __smakebuf_r
                0x0800106c                __swhatbuf_r
 .text          0x080010bc       0x2c C:/msys64/mingw64/bin/../lib/gcc/arm-none-eabi/13.3.0/../../../../arm-none-eabi/lib/thumb/v7e-m+dp/hard\libc_nano.a(libc_a-fstatr.o)
                0x080010bc                _fstat_r
 .text          0x080010e8       0x24 C:/msys64/mingw64/bin/../lib/gcc/arm-none-eabi/13.3.0/../../../../arm-none-eabi/lib/thumb/v7e-m+dp/hard\libc_nano.a(libc_a-isattyr.o)
                0x080010e8                _isatty_r
 .text          0x0800110c       0x9a C:/msys64/mingw64/bin/../lib/gcc/arm-none-eabi/13.3.0/../../../../arm-none-eabi/lib/thumb/v7e-m+dp/hard\libc_nano.a(libc_a-aeabi_memset-soft.o)
                0x0800110c                __aeabi_memset8
                0x0800110c                __aeabi_memset4
                0x0800110c                __aeabi_memset
 *fill*         0x080011a6        0x2 
 .text          0x080011a8       0x80 C:/msys64/mingw64/bin/../lib/gcc/arm-none-eabi/13.3.0/../../../../arm-none-eabi/lib/thumb/v7e-m+dp/hard\libm.a(libm_a-s_cos.o)
                0x080011a8                cos
 .text          0x08001228       0x80 C:/msys64/mingw64/bin/../lib/gcc/arm-none-eabi/13.3.0/../../../../arm-none-eabi/lib/thumb/v7e-m+dp/hard\libm.a(libm_a-s_sin.o)
                0x08001228                sin
 .text          0x080012a8       0x58 C:/msys64/mingw64/bin/../lib/gcc/arm-none-eabi/13.3.0/../../../../arm-none-eabi/lib/thumb/v7e-m+dp/hard\libm.a(libm_a-wf_asin.o)
                0x080012a8                asinf
 .text          0x08001300        0x4 C:/msys64/mingw64/bin/../lib/gcc/arm-none-eabi/13.3.0/../../../../arm-none-eabi/lib/thumb/v7e-m+dp/hard\libm.a(libm_a-wf_atan2.o)
                0x08001300                atan2f
 .text          0x08001304       0x44 C:/msys64/mingw64/bin/../lib/gcc/arm-none-eabi/13.3.0/../../../../arm-none-eabi/lib/thumb/v7e-m+dp/hard\libm.a(libm_a-wf_sqrt.o)
                0x08001304                sqrtf
 .text          0x08001348       0x10 C:/msys64/mingw64/bin/../lib/gcc/arm-none-eabi/13.3.0/../../../../arm-none-eabi/lib/thumb/v7e-m+dp/hard\libm.a(libm_a-sf_fabs.o)
                0x08001348                fabsf
 .text          0x08001358        0xc C:/msys64/mingw64/bin/../lib/gcc/arm-none-eabi/13.3.0/../../../../arm-none-eabi/lib/thumb/v7e-m+dp/hard\libm.a(libm_a-sf_nan.o)
                0x08001358                nanf
 .text          0x08001364       0x3c C:/msys64/mingw64/bin/../lib/gcc/arm-none-eabi/13.3.0/../../../../arm-none-eabi/lib/thumb/v7e-m+dp/hard\libm.a(libm_a-sf_fmax.o)
                0x08001364                fmaxf
 .text          0x080013a0       0x38 C:/msys64/mingw64/bin/../lib/gcc/arm-none-eabi/13.3.0/../../../../arm-none-eabi/lib/thumb/v7e-m+dp/hard\libm.a(libm_a-sf_fpclassify.o)
                0x080013a0                __fpclassifyf
 .text          0x080013d8        0x8 C:/msys64/mingw64/bin/../lib/gcc/arm-none-eabi/13.3.0/../../../../arm-none-eabi/lib/thumb/v7e-m+dp/hard\libm.a(libm_a-ef_sqrt.o)
                0x080013d8                __ieee754_sqrtf
 .text          0x080013e0      0x130 C:/msys64/mingw64/bin/../lib/gcc/arm-none-eabi/13.3.0/../../../../arm-none-eabi/lib/thumb/v7e-m+dp/hard\libm.a(libm_a-k_cos.o)
                0x080013e0                __kernel_cos
 .text          0x08001510       0xb0 C:/msys64/mingw64/bin/../lib/gcc/arm-none-eabi/13.3.0/../../../../arm-none-eabi/lib/thumb/v7e-m+dp/hard\libm.a(libm_a-k_sin.o)
                0x08001510                __kernel_sin
 .text          0x080015c0      0x29c C:/msys64/mingw64/bin/../lib/gcc/arm-none-eabi/13.3.0/../../../../arm-none-eabi/lib/thumb/v7e-m+dp/hard\libm.a(libm_a-e_rem_pio2.o)
                0x080015c0                __ieee754_rem_pio2
 .text          0x0800185c       0x10 C:/msys64/mingw64/bin/../lib/gcc/arm-none-eabi/13.3.0/../../../../arm-none-eabi/lib/thumb/v7e-m+dp/hard\libm.a(libm_a-s_fabs.o)
                0x0800185c                fabs
 .text          0x0800186c      0x1f8 C:/msys64/mingw64/bin/../lib/gcc/arm-none-eabi/13.3.0/../../../../arm-none-eabi/lib/thumb/v7e-m+dp/hard\libm.a(libm_a-ef_asin.o)
                0x0800186c                __ieee754_asinf
 .text          0x08001a64      0x148 C:/msys64/mingw64/bin/../lib/gcc/arm-none-eabi/13.3.0/../../../../arm-none-eabi/lib/thumb/v7e-m+dp/hard\libm.a(libm_a-ef_atan2.o)
                0x08001a64                __ieee754_atan2f
 .text          0x08001bac      0x19c C:/msys64/mingw64/bin/../lib/gcc/arm-none-eabi/13.3.0/../../../../arm-none-eabi/lib/thumb/v7e-m+dp/hard\libm.a(libm_a-sf_atan.o)
                0x08001bac                atanf
 .text          0x08001d48      0x678 C:/msys64/mingw64/bin/../lib/gcc/arm-none-eabi/13.3.0/../../../../arm-none-eabi/lib/thumb/v7e-m+dp/hard\libm.a(libm_a-k_rem_pio2.o)
                0x08001d48                __kernel_rem_pio2
 .text          0x080023c0      0x104 C:/msys64/mingw64/bin/../lib/gcc/arm-none-eabi/13.3.0/../../../../arm-none-eabi/lib/thumb/v7e-m+dp/hard\libm.a(libm_a-s_scalbn.o)
                0x080023c0                scalbn
 *fill*         0x080024c4        0x4 
 .text          0x080024c8      0x118 C:/msys64/mingw64/bin/../lib/gcc/arm-none-eabi/13.3.0/../../../../arm-none-eabi/lib/thumb/v7e-m+dp/hard\libm.a(libm_a-s_floor.o)
                0x080024c8                floor
 .text          0x080025e0      0x21c C:/msys64/mingw64/bin/../lib/gcc/arm-none-eabi/13.3.0/thumb/v7e-m+dp/hard\libgcc.a(_arm_addsubsf3.o)
                0x080025e0                __aeabi_frsub
                0x080025e8                __subsf3
                0x080025e8                __aeabi_fsub
                0x080025ec                __aeabi_fadd
                0x080025ec                __addsf3
                0x0800274c                __aeabi_ui2f
                0x0800274c                __floatunsisf
                0x08002754                __aeabi_i2f
                0x08002754                __floatsisf
                0x08002770                __aeabi_ul2f
                0x08002770                __floatundisf
                0x08002780                __aeabi_l2f
                0x08002780                __floatdisf
 .text          0x080027fc       0x30 C:/msys64/mingw64/bin/../lib/gcc/arm-none-eabi/13.3.0/thumb/v7e-m+dp/hard\libgcc.a(_aeabi_uldivmod.o)
                0x080027fc                __aeabi_uldivmod
 .text          0x0800282c        0x4 C:/msys64/mingw64/bin/../lib/gcc/arm-none-eabi/13.3.0/thumb/v7e-m+dp/hard\libgcc.a(_dvmd_tls.o)
                0x0800282c                __aeabi_idiv0
                0x0800282c                __aeabi_ldiv0
 *(.text*)
 .text.__do_global_dtors_aux
                0x08002830       0x24 C:/msys64/mingw64/bin/../lib/gcc/arm-none-eabi/13.3.0/thumb/v7e-m+dp/hard/crtbegin.o
 .text.frame_dummy
                0x08002854       0x1c C:/msys64/mingw64/bin/../lib/gcc/arm-none-eabi/13.3.0/thumb/v7e-m+dp/hard/crtbegin.o
 .text.main     0x08002870       0xa8 build/main.o
                0x08002870                main
 .text.SystemClock_Config
                0x08002918      0x104 build/main.o
                0x08002918                SystemClock_Config
 .text.MPU_Config
                0x08002a1c       0xa0 build/main.o
 .text.HAL_TIM_PeriodElapsedCallback
                0x08002abc       0x58 build/main.o
                0x08002abc                HAL_TIM_PeriodElapsedCallback
 .text.Error_Handler
                0x08002b14        0xc build/main.o
                0x08002b14                Error_Handler
 .text.MX_IWDG1_Init
                0x08002b20       0x3c build/iwdg.o
                0x08002b20                MX_IWDG1_Init
 .text.NMI_Handler
                0x08002b5c        0x8 build/stm32h7xx_it.o
                0x08002b5c                NMI_Handler
 .text.HardFault_Handler
                0x08002b64        0x8 build/stm32h7xx_it.o
                0x08002b64                HardFault_Handler
 .text.MemManage_Handler
                0x08002b6c        0x8 build/stm32h7xx_it.o
                0x08002b6c                MemManage_Handler
 .text.BusFault_Handler
                0x08002b74        0x8 build/stm32h7xx_it.o
                0x08002b74                BusFault_Handler
 .text.UsageFault_Handler
                0x08002b7c        0x8 build/stm32h7xx_it.o
                0x08002b7c                UsageFault_Handler
 .text.DebugMon_Handler
                0x08002b84        0xe build/stm32h7xx_it.o
                0x08002b84                DebugMon_Handler
 *fill*         0x08002b92        0x2 
 .text.DMA1_Stream0_IRQHandler
                0x08002b94       0x14 build/stm32h7xx_it.o
                0x08002b94                DMA1_Stream0_IRQHandler
 .text.DMA1_Stream1_IRQHandler
                0x08002ba8       0x14 build/stm32h7xx_it.o
                0x08002ba8                DMA1_Stream1_IRQHandler
 .text.DMA1_Stream2_IRQHandler
                0x08002bbc       0x14 build/stm32h7xx_it.o
                0x08002bbc                DMA1_Stream2_IRQHandler
 .text.DMA1_Stream3_IRQHandler
                0x08002bd0       0x14 build/stm32h7xx_it.o
                0x08002bd0                DMA1_Stream3_IRQHandler
 .text.DMA1_Stream4_IRQHandler
                0x08002be4       0x14 build/stm32h7xx_it.o
                0x08002be4                DMA1_Stream4_IRQHandler
 .text.DMA1_Stream5_IRQHandler
                0x08002bf8       0x14 build/stm32h7xx_it.o
                0x08002bf8                DMA1_Stream5_IRQHandler
 .text.DMA1_Stream6_IRQHandler
                0x08002c0c       0x14 build/stm32h7xx_it.o
                0x08002c0c                DMA1_Stream6_IRQHandler
 .text.FDCAN1_IT0_IRQHandler
                0x08002c20       0x14 build/stm32h7xx_it.o
                0x08002c20                FDCAN1_IT0_IRQHandler
 .text.FDCAN2_IT0_IRQHandler
                0x08002c34       0x14 build/stm32h7xx_it.o
                0x08002c34                FDCAN2_IT0_IRQHandler
 .text.FDCAN1_IT1_IRQHandler
                0x08002c48       0x14 build/stm32h7xx_it.o
                0x08002c48                FDCAN1_IT1_IRQHandler
 .text.FDCAN2_IT1_IRQHandler
                0x08002c5c       0x14 build/stm32h7xx_it.o
                0x08002c5c                FDCAN2_IT1_IRQHandler
 .text.SPI2_IRQHandler
                0x08002c70       0x14 build/stm32h7xx_it.o
                0x08002c70                SPI2_IRQHandler
 .text.USART1_IRQHandler
                0x08002c84       0x14 build/stm32h7xx_it.o
                0x08002c84                USART1_IRQHandler
 .text.USART2_IRQHandler
                0x08002c98       0x14 build/stm32h7xx_it.o
                0x08002c98                USART2_IRQHandler
 .text.USART3_IRQHandler
                0x08002cac       0x14 build/stm32h7xx_it.o
                0x08002cac                USART3_IRQHandler
 .text.TIM8_BRK_TIM12_IRQHandler
                0x08002cc0       0x14 build/stm32h7xx_it.o
                0x08002cc0                TIM8_BRK_TIM12_IRQHandler
 .text.TIM8_UP_TIM13_IRQHandler
                0x08002cd4       0x14 build/stm32h7xx_it.o
                0x08002cd4                TIM8_UP_TIM13_IRQHandler
 .text.TIM8_TRG_COM_TIM14_IRQHandler
                0x08002ce8       0x14 build/stm32h7xx_it.o
                0x08002ce8                TIM8_TRG_COM_TIM14_IRQHandler
 .text.DMA1_Stream7_IRQHandler
                0x08002cfc       0x14 build/stm32h7xx_it.o
                0x08002cfc                DMA1_Stream7_IRQHandler
 .text.UART5_IRQHandler
                0x08002d10       0x14 build/stm32h7xx_it.o
                0x08002d10                UART5_IRQHandler
 .text.DMA2_Stream0_IRQHandler
                0x08002d24       0x14 build/stm32h7xx_it.o
                0x08002d24                DMA2_Stream0_IRQHandler
 .text.DMA2_Stream1_IRQHandler
                0x08002d38       0x14 build/stm32h7xx_it.o
                0x08002d38                DMA2_Stream1_IRQHandler
 .text.DMA2_Stream2_IRQHandler
                0x08002d4c       0x14 build/stm32h7xx_it.o
                0x08002d4c                DMA2_Stream2_IRQHandler
 .text.DMA2_Stream3_IRQHandler
                0x08002d60       0x14 build/stm32h7xx_it.o
                0x08002d60                DMA2_Stream3_IRQHandler
 .text.DMA2_Stream4_IRQHandler
                0x08002d74       0x14 build/stm32h7xx_it.o
                0x08002d74                DMA2_Stream4_IRQHandler
 .text.OTG_HS_IRQHandler
                0x08002d88       0x14 build/stm32h7xx_it.o
                0x08002d88                OTG_HS_IRQHandler
 .text.UART7_IRQHandler
                0x08002d9c       0x14 build/stm32h7xx_it.o
                0x08002d9c                UART7_IRQHandler
 .text.USART10_IRQHandler
                0x08002db0       0x14 build/stm32h7xx_it.o
                0x08002db0                USART10_IRQHandler
 .text.FDCAN3_IT0_IRQHandler
                0x08002dc4       0x14 build/stm32h7xx_it.o
                0x08002dc4                FDCAN3_IT0_IRQHandler
 .text.FDCAN3_IT1_IRQHandler
                0x08002dd8       0x14 build/stm32h7xx_it.o
                0x08002dd8                FDCAN3_IT1_IRQHandler
 .text.TIM23_IRQHandler
                0x08002dec       0x14 build/stm32h7xx_it.o
                0x08002dec                TIM23_IRQHandler
 .text.HAL_MspInit
                0x08002e00       0x3c build/stm32h7xx_hal_msp.o
                0x08002e00                HAL_MspInit
 .text.HAL_InitTick
                0x08002e3c       0xc4 build/stm32h7xx_hal_timebase_tim.o
                0x08002e3c                HAL_InitTick
 .text.MX_USB_DEVICE_Init
                0x08002f00       0x64 build/usb_device.o
                0x08002f00                MX_USB_DEVICE_Init
 .text.USBD_HS_DeviceDescriptor
                0x08002f64       0x24 build/usbd_desc.o
                0x08002f64                USBD_HS_DeviceDescriptor
 .text.USBD_HS_LangIDStrDescriptor
                0x08002f88       0x24 build/usbd_desc.o
                0x08002f88                USBD_HS_LangIDStrDescriptor
 .text.USBD_HS_ProductStrDescriptor
                0x08002fac       0x3c build/usbd_desc.o
                0x08002fac                USBD_HS_ProductStrDescriptor
 .text.USBD_HS_ManufacturerStrDescriptor
                0x08002fe8       0x28 build/usbd_desc.o
                0x08002fe8                USBD_HS_ManufacturerStrDescriptor
 .text.USBD_HS_SerialStrDescriptor
                0x08003010       0x24 build/usbd_desc.o
                0x08003010                USBD_HS_SerialStrDescriptor
 .text.USBD_HS_ConfigStrDescriptor
                0x08003034       0x3c build/usbd_desc.o
                0x08003034                USBD_HS_ConfigStrDescriptor
 .text.USBD_HS_InterfaceStrDescriptor
                0x08003070       0x3c build/usbd_desc.o
                0x08003070                USBD_HS_InterfaceStrDescriptor
 .text.Get_SerialNum
                0x080030ac       0x58 build/usbd_desc.o
 .text.IntToUnicode
                0x08003104       0x7e build/usbd_desc.o
 *fill*         0x08003182        0x2 
 .text.CDC_Init_HS
                0x08003184       0x3c build/usbd_cdc_if.o
 .text.CDC_DeInit_HS
                0x080031c0       0x10 build/usbd_cdc_if.o
 .text.CDC_Control_HS
                0x080031d0       0xbc build/usbd_cdc_if.o
 .text.CDC_Receive_HS
                0x0800328c       0x34 build/usbd_cdc_if.o
 .text.CDC_Transmit_HS
                0x080032c0       0x4c build/usbd_cdc_if.o
                0x080032c0                CDC_Transmit_HS
 .text.CDC_TransmitCplt_HS
                0x0800330c       0x4c build/usbd_cdc_if.o
 .text.HAL_PCD_MspInit
                0x08003358       0x8c build/usbd_conf.o
                0x08003358                HAL_PCD_MspInit
 .text.HAL_PCD_SetupStageCallback
                0x080033e4       0x24 build/usbd_conf.o
                0x080033e4                HAL_PCD_SetupStageCallback
 .text.HAL_PCD_DataOutStageCallback
                0x08003408       0x36 build/usbd_conf.o
                0x08003408                HAL_PCD_DataOutStageCallback
 .text.HAL_PCD_DataInStageCallback
                0x0800343e       0x34 build/usbd_conf.o
                0x0800343e                HAL_PCD_DataInStageCallback
 .text.HAL_PCD_SOFCallback
                0x08003472       0x1c build/usbd_conf.o
                0x08003472                HAL_PCD_SOFCallback
 .text.HAL_PCD_ResetCallback
                0x0800348e       0x50 build/usbd_conf.o
                0x0800348e                HAL_PCD_ResetCallback
 *fill*         0x080034de        0x2 
 .text.HAL_PCD_SuspendCallback
                0x080034e0       0x4c build/usbd_conf.o
                0x080034e0                HAL_PCD_SuspendCallback
 .text.HAL_PCD_ResumeCallback
                0x0800352c       0x1c build/usbd_conf.o
                0x0800352c                HAL_PCD_ResumeCallback
 .text.HAL_PCD_ISOOUTIncompleteCallback
                0x08003548       0x24 build/usbd_conf.o
                0x08003548                HAL_PCD_ISOOUTIncompleteCallback
 .text.HAL_PCD_ISOINIncompleteCallback
                0x0800356c       0x24 build/usbd_conf.o
                0x0800356c                HAL_PCD_ISOINIncompleteCallback
 .text.HAL_PCD_ConnectCallback
                0x08003590       0x1c build/usbd_conf.o
                0x08003590                HAL_PCD_ConnectCallback
 .text.HAL_PCD_DisconnectCallback
                0x080035ac       0x1c build/usbd_conf.o
                0x080035ac                HAL_PCD_DisconnectCallback
 .text.USBD_LL_Init
                0x080035c8       0xa4 build/usbd_conf.o
                0x080035c8                USBD_LL_Init
 .text.USBD_LL_Start
                0x0800366c       0x36 build/usbd_conf.o
                0x0800366c                USBD_LL_Start
 .text.USBD_LL_OpenEP
                0x080036a2       0x4c build/usbd_conf.o
                0x080036a2                USBD_LL_OpenEP
 .text.USBD_LL_CloseEP
                0x080036ee       0x3e build/usbd_conf.o
                0x080036ee                USBD_LL_CloseEP
 .text.USBD_LL_StallEP
                0x0800372c       0x3e build/usbd_conf.o
                0x0800372c                USBD_LL_StallEP
 .text.USBD_LL_ClearStallEP
                0x0800376a       0x3e build/usbd_conf.o
                0x0800376a                USBD_LL_ClearStallEP
 .text.USBD_LL_IsStallEP
                0x080037a8       0x58 build/usbd_conf.o
                0x080037a8                USBD_LL_IsStallEP
 .text.USBD_LL_SetUSBAddress
                0x08003800       0x3e build/usbd_conf.o
                0x08003800                USBD_LL_SetUSBAddress
 .text.USBD_LL_Transmit
                0x0800383e       0x42 build/usbd_conf.o
                0x0800383e                USBD_LL_Transmit
 .text.USBD_LL_PrepareReceive
                0x08003880       0x42 build/usbd_conf.o
                0x08003880                USBD_LL_PrepareReceive
 .text.USBD_LL_GetRxDataSize
                0x080038c2       0x26 build/usbd_conf.o
                0x080038c2                USBD_LL_GetRxDataSize
 .text.USBD_static_malloc
                0x080038e8       0x1c build/usbd_conf.o
                0x080038e8                USBD_static_malloc
 .text.USBD_static_free
                0x08003904       0x14 build/usbd_conf.o
                0x08003904                USBD_static_free
 .text.USBD_Get_USB_Status
                0x08003918       0x58 build/usbd_conf.o
                0x08003918                USBD_Get_USB_Status
 .text.HAL_PCD_Init
                0x08003970      0x218 build/stm32h7xx_hal_pcd.o
                0x08003970                HAL_PCD_Init
 .text.HAL_PCD_Start
                0x08003b88       0x6a build/stm32h7xx_hal_pcd.o
                0x08003b88                HAL_PCD_Start
 .text.HAL_PCD_IRQHandler
                0x08003bf2      0x99c build/stm32h7xx_hal_pcd.o
                0x08003bf2                HAL_PCD_IRQHandler
 .text.HAL_PCD_SetAddress
                0x0800458e       0x48 build/stm32h7xx_hal_pcd.o
                0x0800458e                HAL_PCD_SetAddress
 .text.HAL_PCD_EP_Open
                0x080045d6       0xd4 build/stm32h7xx_hal_pcd.o
                0x080045d6                HAL_PCD_EP_Open
 .text.HAL_PCD_EP_Close
                0x080046aa       0x94 build/stm32h7xx_hal_pcd.o
                0x080046aa                HAL_PCD_EP_Close
 .text.HAL_PCD_EP_Receive
                0x0800473e       0x76 build/stm32h7xx_hal_pcd.o
                0x0800473e                HAL_PCD_EP_Receive
 .text.HAL_PCD_EP_GetRxCount
                0x080047b4       0x30 build/stm32h7xx_hal_pcd.o
                0x080047b4                HAL_PCD_EP_GetRxCount
 .text.HAL_PCD_EP_Transmit
                0x080047e4       0x74 build/stm32h7xx_hal_pcd.o
                0x080047e4                HAL_PCD_EP_Transmit
 .text.HAL_PCD_EP_SetStall
                0x08004858       0xc6 build/stm32h7xx_hal_pcd.o
                0x08004858                HAL_PCD_EP_SetStall
 .text.HAL_PCD_EP_ClrStall
                0x0800491e       0xac build/stm32h7xx_hal_pcd.o
                0x0800491e                HAL_PCD_EP_ClrStall
 .text.HAL_PCD_EP_Abort
                0x080049ca       0x62 build/stm32h7xx_hal_pcd.o
                0x080049ca                HAL_PCD_EP_Abort
 .text.PCD_WriteEmptyTxFifo
                0x08004a2c      0x118 build/stm32h7xx_hal_pcd.o
 .text.PCD_EP_OutXfrComplete_int
                0x08004b44      0x1d0 build/stm32h7xx_hal_pcd.o
 .text.PCD_EP_OutSetupPacket_int
                0x08004d14       0x8c build/stm32h7xx_hal_pcd.o
 .text.HAL_PCDEx_SetTxFiFo
                0x08004da0       0x8e build/stm32h7xx_hal_pcd_ex.o
                0x08004da0                HAL_PCDEx_SetTxFiFo
 .text.HAL_PCDEx_SetRxFiFo
                0x08004e2e       0x22 build/stm32h7xx_hal_pcd_ex.o
                0x08004e2e                HAL_PCDEx_SetRxFiFo
 .text.HAL_PCDEx_ActivateLPM
                0x08004e50       0x48 build/stm32h7xx_hal_pcd_ex.o
                0x08004e50                HAL_PCDEx_ActivateLPM
 .text.HAL_PCDEx_LPM_Callback
                0x08004e98       0x18 build/stm32h7xx_hal_pcd_ex.o
                0x08004e98                HAL_PCDEx_LPM_Callback
 .text.USB_CoreInit
                0x08004eb0       0xe4 build/stm32h7xx_ll_usb.o
                0x08004eb0                USB_CoreInit
 .text.USB_SetTurnaroundTime
                0x08004f94      0x144 build/stm32h7xx_ll_usb.o
                0x08004f94                USB_SetTurnaroundTime
 .text.USB_EnableGlobalInt
                0x080050d8       0x22 build/stm32h7xx_ll_usb.o
                0x080050d8                USB_EnableGlobalInt
 .text.USB_DisableGlobalInt
                0x080050fa       0x22 build/stm32h7xx_ll_usb.o
                0x080050fa                USB_DisableGlobalInt
 .text.USB_SetCurrentMode
                0x0800511c       0x98 build/stm32h7xx_ll_usb.o
                0x0800511c                USB_SetCurrentMode
 .text.USB_DevInit
                0x080051b4      0x2bc build/stm32h7xx_ll_usb.o
                0x080051b4                USB_DevInit
 .text.USB_FlushTxFifo
                0x08005470       0x64 build/stm32h7xx_ll_usb.o
                0x08005470                USB_FlushTxFifo
 .text.USB_FlushRxFifo
                0x080054d4       0x5c build/stm32h7xx_ll_usb.o
                0x080054d4                USB_FlushRxFifo
 .text.USB_SetDevSpeed
                0x08005530       0x32 build/stm32h7xx_ll_usb.o
                0x08005530                USB_SetDevSpeed
 .text.USB_GetDevSpeed
                0x08005562       0x4a build/stm32h7xx_ll_usb.o
                0x08005562                USB_GetDevSpeed
 .text.USB_ActivateEndpoint
                0x080055ac      0x110 build/stm32h7xx_ll_usb.o
                0x080055ac                USB_ActivateEndpoint
 .text.USB_DeactivateEndpoint
                0x080056bc      0x1b8 build/stm32h7xx_ll_usb.o
                0x080056bc                USB_DeactivateEndpoint
 .text.USB_EPStartXfer
                0x08005874      0x548 build/stm32h7xx_ll_usb.o
                0x08005874                USB_EPStartXfer
 .text.USB_EPStopXfer
                0x08005dbc      0x154 build/stm32h7xx_ll_usb.o
                0x08005dbc                USB_EPStopXfer
 .text.USB_WritePacket
                0x08005f10       0x7c build/stm32h7xx_ll_usb.o
                0x08005f10                USB_WritePacket
 .text.USB_ReadPacket
                0x08005f8c       0xb0 build/stm32h7xx_ll_usb.o
                0x08005f8c                USB_ReadPacket
 .text.USB_EPSetStall
                0x0800603c       0xdc build/stm32h7xx_ll_usb.o
                0x0800603c                USB_EPSetStall
 .text.USB_EPClearStall
                0x08006118       0xcc build/stm32h7xx_ll_usb.o
                0x08006118                USB_EPClearStall
 .text.USB_SetDevAddress
                0x080061e4       0x4c build/stm32h7xx_ll_usb.o
                0x080061e4                USB_SetDevAddress
 .text.USB_DevConnect
                0x08006230       0x42 build/stm32h7xx_ll_usb.o
                0x08006230                USB_DevConnect
 .text.USB_DevDisconnect
                0x08006272       0x42 build/stm32h7xx_ll_usb.o
                0x08006272                USB_DevDisconnect
 .text.USB_ReadInterrupts
                0x080062b4       0x26 build/stm32h7xx_ll_usb.o
                0x080062b4                USB_ReadInterrupts
 .text.USB_ReadDevAllOutEpInterrupt
                0x080062da       0x34 build/stm32h7xx_ll_usb.o
                0x080062da                USB_ReadDevAllOutEpInterrupt
 .text.USB_ReadDevAllInEpInterrupt
                0x0800630e       0x34 build/stm32h7xx_ll_usb.o
                0x0800630e                USB_ReadDevAllInEpInterrupt
 .text.USB_ReadDevOutEPInterrupt
                0x08006342       0x3c build/stm32h7xx_ll_usb.o
                0x08006342                USB_ReadDevOutEPInterrupt
 .text.USB_ReadDevInEPInterrupt
                0x0800637e       0x5c build/stm32h7xx_ll_usb.o
                0x0800637e                USB_ReadDevInEPInterrupt
 .text.USB_GetMode
                0x080063da       0x1c build/stm32h7xx_ll_usb.o
                0x080063da                USB_GetMode
 *fill*         0x080063f6        0x2 
 .text.USB_ActivateSetup
                0x080063f8       0x48 build/stm32h7xx_ll_usb.o
                0x080063f8                USB_ActivateSetup
 .text.USB_EP0_OutStart
                0x08006440       0xbc build/stm32h7xx_ll_usb.o
                0x08006440                USB_EP0_OutStart
 .text.USB_CoreReset
                0x080064fc       0x62 build/stm32h7xx_ll_usb.o
 *fill*         0x0800655e        0x2 
 .text.HAL_RCC_OscConfig
                0x08006560      0x7b4 build/stm32h7xx_hal_rcc.o
                0x08006560                HAL_RCC_OscConfig
 .text.HAL_RCC_ClockConfig
                0x08006d14      0x36c build/stm32h7xx_hal_rcc.o
                0x08006d14                HAL_RCC_ClockConfig
 .text.HAL_RCC_MCOConfig
                0x08007080       0xd4 build/stm32h7xx_hal_rcc.o
                0x08007080                HAL_RCC_MCOConfig
 .text.HAL_RCC_GetSysClockFreq
                0x08007154      0x2f4 build/stm32h7xx_hal_rcc.o
                0x08007154                HAL_RCC_GetSysClockFreq
 .text.HAL_RCC_GetHCLKFreq
                0x08007448       0x60 build/stm32h7xx_hal_rcc.o
                0x08007448                HAL_RCC_GetHCLKFreq
 .text.HAL_RCC_GetPCLK1Freq
                0x080074a8       0x2c build/stm32h7xx_hal_rcc.o
                0x080074a8                HAL_RCC_GetPCLK1Freq
 .text.HAL_RCC_GetPCLK2Freq
                0x080074d4       0x2c build/stm32h7xx_hal_rcc.o
                0x080074d4                HAL_RCC_GetPCLK2Freq
 .text.HAL_RCC_GetClockConfig
                0x08007500       0x84 build/stm32h7xx_hal_rcc.o
                0x08007500                HAL_RCC_GetClockConfig
 .text.HAL_RCCEx_PeriphCLKConfig
                0x08007584     0x1340 build/stm32h7xx_hal_rcc_ex.o
                0x08007584                HAL_RCCEx_PeriphCLKConfig
 .text.HAL_RCCEx_GetD3PCLK1Freq
                0x080088c4       0x2c build/stm32h7xx_hal_rcc_ex.o
                0x080088c4                HAL_RCCEx_GetD3PCLK1Freq
 .text.HAL_RCCEx_GetPLL2ClockFreq
                0x080088f0      0x2a8 build/stm32h7xx_hal_rcc_ex.o
                0x080088f0                HAL_RCCEx_GetPLL2ClockFreq
 .text.HAL_RCCEx_GetPLL3ClockFreq
                0x08008b98      0x2a8 build/stm32h7xx_hal_rcc_ex.o
                0x08008b98                HAL_RCCEx_GetPLL3ClockFreq
 .text.RCCEx_PLL2_Config
                0x08008e40      0x164 build/stm32h7xx_hal_rcc_ex.o
 .text.RCCEx_PLL3_Config
                0x08008fa4      0x164 build/stm32h7xx_hal_rcc_ex.o
 .text.HAL_GPIO_Init
                0x08009108      0x350 build/stm32h7xx_hal_gpio.o
                0x08009108                HAL_GPIO_Init
 .text.HAL_GPIO_DeInit
                0x08009458      0x204 build/stm32h7xx_hal_gpio.o
                0x08009458                HAL_GPIO_DeInit
 .text.HAL_GPIO_WritePin
                0x0800965c       0x32 build/stm32h7xx_hal_gpio.o
                0x0800965c                HAL_GPIO_WritePin
 *fill*         0x0800968e        0x2 
 .text.HAL_DMA_Init
                0x08009690      0x6b0 build/stm32h7xx_hal_dma.o
                0x08009690                HAL_DMA_Init
 .text.HAL_DMA_Start_IT
                0x08009d40      0x4d4 build/stm32h7xx_hal_dma.o
                0x08009d40                HAL_DMA_Start_IT
 .text.HAL_DMA_Abort
                0x0800a214      0x63c build/stm32h7xx_hal_dma.o
                0x0800a214                HAL_DMA_Abort
 .text.HAL_DMA_Abort_IT
                0x0800a850      0x48c build/stm32h7xx_hal_dma.o
                0x0800a850                HAL_DMA_Abort_IT
 .text.HAL_DMA_IRQHandler
                0x0800acdc      0xe54 build/stm32h7xx_hal_dma.o
                0x0800acdc                HAL_DMA_IRQHandler
 .text.DMA_SetConfig
                0x0800bb30      0x358 build/stm32h7xx_hal_dma.o
 .text.DMA_CalcBaseAndBitshift
                0x0800be88      0x164 build/stm32h7xx_hal_dma.o
 .text.DMA_CheckFifoParam
                0x0800bfec       0xf8 build/stm32h7xx_hal_dma.o
 .text.DMA_CalcDMAMUXChannelBaseAndMask
                0x0800c0e4      0x134 build/stm32h7xx_hal_dma.o
 .text.DMA_CalcDMAMUXRequestGenBaseAndMask
                0x0800c218       0xe8 build/stm32h7xx_hal_dma.o
 .text.HAL_PWREx_ConfigSupply
                0x0800c300       0x74 build/stm32h7xx_hal_pwr_ex.o
                0x0800c300                HAL_PWREx_ConfigSupply
 .text.HAL_PWREx_EnableUSBVoltageDetector
                0x0800c374       0x20 build/stm32h7xx_hal_pwr_ex.o
                0x0800c374                HAL_PWREx_EnableUSBVoltageDetector
 .text.__NVIC_SetPriorityGrouping
                0x0800c394       0x48 build/stm32h7xx_hal_cortex.o
 .text.__NVIC_GetPriorityGrouping
                0x0800c3dc       0x1c build/stm32h7xx_hal_cortex.o
 .text.__NVIC_EnableIRQ
                0x0800c3f8       0x3c build/stm32h7xx_hal_cortex.o
 .text.__NVIC_DisableIRQ
                0x0800c434       0x48 build/stm32h7xx_hal_cortex.o
 .text.__NVIC_SetPriority
                0x0800c47c       0x54 build/stm32h7xx_hal_cortex.o
 .text.NVIC_EncodePriority
                0x0800c4d0       0x66 build/stm32h7xx_hal_cortex.o
 .text.HAL_NVIC_SetPriorityGrouping
                0x0800c536       0x16 build/stm32h7xx_hal_cortex.o
                0x0800c536                HAL_NVIC_SetPriorityGrouping
 .text.HAL_NVIC_SetPriority
                0x0800c54c       0x34 build/stm32h7xx_hal_cortex.o
                0x0800c54c                HAL_NVIC_SetPriority
 .text.HAL_NVIC_EnableIRQ
                0x0800c580       0x1c build/stm32h7xx_hal_cortex.o
                0x0800c580                HAL_NVIC_EnableIRQ
 .text.HAL_NVIC_DisableIRQ
                0x0800c59c       0x1c build/stm32h7xx_hal_cortex.o
                0x0800c59c                HAL_NVIC_DisableIRQ
 .text.HAL_MPU_Disable
                0x0800c5b8       0x30 build/stm32h7xx_hal_cortex.o
                0x0800c5b8                HAL_MPU_Disable
 .text.HAL_MPU_Enable
                0x0800c5e8       0x40 build/stm32h7xx_hal_cortex.o
                0x0800c5e8                HAL_MPU_Enable
 .text.HAL_MPU_ConfigRegion
                0x0800c628       0x80 build/stm32h7xx_hal_cortex.o
                0x0800c628                HAL_MPU_ConfigRegion
 .text.HAL_Init
                0x0800c6a8       0x78 build/stm32h7xx_hal.o
                0x0800c6a8                HAL_Init
 .text.HAL_IncTick
                0x0800c720       0x28 build/stm32h7xx_hal.o
                0x0800c720                HAL_IncTick
 .text.HAL_GetTick
                0x0800c748       0x18 build/stm32h7xx_hal.o
                0x0800c748                HAL_GetTick
 .text.HAL_Delay
                0x0800c760       0x48 build/stm32h7xx_hal.o
                0x0800c760                HAL_Delay
 .text.HAL_SYSCFG_AnalogSwitchConfig
                0x0800c7a8       0x2c build/stm32h7xx_hal.o
                0x0800c7a8                HAL_SYSCFG_AnalogSwitchConfig
 .text.HAL_FDCAN_Init
                0x0800c7d4      0x3bc build/stm32h7xx_hal_fdcan.o
                0x0800c7d4                HAL_FDCAN_Init
 .text.HAL_FDCAN_DeInit
                0x0800cb90       0x48 build/stm32h7xx_hal_fdcan.o
                0x0800cb90                HAL_FDCAN_DeInit
 .text.HAL_FDCAN_ConfigFilter
                0x0800cbd8       0xec build/stm32h7xx_hal_fdcan.o
                0x0800cbd8                HAL_FDCAN_ConfigFilter
 .text.HAL_FDCAN_ConfigGlobalFilter
                0x0800ccc4       0x5a build/stm32h7xx_hal_fdcan.o
                0x0800ccc4                HAL_FDCAN_ConfigGlobalFilter
 .text.HAL_FDCAN_Start
                0x0800cd1e       0x56 build/stm32h7xx_hal_fdcan.o
                0x0800cd1e                HAL_FDCAN_Start
 .text.HAL_FDCAN_Stop
                0x0800cd74       0xee build/stm32h7xx_hal_fdcan.o
                0x0800cd74                HAL_FDCAN_Stop
 .text.HAL_FDCAN_AddMessageToTxFifoQ
                0x0800ce62       0xb6 build/stm32h7xx_hal_fdcan.o
                0x0800ce62                HAL_FDCAN_AddMessageToTxFifoQ
 .text.HAL_FDCAN_GetRxMessage
                0x0800cf18      0x2d8 build/stm32h7xx_hal_fdcan.o
                0x0800cf18                HAL_FDCAN_GetRxMessage
 .text.HAL_FDCAN_ActivateNotification
                0x0800d1f0       0xf4 build/stm32h7xx_hal_fdcan.o
                0x0800d1f0                HAL_FDCAN_ActivateNotification
 .text.HAL_FDCAN_IRQHandler
                0x0800d2e4      0x4bc build/stm32h7xx_hal_fdcan.o
                0x0800d2e4                HAL_FDCAN_IRQHandler
 .text.HAL_FDCAN_ClockCalibrationCallback
                0x0800d7a0       0x16 build/stm32h7xx_hal_fdcan.o
                0x0800d7a0                HAL_FDCAN_ClockCalibrationCallback
 .text.HAL_FDCAN_TxEventFifoCallback
                0x0800d7b6       0x16 build/stm32h7xx_hal_fdcan.o
                0x0800d7b6                HAL_FDCAN_TxEventFifoCallback
 .text.HAL_FDCAN_RxFifo1Callback
                0x0800d7cc       0x16 build/stm32h7xx_hal_fdcan.o
                0x0800d7cc                HAL_FDCAN_RxFifo1Callback
 .text.HAL_FDCAN_TxFifoEmptyCallback
                0x0800d7e2       0x14 build/stm32h7xx_hal_fdcan.o
                0x0800d7e2                HAL_FDCAN_TxFifoEmptyCallback
 .text.HAL_FDCAN_TxBufferCompleteCallback
                0x0800d7f6       0x16 build/stm32h7xx_hal_fdcan.o
                0x0800d7f6                HAL_FDCAN_TxBufferCompleteCallback
 .text.HAL_FDCAN_TxBufferAbortCallback
                0x0800d80c       0x16 build/stm32h7xx_hal_fdcan.o
                0x0800d80c                HAL_FDCAN_TxBufferAbortCallback
 .text.HAL_FDCAN_RxBufferNewMessageCallback
                0x0800d822       0x14 build/stm32h7xx_hal_fdcan.o
                0x0800d822                HAL_FDCAN_RxBufferNewMessageCallback
 .text.HAL_FDCAN_TimestampWraparoundCallback
                0x0800d836       0x14 build/stm32h7xx_hal_fdcan.o
                0x0800d836                HAL_FDCAN_TimestampWraparoundCallback
 .text.HAL_FDCAN_TimeoutOccurredCallback
                0x0800d84a       0x14 build/stm32h7xx_hal_fdcan.o
                0x0800d84a                HAL_FDCAN_TimeoutOccurredCallback
 .text.HAL_FDCAN_HighPriorityMessageCallback
                0x0800d85e       0x14 build/stm32h7xx_hal_fdcan.o
                0x0800d85e                HAL_FDCAN_HighPriorityMessageCallback
 .text.HAL_FDCAN_ErrorStatusCallback
                0x0800d872       0x16 build/stm32h7xx_hal_fdcan.o
                0x0800d872                HAL_FDCAN_ErrorStatusCallback
 .text.HAL_FDCAN_TT_ScheduleSyncCallback
                0x0800d888       0x16 build/stm32h7xx_hal_fdcan.o
                0x0800d888                HAL_FDCAN_TT_ScheduleSyncCallback
 .text.HAL_FDCAN_TT_TimeMarkCallback
                0x0800d89e       0x16 build/stm32h7xx_hal_fdcan.o
                0x0800d89e                HAL_FDCAN_TT_TimeMarkCallback
 .text.HAL_FDCAN_TT_StopWatchCallback
                0x0800d8b4       0x18 build/stm32h7xx_hal_fdcan.o
                0x0800d8b4                HAL_FDCAN_TT_StopWatchCallback
 .text.HAL_FDCAN_TT_GlobalTimeCallback
                0x0800d8cc       0x16 build/stm32h7xx_hal_fdcan.o
                0x0800d8cc                HAL_FDCAN_TT_GlobalTimeCallback
 *fill*         0x0800d8e2        0x2 
 .text.FDCAN_CalcultateRamBlockAddresses
                0x0800d8e4      0x30c build/stm32h7xx_hal_fdcan.o
 .text.FDCAN_CopyMessageToRAM
                0x0800dbf0       0xfc build/stm32h7xx_hal_fdcan.o
 .text.HAL_OSPI_Init
                0x0800dcec      0x178 build/stm32h7xx_hal_ospi.o
                0x0800dcec                HAL_OSPI_Init
 .text.HAL_OSPI_SetTimeout
                0x0800de64       0x1e build/stm32h7xx_hal_ospi.o
                0x0800de64                HAL_OSPI_SetTimeout
 *fill*         0x0800de82        0x2 
 .text.HAL_OSPIM_Config
                0x0800de84      0x9d8 build/stm32h7xx_hal_ospi.o
                0x0800de84                HAL_OSPIM_Config
 .text.OSPI_WaitFlagStateUntilTimeout
                0x0800e85c       0x6e build/stm32h7xx_hal_ospi.o
 *fill*         0x0800e8ca        0x2 
 .text.OSPIM_GetConfig
                0x0800e8cc      0x174 build/stm32h7xx_hal_ospi.o
 .text.HAL_SPI_Init
                0x0800ea40      0x248 build/stm32h7xx_hal_spi.o
                0x0800ea40                HAL_SPI_Init
 .text.HAL_SPI_Transmit
                0x0800ec88      0x3dc build/stm32h7xx_hal_spi.o
                0x0800ec88                HAL_SPI_Transmit
 .text.HAL_SPI_TransmitReceive
                0x0800f064      0x674 build/stm32h7xx_hal_spi.o
                0x0800f064                HAL_SPI_TransmitReceive
 .text.HAL_SPI_IRQHandler
                0x0800f6d8      0x39c build/stm32h7xx_hal_spi.o
                0x0800f6d8                HAL_SPI_IRQHandler
 .text.HAL_SPI_TxCpltCallback
                0x0800fa74       0x14 build/stm32h7xx_hal_spi.o
                0x0800fa74                HAL_SPI_TxCpltCallback
 .text.HAL_SPI_RxCpltCallback
                0x0800fa88       0x14 build/stm32h7xx_hal_spi.o
                0x0800fa88                HAL_SPI_RxCpltCallback
 .text.HAL_SPI_TxRxCpltCallback
                0x0800fa9c       0x14 build/stm32h7xx_hal_spi.o
                0x0800fa9c                HAL_SPI_TxRxCpltCallback
 .text.HAL_SPI_ErrorCallback
                0x0800fab0       0x14 build/stm32h7xx_hal_spi.o
                0x0800fab0                HAL_SPI_ErrorCallback
 .text.HAL_SPI_SuspendCallback
                0x0800fac4       0x14 build/stm32h7xx_hal_spi.o
                0x0800fac4                HAL_SPI_SuspendCallback
 .text.SPI_DMAAbortOnError
                0x0800fad8       0x34 build/stm32h7xx_hal_spi.o
 .text.SPI_CloseTransfer
                0x0800fb0c      0x140 build/stm32h7xx_hal_spi.o
 .text.SPI_WaitOnFlagUntilTimeout
                0x0800fc4c       0x5c build/stm32h7xx_hal_spi.o
 .text.SPI_GetPacketSize
                0x0800fca8       0x36 build/stm32h7xx_hal_spi.o
 .text.HAL_TIM_Base_Init
                0x0800fcde       0xae build/stm32h7xx_hal_tim.o
                0x0800fcde                HAL_TIM_Base_Init
 .text.HAL_TIM_Base_Start
                0x0800fd8c       0xfc build/stm32h7xx_hal_tim.o
                0x0800fd8c                HAL_TIM_Base_Start
 .text.HAL_TIM_Base_Start_IT
                0x0800fe88      0x10c build/stm32h7xx_hal_tim.o
                0x0800fe88                HAL_TIM_Base_Start_IT
 .text.HAL_TIM_PWM_Init
                0x0800ff94       0xae build/stm32h7xx_hal_tim.o
                0x0800ff94                HAL_TIM_PWM_Init
 *fill*         0x08010042        0x2 
 .text.HAL_TIM_PWM_Start
                0x08010044      0x238 build/stm32h7xx_hal_tim.o
                0x08010044                HAL_TIM_PWM_Start
 .text.HAL_TIM_IRQHandler
                0x0801027c      0x20e build/stm32h7xx_hal_tim.o
                0x0801027c                HAL_TIM_IRQHandler
 *fill*         0x0801048a        0x2 
 .text.HAL_TIM_PWM_ConfigChannel
                0x0801048c      0x228 build/stm32h7xx_hal_tim.o
                0x0801048c                HAL_TIM_PWM_ConfigChannel
 .text.HAL_TIM_ConfigClockSource
                0x080106b4      0x1f0 build/stm32h7xx_hal_tim.o
                0x080106b4                HAL_TIM_ConfigClockSource
 .text.HAL_TIM_OC_DelayElapsedCallback
                0x080108a4       0x14 build/stm32h7xx_hal_tim.o
                0x080108a4                HAL_TIM_OC_DelayElapsedCallback
 .text.HAL_TIM_IC_CaptureCallback
                0x080108b8       0x14 build/stm32h7xx_hal_tim.o
                0x080108b8                HAL_TIM_IC_CaptureCallback
 .text.HAL_TIM_PWM_PulseFinishedCallback
                0x080108cc       0x14 build/stm32h7xx_hal_tim.o
                0x080108cc                HAL_TIM_PWM_PulseFinishedCallback
 .text.HAL_TIM_TriggerCallback
                0x080108e0       0x14 build/stm32h7xx_hal_tim.o
                0x080108e0                HAL_TIM_TriggerCallback
 .text.TIM_Base_SetConfig
                0x080108f4      0x158 build/stm32h7xx_hal_tim.o
                0x080108f4                TIM_Base_SetConfig
 .text.TIM_OC1_SetConfig
                0x08010a4c      0x120 build/stm32h7xx_hal_tim.o
 .text.TIM_OC2_SetConfig
                0x08010b6c      0x114 build/stm32h7xx_hal_tim.o
                0x08010b6c                TIM_OC2_SetConfig
 .text.TIM_OC3_SetConfig
                0x08010c80      0x110 build/stm32h7xx_hal_tim.o
 .text.TIM_OC4_SetConfig
                0x08010d90       0xd4 build/stm32h7xx_hal_tim.o
 .text.TIM_OC5_SetConfig
                0x08010e64       0xc8 build/stm32h7xx_hal_tim.o
 .text.TIM_OC6_SetConfig
                0x08010f2c       0xcc build/stm32h7xx_hal_tim.o
 .text.TIM_TI1_ConfigInputStage
                0x08010ff8       0x5e build/stm32h7xx_hal_tim.o
 .text.TIM_TI2_ConfigInputStage
                0x08011056       0x60 build/stm32h7xx_hal_tim.o
 *fill*         0x080110b6        0x2 
 .text.TIM_ITRx_SetConfig
                0x080110b8       0x3c build/stm32h7xx_hal_tim.o
 .text.TIM_ETR_SetConfig
                0x080110f4       0x40 build/stm32h7xx_hal_tim.o
                0x080110f4                TIM_ETR_SetConfig
 .text.TIM_CCxChannelCmd
                0x08011134       0x4a build/stm32h7xx_hal_tim.o
                0x08011134                TIM_CCxChannelCmd
 *fill*         0x0801117e        0x2 
 .text.HAL_TIMEx_MasterConfigSynchronization
                0x08011180      0x138 build/stm32h7xx_hal_tim_ex.o
                0x08011180                HAL_TIMEx_MasterConfigSynchronization
 .text.HAL_TIMEx_ConfigBreakDeadTime
                0x080112b8      0x118 build/stm32h7xx_hal_tim_ex.o
                0x080112b8                HAL_TIMEx_ConfigBreakDeadTime
 .text.HAL_TIMEx_CommutCallback
                0x080113d0       0x14 build/stm32h7xx_hal_tim_ex.o
                0x080113d0                HAL_TIMEx_CommutCallback
 .text.HAL_TIMEx_BreakCallback
                0x080113e4       0x14 build/stm32h7xx_hal_tim_ex.o
                0x080113e4                HAL_TIMEx_BreakCallback
 .text.HAL_TIMEx_Break2Callback
                0x080113f8       0x14 build/stm32h7xx_hal_tim_ex.o
                0x080113f8                HAL_TIMEx_Break2Callback
 .text.HAL_UART_Init
                0x0801140c       0xa0 build/stm32h7xx_hal_uart.o
                0x0801140c                HAL_UART_Init
 .text.HAL_UART_Transmit
                0x080114ac      0x11c build/stm32h7xx_hal_uart.o
                0x080114ac                HAL_UART_Transmit
 .text.HAL_UART_Transmit_DMA
                0x080115c8      0x100 build/stm32h7xx_hal_uart.o
                0x080115c8                HAL_UART_Transmit_DMA
 .text.HAL_UART_IRQHandler
                0x080116c8      0x7ac build/stm32h7xx_hal_uart.o
                0x080116c8                HAL_UART_IRQHandler
 .text.HAL_UART_TxCpltCallback
                0x08011e74       0x14 build/stm32h7xx_hal_uart.o
                0x08011e74                HAL_UART_TxCpltCallback
 .text.HAL_UART_TxHalfCpltCallback
                0x08011e88       0x14 build/stm32h7xx_hal_uart.o
                0x08011e88                HAL_UART_TxHalfCpltCallback
 .text.HAL_UART_RxHalfCpltCallback
                0x08011e9c       0x14 build/stm32h7xx_hal_uart.o
                0x08011e9c                HAL_UART_RxHalfCpltCallback
 .text.UART_SetConfig
                0x08011eb0      0xcd8 build/stm32h7xx_hal_uart.o
                0x08011eb0                UART_SetConfig
 .text.UART_AdvFeatureConfig
                0x08012b88      0x144 build/stm32h7xx_hal_uart.o
                0x08012b88                UART_AdvFeatureConfig
 .text.UART_CheckIdleState
                0x08012ccc      0x154 build/stm32h7xx_hal_uart.o
                0x08012ccc                UART_CheckIdleState
 .text.UART_WaitOnFlagUntilTimeout
                0x08012e20       0xda build/stm32h7xx_hal_uart.o
                0x08012e20                UART_WaitOnFlagUntilTimeout
 *fill*         0x08012efa        0x2 
 .text.UART_Start_Receive_DMA
                0x08012efc      0x14c build/stm32h7xx_hal_uart.o
                0x08012efc                UART_Start_Receive_DMA
 .text.UART_EndTxTransfer
                0x08013048       0x82 build/stm32h7xx_hal_uart.o
 *fill*         0x080130ca        0x2 
 .text.UART_EndRxTransfer
                0x080130cc       0xcc build/stm32h7xx_hal_uart.o
 .text.UART_DMATransmitCplt
                0x08013198       0x96 build/stm32h7xx_hal_uart.o
 .text.UART_DMATxHalfCplt
                0x0801322e       0x1c build/stm32h7xx_hal_uart.o
 .text.UART_DMAReceiveCplt
                0x0801324a      0x128 build/stm32h7xx_hal_uart.o
 .text.UART_DMARxHalfCplt
                0x08013372       0x3e build/stm32h7xx_hal_uart.o
 .text.UART_DMAError
                0x080133b0       0x80 build/stm32h7xx_hal_uart.o
 .text.UART_DMAAbortOnError
                0x08013430       0x24 build/stm32h7xx_hal_uart.o
 .text.UART_EndTransmit_IT
                0x08013454       0x56 build/stm32h7xx_hal_uart.o
 *fill*         0x080134aa        0x2 
 .text.HAL_RS485Ex_Init
                0x080134ac       0xd4 build/stm32h7xx_hal_uart_ex.o
                0x080134ac                HAL_RS485Ex_Init
 .text.HAL_UARTEx_WakeupCallback
                0x08013580       0x14 build/stm32h7xx_hal_uart_ex.o
                0x08013580                HAL_UARTEx_WakeupCallback
 .text.HAL_UARTEx_RxFifoFullCallback
                0x08013594       0x14 build/stm32h7xx_hal_uart_ex.o
                0x08013594                HAL_UARTEx_RxFifoFullCallback
 .text.HAL_UARTEx_TxFifoEmptyCallback
                0x080135a8       0x14 build/stm32h7xx_hal_uart_ex.o
                0x080135a8                HAL_UARTEx_TxFifoEmptyCallback
 .text.HAL_UARTEx_DisableFifoMode
                0x080135bc       0x72 build/stm32h7xx_hal_uart_ex.o
                0x080135bc                HAL_UARTEx_DisableFifoMode
 .text.HAL_UARTEx_SetTxFifoThreshold
                0x0801362e       0x7c build/stm32h7xx_hal_uart_ex.o
                0x0801362e                HAL_UARTEx_SetTxFifoThreshold
 .text.HAL_UARTEx_SetRxFifoThreshold
                0x080136aa       0x7c build/stm32h7xx_hal_uart_ex.o
                0x080136aa                HAL_UARTEx_SetRxFifoThreshold
 .text.HAL_UARTEx_ReceiveToIdle_DMA
                0x08013726       0xa8 build/stm32h7xx_hal_uart_ex.o
                0x08013726                HAL_UARTEx_ReceiveToIdle_DMA
 *fill*         0x080137ce        0x2 
 .text.UARTEx_SetNbDataToProcess
                0x080137d0       0x9c build/stm32h7xx_hal_uart_ex.o
 .text.HAL_IWDG_Init
                0x0801386c       0xa2 build/stm32h7xx_hal_iwdg.o
                0x0801386c                HAL_IWDG_Init
 .text.HAL_IWDG_Refresh
                0x0801390e       0x20 build/stm32h7xx_hal_iwdg.o
                0x0801390e                HAL_IWDG_Refresh
 *fill*         0x0801392e        0x2 
 .text.SystemInit
                0x08013930       0xf0 build/system_stm32h7xx.o
                0x08013930                SystemInit
 .text.USBD_Init
                0x08013a20       0x60 build/usbd_core.o
                0x08013a20                USBD_Init
 .text.USBD_RegisterClass
                0x08013a80       0x6c build/usbd_core.o
                0x08013a80                USBD_RegisterClass
 .text.USBD_Start
                0x08013aec       0x18 build/usbd_core.o
                0x08013aec                USBD_Start
 .text.USBD_RunTestMode
                0x08013b04       0x16 build/usbd_core.o
                0x08013b04                USBD_RunTestMode
 .text.USBD_SetClassConfig
                0x08013b1a       0x38 build/usbd_core.o
                0x08013b1a                USBD_SetClassConfig
 .text.USBD_ClrClassConfig
                0x08013b52       0x34 build/usbd_core.o
                0x08013b52                USBD_ClrClassConfig
 .text.USBD_LL_SetupStage
                0x08013b86       0xaa build/usbd_core.o
                0x08013b86                USBD_LL_SetupStage
 .text.USBD_LL_DataOutStage
                0x08013c30      0x166 build/usbd_core.o
                0x08013c30                USBD_LL_DataOutStage
 .text.USBD_LL_DataInStage
                0x08013d96      0x164 build/usbd_core.o
                0x08013d96                USBD_LL_DataInStage
 .text.USBD_LL_Reset
                0x08013efa       0xa4 build/usbd_core.o
                0x08013efa                USBD_LL_Reset
 .text.USBD_LL_SetSpeed
                0x08013f9e       0x20 build/usbd_core.o
                0x08013f9e                USBD_LL_SetSpeed
 .text.USBD_LL_Suspend
                0x08013fbe       0x38 build/usbd_core.o
                0x08013fbe                USBD_LL_Suspend
 .text.USBD_LL_Resume
                0x08013ff6       0x30 build/usbd_core.o
                0x08013ff6                USBD_LL_Resume
 .text.USBD_LL_SOF
                0x08014026       0x40 build/usbd_core.o
                0x08014026                USBD_LL_SOF
 .text.USBD_LL_IsoINIncomplete
                0x08014066       0x64 build/usbd_core.o
                0x08014066                USBD_LL_IsoINIncomplete
 .text.USBD_LL_IsoOUTIncomplete
                0x080140ca       0x64 build/usbd_core.o
                0x080140ca                USBD_LL_IsoOUTIncomplete
 .text.USBD_LL_DevConnected
                0x0801412e       0x16 build/usbd_core.o
                0x0801412e                USBD_LL_DevConnected
 .text.USBD_LL_DevDisconnected
                0x08014144       0x46 build/usbd_core.o
                0x08014144                USBD_LL_DevDisconnected
 .text.USBD_CoreFindIF
                0x0801418a       0x1a build/usbd_core.o
                0x0801418a                USBD_CoreFindIF
 .text.USBD_CoreFindEP
                0x080141a4       0x1a build/usbd_core.o
                0x080141a4                USBD_CoreFindEP
 .text.USBD_GetEpDesc
                0x080141be       0x70 build/usbd_core.o
                0x080141be                USBD_GetEpDesc
 .text.USBD_GetNextDesc
                0x0801422e       0x38 build/usbd_core.o
                0x0801422e                USBD_GetNextDesc
 .text.SWAPBYTE
                0x08014266       0x3e build/usbd_ctlreq.o
 .text.USBD_StdDevReq
                0x080142a4       0xe4 build/usbd_ctlreq.o
                0x080142a4                USBD_StdDevReq
 .text.USBD_StdItfReq
                0x08014388       0xd8 build/usbd_ctlreq.o
                0x08014388                USBD_StdItfReq
 .text.USBD_StdEPReq
                0x08014460      0x33a build/usbd_ctlreq.o
                0x08014460                USBD_StdEPReq
 *fill*         0x0801479a        0x2 
 .text.USBD_GetDescriptor
                0x0801479c      0x328 build/usbd_ctlreq.o
 .text.USBD_SetAddress
                0x08014ac4       0x88 build/usbd_ctlreq.o
 .text.USBD_SetConfig
                0x08014b4c      0x154 build/usbd_ctlreq.o
 .text.USBD_GetConfig
                0x08014ca0       0x6c build/usbd_ctlreq.o
 .text.USBD_GetStatus
                0x08014d0c       0x68 build/usbd_ctlreq.o
 .text.USBD_SetFeature
                0x08014d74       0x52 build/usbd_ctlreq.o
 .text.USBD_ClrFeature
                0x08014dc6       0x44 build/usbd_ctlreq.o
 .text.USBD_ParseSetupRequest
                0x08014e0a       0x74 build/usbd_ctlreq.o
                0x08014e0a                USBD_ParseSetupRequest
 .text.USBD_CtlError
                0x08014e7e       0x22 build/usbd_ctlreq.o
                0x08014e7e                USBD_CtlError
 .text.USBD_GetString
                0x08014ea0       0xa4 build/usbd_ctlreq.o
                0x08014ea0                USBD_GetString
 .text.USBD_GetLen
                0x08014f44       0x34 build/usbd_ctlreq.o
 .text.USBD_CtlSendData
                0x08014f78       0x36 build/usbd_ioreq.o
                0x08014f78                USBD_CtlSendData
 .text.USBD_CtlContinueSendData
                0x08014fae       0x22 build/usbd_ioreq.o
                0x08014fae                USBD_CtlContinueSendData
 .text.USBD_CtlPrepareRx
                0x08014fd0       0x3a build/usbd_ioreq.o
                0x08014fd0                USBD_CtlPrepareRx
 .text.USBD_CtlContinueRx
                0x0801500a       0x22 build/usbd_ioreq.o
                0x0801500a                USBD_CtlContinueRx
 .text.USBD_CtlSendStatus
                0x0801502c       0x26 build/usbd_ioreq.o
                0x0801502c                USBD_CtlSendStatus
 .text.USBD_CtlReceiveStatus
                0x08015052       0x26 build/usbd_ioreq.o
                0x08015052                USBD_CtlReceiveStatus
 .text.USBD_CDC_Init
                0x08015078      0x1f0 build/usbd_cdc.o
 .text.USBD_CDC_DeInit
                0x08015268      0x104 build/usbd_cdc.o
 .text.USBD_CDC_Setup
                0x0801536c      0x1b8 build/usbd_cdc.o
 .text.USBD_CDC_DataIn
                0x08015524       0xfe build/usbd_cdc.o
 .text.USBD_CDC_DataOut
                0x08015622       0x70 build/usbd_cdc.o
 .text.USBD_CDC_EP0_RxReady
                0x08015692       0x74 build/usbd_cdc.o
 *fill*         0x08015706        0x2 
 .text.USBD_CDC_GetFSCfgDesc
                0x08015708       0x70 build/usbd_cdc.o
 .text.USBD_CDC_GetHSCfgDesc
                0x08015778       0x70 build/usbd_cdc.o
 .text.USBD_CDC_GetOtherSpeedCfgDesc
                0x080157e8       0x70 build/usbd_cdc.o
 .text.USBD_CDC_GetDeviceQualifierDescriptor
                0x08015858       0x20 build/usbd_cdc.o
                0x08015858                USBD_CDC_GetDeviceQualifierDescriptor
 .text.USBD_CDC_RegisterInterface
                0x08015878       0x34 build/usbd_cdc.o
                0x08015878                USBD_CDC_RegisterInterface
 .text.USBD_CDC_SetTxBuffer
                0x080158ac       0x44 build/usbd_cdc.o
                0x080158ac                USBD_CDC_SetTxBuffer
 .text.USBD_CDC_SetRxBuffer
                0x080158f0       0x3a build/usbd_cdc.o
                0x080158f0                USBD_CDC_SetRxBuffer
 *fill*         0x0801592a        0x2 
 .text.USBD_CDC_TransmitPacket
                0x0801592c       0x80 build/usbd_cdc.o
                0x0801592c                USBD_CDC_TransmitPacket
 .text.USBD_CDC_ReceivePacket
                0x080159ac       0x6c build/usbd_cdc.o
                0x080159ac                USBD_CDC_ReceivePacket
 .text.vApplicationIdleHook
                0x08015a18        0xe build/freertos.o
                0x08015a18                vApplicationIdleHook
 *fill*         0x08015a26        0x2 
 .text.MX_FREERTOS_Init
                0x08015a28       0xcc build/freertos.o
                0x08015a28                MX_FREERTOS_Init
 .text.Remote_control_Task
                0x08015af4       0x26 build/freertos.o
                0x08015af4                Remote_control_Task
 .text.Gimbal_Task
                0x08015b1a       0x10 build/freertos.o
                0x08015b1a                Gimbal_Task
 .text.Chassis_Task
                0x08015b2a       0x1a build/freertos.o
                0x08015b2a                Chassis_Task
 .text.Motor_control_Task
                0x08015b44       0x34 build/freertos.o
                0x08015b44                Motor_control_Task
 .text.Shoot_Task
                0x08015b78       0x30 build/freertos.o
                0x08015b78                Shoot_Task
 .text.Referee_Task
                0x08015ba8       0x58 build/freertos.o
                0x08015ba8                Referee_Task
 .text.Log_and_debug_Task
                0x08015c00       0x70 build/freertos.o
                0x08015c00                Log_and_debug_Task
 .text.vListInitialise
                0x08015c70       0x40 build/list.o
                0x08015c70                vListInitialise
 .text.vListInitialiseItem
                0x08015cb0       0x1a build/list.o
                0x08015cb0                vListInitialiseItem
 .text.vListInsertEnd
                0x08015cca       0x48 build/list.o
                0x08015cca                vListInsertEnd
 .text.vListInsert
                0x08015d12       0x72 build/list.o
                0x08015d12                vListInsert
 .text.uxListRemove
                0x08015d84       0x54 build/list.o
                0x08015d84                uxListRemove
 .text.xQueueGenericReset
                0x08015dd8       0xd4 build/queue.o
                0x08015dd8                xQueueGenericReset
 .text.xQueueGenericCreateStatic
                0x08015eac       0xfa build/queue.o
                0x08015eac                xQueueGenericCreateStatic
 .text.prvInitialiseNewQueue
                0x08015fa6       0x46 build/queue.o
 .text.xQueueGenericSend
                0x08015fec      0x204 build/queue.o
                0x08015fec                xQueueGenericSend
 .text.xQueueGenericSendFromISR
                0x080161f0      0x13c build/queue.o
                0x080161f0                xQueueGenericSendFromISR
 .text.xQueueReceive
                0x0801632c      0x1c4 build/queue.o
                0x0801632c                xQueueReceive
 .text.prvCopyDataToQueue
                0x080164f0       0xd4 build/queue.o
 .text.prvCopyDataFromQueue
                0x080165c4       0x4c build/queue.o
 .text.prvUnlockQueue
                0x08016610       0xa4 build/queue.o
 .text.prvIsQueueEmpty
                0x080166b4       0x2c build/queue.o
 .text.prvIsQueueFull
                0x080166e0       0x30 build/queue.o
 .text.vQueueAddToRegistry
                0x08016710       0x54 build/queue.o
                0x08016710                vQueueAddToRegistry
 .text.vQueueWaitForMessageRestricted
                0x08016764       0x68 build/queue.o
                0x08016764                vQueueWaitForMessageRestricted
 .text.xTaskCreateStatic
                0x080167cc       0xc0 build/tasks.o
                0x080167cc                xTaskCreateStatic
 .text.xTaskCreate
                0x0801688c       0x8a build/tasks.o
                0x0801688c                xTaskCreate
 .text.prvInitialiseNewTask
                0x08016916      0x120 build/tasks.o
 *fill*         0x08016a36        0x2 
 .text.prvAddNewTaskToReadyList
                0x08016a38       0xe0 build/tasks.o
 .text.vTaskDelay
                0x08016b18       0x6c build/tasks.o
                0x08016b18                vTaskDelay
 .text.vTaskStartScheduler
                0x08016b84       0xd0 build/tasks.o
                0x08016b84                vTaskStartScheduler
 .text.vTaskSuspendAll
                0x08016c54       0x1c build/tasks.o
                0x08016c54                vTaskSuspendAll
 .text.xTaskResumeAll
                0x08016c70      0x13c build/tasks.o
                0x08016c70                xTaskResumeAll
 .text.xTaskGetTickCount
                0x08016dac       0x20 build/tasks.o
                0x08016dac                xTaskGetTickCount
 .text.xTaskIncrementTick
                0x08016dcc      0x174 build/tasks.o
                0x08016dcc                xTaskIncrementTick
 .text.vTaskSwitchContext
                0x08016f40       0xbc build/tasks.o
                0x08016f40                vTaskSwitchContext
 .text.vTaskPlaceOnEventList
                0x08016ffc       0x4c build/tasks.o
                0x08016ffc                vTaskPlaceOnEventList
 .text.vTaskPlaceOnEventListRestricted
                0x08017048       0x58 build/tasks.o
                0x08017048                vTaskPlaceOnEventListRestricted
 .text.xTaskRemoveFromEventList
                0x080170a0       0xc8 build/tasks.o
                0x080170a0                xTaskRemoveFromEventList
 .text.vTaskInternalSetTimeOutState
                0x08017168       0x2c build/tasks.o
                0x08017168                vTaskInternalSetTimeOutState
 .text.xTaskCheckForTimeOut
                0x08017194       0xc8 build/tasks.o
                0x08017194                xTaskCheckForTimeOut
 .text.vTaskMissedYield
                0x0801725c       0x18 build/tasks.o
                0x0801725c                vTaskMissedYield
 .text.prvIdleTask
                0x08017274       0x34 build/tasks.o
 .text.prvInitialiseTaskLists
                0x080172a8       0x80 build/tasks.o
 .text.prvCheckTasksWaitingTermination
                0x08017328       0x5c build/tasks.o
 .text.prvDeleteTCB
                0x08017384       0x60 build/tasks.o
 .text.prvResetNextTaskUnblockTime
                0x080173e4       0x40 build/tasks.o
 .text.xTaskGetSchedulerState
                0x08017424       0x3c build/tasks.o
                0x08017424                xTaskGetSchedulerState
 .text.xTaskPriorityDisinherit
                0x08017460       0xe0 build/tasks.o
                0x08017460                xTaskPriorityDisinherit
 .text.prvAddCurrentTaskToDelayedList
                0x08017540       0xa8 build/tasks.o
 .text.xTimerCreateTimerTask
                0x080175e8       0x94 build/timers.o
                0x080175e8                xTimerCreateTimerTask
 .text.xTimerGenericCommand
                0x0801767c       0x9c build/timers.o
                0x0801767c                xTimerGenericCommand
 .text.prvProcessExpiredTimer
                0x08017718       0x9c build/timers.o
 .text.prvTimerTask
                0x080177b4       0x26 build/timers.o
 *fill*         0x080177da        0x2 
 .text.prvProcessTimerOrBlockTask
                0x080177dc       0x9c build/timers.o
 .text.prvGetNextExpireTime
                0x08017878       0x48 build/timers.o
 .text.prvSampleTimeNow
                0x080178c0       0x40 build/timers.o
 .text.prvInsertTimerInActiveList
                0x08017900       0x84 build/timers.o
 .text.prvProcessReceivedCommands
                0x08017984      0x1cc build/timers.o
 .text.prvSwitchTimerLists
                0x08017b50       0xcc build/timers.o
 .text.prvCheckForValidListAndQueue
                0x08017c1c       0x80 build/timers.o
 .text.__NVIC_SetPriority
                0x08017c9c       0x54 build/cmsis_os2.o
 .text.SysTick_Handler
                0x08017cf0       0x20 build/cmsis_os2.o
                0x08017cf0                SysTick_Handler
 .text.SVC_Setup
                0x08017d10       0x12 build/cmsis_os2.o
 *fill*         0x08017d22        0x2 
 .text.osKernelInitialize
                0x08017d24       0x48 build/cmsis_os2.o
                0x08017d24                osKernelInitialize
 .text.osKernelStart
                0x08017d6c       0x4c build/cmsis_os2.o
                0x08017d6c                osKernelStart
 .text.osThreadNew
                0x08017db8      0x124 build/cmsis_os2.o
                0x08017db8                osThreadNew
 .text.osDelay  0x08017edc       0x36 build/cmsis_os2.o
                0x08017edc                osDelay
 *fill*         0x08017f12        0x2 
 .text.vApplicationGetIdleTaskMemory
                0x08017f14       0x34 build/cmsis_os2.o
                0x08017f14                vApplicationGetIdleTaskMemory
 .text.vApplicationGetTimerTaskMemory
                0x08017f48       0x34 build/cmsis_os2.o
                0x08017f48                vApplicationGetTimerTaskMemory
 .text.pvPortMalloc
                0x08017f7c      0x19c build/heap_4.o
                0x08017f7c                pvPortMalloc
 .text.vPortFree
                0x08018118       0xc8 build/heap_4.o
                0x08018118                vPortFree
 .text.prvHeapInit
                0x080181e0       0xc4 build/heap_4.o
 .text.prvInsertBlockIntoFreeList
                0x080182a4       0xb4 build/heap_4.o
 .text.pxPortInitialiseStack
                0x08018358       0x68 build/port.o
                0x08018358                pxPortInitialiseStack
 .text.prvTaskExitError
                0x080183c0       0x5c build/port.o
 *fill*         0x0801841c        0x4 
 .text.SVC_Handler
                0x08018420       0x28 build/port.o
                0x08018420                SVC_Handler
 .text.prvPortStartFirstTask
                0x08018448       0x28 build/port.o
 .text.xPortStartScheduler
                0x08018470      0x148 build/port.o
                0x08018470                xPortStartScheduler
 .text.vPortEnterCritical
                0x080185b8       0x64 build/port.o
                0x080185b8                vPortEnterCritical
 .text.vPortExitCritical
                0x0801861c       0x54 build/port.o
                0x0801861c                vPortExitCritical
 .text.PendSV_Handler
                0x08018670       0x68 build/port.o
                0x08018670                PendSV_Handler
 .text.xPortSysTickHandler
                0x080186d8       0x44 build/port.o
                0x080186d8                xPortSysTickHandler
 .text.vPortSetupTimerInterrupt
                0x0801871c       0x48 build/port.o
                0x0801871c                vPortSetupTimerInterrupt
 .text.vPortEnableVFP
                0x08018764       0x14 build/port.o
 .text.vPortValidateInterruptPriority
                0x08018778       0x84 build/port.o
                0x08018778                vPortValidateInterruptPriority
 .text._sbrk    0x080187fc       0x6c build/sysmem.o
                0x080187fc                _sbrk
 .text._read    0x08018868       0x3a build/syscalls.o
                0x08018868                _read
 .text._write   0x080188a2       0x38 build/syscalls.o
                0x080188a2                _write
 .text._close   0x080188da       0x18 build/syscalls.o
                0x080188da                _close
 .text._fstat   0x080188f2       0x20 build/syscalls.o
                0x080188f2                _fstat
 .text._isatty  0x08018912       0x16 build/syscalls.o
                0x08018912                _isatty
 .text._lseek   0x08018928       0x1a build/syscalls.o
                0x08018928                _lseek
 *fill*         0x08018942        0x2 
 .text.MX_GPIO_Init
                0x08018944      0x194 build/gpio.o
                0x08018944                MX_GPIO_Init
 .text.MX_DMA_Init
                0x08018ad8      0x120 build/dma.o
                0x08018ad8                MX_DMA_Init
 .text.MX_FDCAN1_Init
                0x08018bf8       0xc8 build/fdcan.o
                0x08018bf8                MX_FDCAN1_Init
 .text.MX_FDCAN2_Init
                0x08018cc0       0xcc build/fdcan.o
                0x08018cc0                MX_FDCAN2_Init
 .text.MX_FDCAN3_Init
                0x08018d8c       0xcc build/fdcan.o
                0x08018d8c                MX_FDCAN3_Init
 .text.HAL_FDCAN_MspInit
                0x08018e58      0x2b0 build/fdcan.o
                0x08018e58                HAL_FDCAN_MspInit
 .text.HAL_FDCAN_MspDeInit
                0x08019108       0xf4 build/fdcan.o
                0x08019108                HAL_FDCAN_MspDeInit
 .text.MX_OCTOSPI2_Init
                0x080191fc       0xc0 build/octospi.o
                0x080191fc                MX_OCTOSPI2_Init
 .text.HAL_OSPI_MspInit
                0x080192bc      0x22c build/octospi.o
                0x080192bc                HAL_OSPI_MspInit
 .text.MX_SPI2_Init
                0x080194e8       0xb0 build/spi.o
                0x080194e8                MX_SPI2_Init
 .text.MX_SPI6_Init
                0x08019598       0xb4 build/spi.o
                0x08019598                MX_SPI6_Init
 .text.HAL_SPI_MspInit
                0x0801964c      0x2c0 build/spi.o
                0x0801964c                HAL_SPI_MspInit
 .text.MX_TIM1_Init
                0x0801990c      0x13c build/tim.o
                0x0801990c                MX_TIM1_Init
 .text.MX_TIM3_Init
                0x08019a48       0xb4 build/tim.o
                0x08019a48                MX_TIM3_Init
 .text.MX_TIM12_Init
                0x08019afc       0xec build/tim.o
                0x08019afc                MX_TIM12_Init
 .text.MX_TIM13_Init
                0x08019be8       0x48 build/tim.o
                0x08019be8                MX_TIM13_Init
 .text.MX_TIM14_Init
                0x08019c30       0x48 build/tim.o
                0x08019c30                MX_TIM14_Init
 .text.HAL_TIM_PWM_MspInit
                0x08019c78       0x74 build/tim.o
                0x08019c78                HAL_TIM_PWM_MspInit
 .text.HAL_TIM_Base_MspInit
                0x08019cec       0xcc build/tim.o
                0x08019cec                HAL_TIM_Base_MspInit
 .text.HAL_TIM_MspPostInit
                0x08019db8      0x118 build/tim.o
                0x08019db8                HAL_TIM_MspPostInit
 .text.MX_UART5_Init
                0x08019ed0       0xa0 build/usart.o
                0x08019ed0                MX_UART5_Init
 .text.MX_UART7_Init
                0x08019f70       0x98 build/usart.o
                0x08019f70                MX_UART7_Init
 .text.MX_USART1_UART_Init
                0x0801a008       0x98 build/usart.o
                0x0801a008                MX_USART1_UART_Init
 .text.MX_USART2_UART_Init
                0x0801a0a0       0xa0 build/usart.o
                0x0801a0a0                MX_USART2_UART_Init
 .text.MX_USART3_UART_Init
                0x0801a140       0xa0 build/usart.o
                0x0801a140                MX_USART3_UART_Init
 .text.MX_USART10_UART_Init
                0x0801a1e0       0x98 build/usart.o
                0x0801a1e0                MX_USART10_UART_Init
 .text.HAL_UART_MspInit
                0x0801a278      0xb08 build/usart.o
                0x0801a278                HAL_UART_MspInit
 .text.BMI088_init
                0x0801ad80       0x38 build/BMI088driver.o
                0x0801ad80                BMI088_init
 .text.bmi088_accel_init
                0x0801adb8      0x170 build/BMI088driver.o
                0x0801adb8                bmi088_accel_init
 .text.bmi088_gyro_init
                0x0801af28      0x130 build/BMI088driver.o
                0x0801af28                bmi088_gyro_init
 .text.BMI088_read
                0x0801b058      0x1d4 build/BMI088driver.o
                0x0801b058                BMI088_read
 .text.BMI088_write_single_reg
                0x0801b22c       0x28 build/BMI088driver.o
 .text.BMI088_read_single_reg
                0x0801b254       0x30 build/BMI088driver.o
 .text.BMI088_read_muli_reg
                0x0801b284       0x4a build/BMI088driver.o
 .text.BMI088_GPIO_init
                0x0801b2ce        0xe build/BMI088Middleware.o
                0x0801b2ce                BMI088_GPIO_init
 .text.BMI088_com_init
                0x0801b2dc        0xe build/BMI088Middleware.o
                0x0801b2dc                BMI088_com_init
 .text.BMI088_delay_ms
                0x0801b2ea       0x28 build/BMI088Middleware.o
                0x0801b2ea                BMI088_delay_ms
 *fill*         0x0801b312        0x2 
 .text.BMI088_delay_us
                0x0801b314       0x28 build/BMI088Middleware.o
                0x0801b314                BMI088_delay_us
 .text.BMI088_ACCEL_NS_L
                0x0801b33c       0x18 build/BMI088Middleware.o
                0x0801b33c                BMI088_ACCEL_NS_L
 .text.BMI088_ACCEL_NS_H
                0x0801b354       0x18 build/BMI088Middleware.o
                0x0801b354                BMI088_ACCEL_NS_H
 .text.BMI088_GYRO_NS_L
                0x0801b36c       0x18 build/BMI088Middleware.o
                0x0801b36c                BMI088_GYRO_NS_L
 .text.BMI088_GYRO_NS_H
                0x0801b384       0x18 build/BMI088Middleware.o
                0x0801b384                BMI088_GYRO_NS_H
 .text.BMI088_read_write_byte
                0x0801b39c       0x2c build/BMI088Middleware.o
                0x0801b39c                BMI088_read_write_byte
 .text.WS2812_Ctrl
                0x0801b3c8       0xf4 build/ws2812.o
                0x0801b3c8                WS2812_Ctrl
 .text.calc_crc8
                0x0801b4bc       0x44 build/ui_interface.o
                0x0801b4bc                calc_crc8
 .text.calc_crc16
                0x0801b500       0x5c build/ui_interface.o
                0x0801b500                calc_crc16
 .text.ui_proc_1_frame
                0x0801b55c       0x9c build/ui_interface.o
                0x0801b55c                ui_proc_1_frame
 .text.ui_proc_5_frame
                0x0801b5f8       0xa0 build/ui_interface.o
                0x0801b5f8                ui_proc_5_frame
 .text._ui_init_Omni_Chassis_high_0
                0x0801b698      0x438 build/ui_Omni_Chassis_high_0.o
                0x0801b698                _ui_init_Omni_Chassis_high_0
 .text._ui_update_Omni_Chassis_high_0
                0x0801bad0       0x54 build/ui_Omni_Chassis_high_0.o
                0x0801bad0                _ui_update_Omni_Chassis_high_0
 .text._ui_init_Omni_Shoot_Low_0
                0x0801bb24      0x3bc build/ui_Omni_Shoot_Low_0.o
                0x0801bb24                _ui_init_Omni_Shoot_Low_0
 .text._ui_update_Omni_Shoot_Low_0
                0x0801bee0       0x54 build/ui_Omni_Shoot_Low_0.o
                0x0801bee0                _ui_update_Omni_Shoot_Low_0
 .text._ui_remove_Omni_Shoot_static_0
                0x0801bf34       0x54 build/ui_Omni_Shoot_static_0.o
                0x0801bf34                _ui_remove_Omni_Shoot_static_0
 .text.AHRS_get_height
                0x0801bf88       0x22 build/AHRS_middleware.o
                0x0801bf88                AHRS_get_height
 *fill*         0x0801bfaa        0x2 
 .text.AHRS_get_latitude
                0x0801bfac       0x24 build/AHRS_middleware.o
                0x0801bfac                AHRS_get_latitude
 .text.AHRS_invSqrt
                0x0801bfd0       0x2c build/AHRS_middleware.o
                0x0801bfd0                AHRS_invSqrt
 .text.AHRS_sinf
                0x0801bffc       0x2c build/AHRS_middleware.o
                0x0801bffc                AHRS_sinf
 .text.AHRS_cosf
                0x0801c028       0x2c build/AHRS_middleware.o
                0x0801c028                AHRS_cosf
 .text.AHRS_asinf
                0x0801c054       0x20 build/AHRS_middleware.o
                0x0801c054                AHRS_asinf
 .text.AHRS_atan2f
                0x0801c074       0x28 build/AHRS_middleware.o
                0x0801c074                AHRS_atan2f
 .text.get_CRC8_check_sum
                0x0801c09c       0x44 build/CRC8_CRC16.o
                0x0801c09c                get_CRC8_check_sum
 .text.verify_CRC8_check_sum
                0x0801c0e0       0x4e build/CRC8_CRC16.o
                0x0801c0e0                verify_CRC8_check_sum
 *fill*         0x0801c12e        0x2 
 .text.get_CRC16_check_sum
                0x0801c130       0x58 build/CRC8_CRC16.o
                0x0801c130                get_CRC16_check_sum
 .text.verify_CRC16_check_sum
                0x0801c188       0x6c build/CRC8_CRC16.o
                0x0801c188                verify_CRC16_check_sum
 .text.fifo_s_init
                0x0801c1f4       0x44 build/fifo.o
                0x0801c1f4                fifo_s_init
 .text.fifo_s_puts
                0x0801c238       0xfa build/fifo.o
                0x0801c238                fifo_s_puts
 .text.fifo_s_get
                0x0801c332       0x6a build/fifo.o
                0x0801c332                fifo_s_get
 .text.fifo_s_gets
                0x0801c39c       0xfa build/fifo.o
                0x0801c39c                fifo_s_gets
 .text.fifo_s_used
                0x0801c496       0x18 build/fifo.o
                0x0801c496                fifo_s_used
 .text.pid_set  0x0801c4ae       0x46 build/pid.o
                0x0801c4ae                pid_set
 .text.pid_cal  0x0801c4f4      0x160 build/pid.o
                0x0801c4f4                pid_cal
 .text.RampGenerator_SetTarget
                0x0801c654       0x1e build/ramp_generator.o
                0x0801c654                RampGenerator_SetTarget
 *fill*         0x0801c672        0x2 
 .text.RampGenerator_SetAccel
                0x0801c674       0x30 build/ramp_generator.o
                0x0801c674                RampGenerator_SetAccel
 .text.uart_init
                0x0801c6a4       0xa0 build/UART_data_txrx.o
                0x0801c6a4                uart_init
 .text.UART_DMA_rxtx_start
                0x0801c744      0x18c build/UART_data_txrx.o
                0x0801c744                UART_DMA_rxtx_start
 .text.UART_send_data
                0x0801c8d0       0x2a build/UART_data_txrx.o
                0x0801c8d0                UART_send_data
 *fill*         0x0801c8fa        0x2 
 .text.HAL_UARTEx_RxEventCallback
                0x0801c8fc      0x85c build/UART_data_txrx.o
                0x0801c8fc                HAL_UARTEx_RxEventCallback
 .text.HAL_UART_RxCpltCallback
                0x0801d158       0x14 build/UART_data_txrx.o
                0x0801d158                HAL_UART_RxCpltCallback
 .text.HAL_UART_ErrorCallback
                0x0801d16c      0x558 build/UART_data_txrx.o
                0x0801d16c                HAL_UART_ErrorCallback
 .text.can_init
                0x0801d6c4       0xb0 build/CAN_receive_send.o
                0x0801d6c4                can_init
 .text.HAL_FDCAN_RxFifo0Callback
                0x0801d774       0x50 build/CAN_receive_send.o
                0x0801d774                HAL_FDCAN_RxFifo0Callback
 .text.HAL_FDCAN_ErrorCallback
                0x0801d7c4       0x66 build/CAN_receive_send.o
                0x0801d7c4                HAL_FDCAN_ErrorCallback
 .text.Get_sys_time_ms
                0x0801d82a        0xe build/Stm32_time.o
                0x0801d82a                Get_sys_time_ms
 .text.DJIMotor_init
                0x0801d838       0x74 build/motor.o
                0x0801d838                DJIMotor_init
 .text.DJIMotor_setzero
                0x0801d8ac       0x78 build/motor.o
                0x0801d8ac                DJIMotor_setzero
 .text.DJIMotor_set
                0x0801d924       0x6c build/motor.o
                0x0801d924                DJIMotor_set
 .text.DJIMotor_get_data
                0x0801d990       0x7c build/motor.o
                0x0801d990                DJIMotor_get_data
 .text.DJIMotor_get_process_motor_data
                0x0801da0c      0x328 build/motor.o
                0x0801da0c                DJIMotor_get_process_motor_data
 .text.DJIMotor_decode_candata
                0x0801dd34       0xa0 build/motor.o
                0x0801dd34                DJIMotor_decode_candata
 .text.DJIMotor_send_current
                0x0801ddd4      0x3e0 build/motor.o
                0x0801ddd4                DJIMotor_send_current
 .text.Supercup_decode_candata
                0x0801e1b4       0x3c build/supercup.o
                0x0801e1b4                Supercup_decode_candata
 .text.Supercup_send_data
                0x0801e1f0       0x88 build/supercup.o
                0x0801e1f0                Supercup_send_data
 .text.IMU_init
                0x0801e278       0xb8 build/IMU_updata.o
                0x0801e278                IMU_init
 .text.IMU_updata
                0x0801e330      0x25c build/IMU_updata.o
                0x0801e330                IMU_updata
 .text.IMU_heat_set
                0x0801e58c       0x24 build/IMU_updata.o
                0x0801e58c                IMU_heat_set
 .text.imu_temp_control
                0x0801e5b0       0x64 build/IMU_updata.o
 .text.update_sbus
                0x0801e614      0x31e build/DT7.o
                0x0801e614                update_sbus
 .text.hexToRGB
                0x0801e932       0x36 build/LED.o
                0x0801e932                hexToRGB
 .text.LEDshowcolor
                0x0801e968       0x2e build/LED.o
                0x0801e968                LEDshowcolor
 *fill*         0x0801e996        0x2 
 .text.referee_struct_init
                0x0801e998       0xdc build/referee_system.o
 .text.required_Data
                0x0801ea74       0x88 build/referee_system.o
 .text.referee_data_solve
                0x0801eafc      0x274 build/referee_system.o
 .text.Refree_system_init
                0x0801ed70       0x34 build/referee_system.o
                0x0801ed70                Refree_system_init
 .text.Referee_unpack_fifo_data
                0x0801eda4      0x254 build/referee_system.o
                0x0801eda4                Referee_unpack_fifo_data
 .text.Buzzer_init
                0x0801eff8       0x24 build/buzzer.o
                0x0801eff8                Buzzer_init
 .text.Wait     0x0801f01c       0x4c build/remote_control.o
                0x0801f01c                Wait
 .text.DT7toRCdata
                0x0801f068       0xe4 build/remote_control.o
                0x0801f068                DT7toRCdata
 .text.RC_control
                0x0801f14c       0x90 build/remote_control.o
                0x0801f14c                RC_control
 .text.Keyboard_mouse_control
                0x0801f1dc      0x230 build/remote_control.o
                0x0801f1dc                Keyboard_mouse_control
 .text.GPIO_init
                0x0801f40c       0x80 build/remote_control.o
                0x0801f40c                GPIO_init
 .text.PWM_control_init
                0x0801f48c       0x30 build/remote_control.o
                0x0801f48c                PWM_control_init
 .text.switch_servos
                0x0801f4bc       0xe4 build/remote_control.o
                0x0801f4bc                switch_servos
 .text.Chassis_init
                0x0801f5a0       0xd8 build/Chassis.o